Component: ARM Compiler 5.06 update 6 (build 750) Tool: armlink [4d35ed]

==============================================================================

Section Cross References

    main.o(.text) refers to hw2.o(.text) for initialize_serial_debug
    main.o(.text) refers to lcd.o(.text) for lcd_config_gpio
    main.o(.text) refers to atoi.o(.text) for atoi
    main.o(.text) refers to main.o(.data) for CURRENT_X_POS
    main.o(.text) refers to hw2_images.o(.constdata) for space_shipBitmaps
    main.o(.data) refers to main.o(.conststring) for .conststring
    lcd.o(.text) refers to lcd.o(i.lcd_write_data_u16) for lcd_write_data_u16
    lcd.o(.text) refers to gpio_port.o(.text) for gpio_enable_port
    startup_tm4c123.o(RESET) refers to startup_tm4c123.o(STACK) for __initial_sp
    startup_tm4c123.o(RESET) refers to startup_tm4c123.o(.text) for Reset_Handler
    startup_tm4c123.o(.text) refers to system_tm4c123.o(.text) for SystemInit
    startup_tm4c123.o(.text) refers to entry.o(.ARM.Collect$$$$00000000) for __main
    system_tm4c123.o(.text) refers to system_tm4c123.o(.data) for SystemCoreClock
    entry.o(.ARM.Collect$$$$00000000) refers (Special) to entry10a.o(.ARM.Collect$$$$0000000D) for __rt_final_cpp
    entry.o(.ARM.Collect$$$$00000000) refers (Special) to entry11a.o(.ARM.Collect$$$$0000000F) for __rt_final_exit
    entry.o(.ARM.Collect$$$$00000000) refers (Special) to entry7b.o(.ARM.Collect$$$$00000008) for _main_clock
    entry.o(.ARM.Collect$$$$00000000) refers (Special) to entry8b.o(.ARM.Collect$$$$0000000A) for _main_cpp_init
    entry.o(.ARM.Collect$$$$00000000) refers (Special) to entry9a.o(.ARM.Collect$$$$0000000B) for _main_init
    entry.o(.ARM.Collect$$$$00000000) refers (Special) to entry5.o(.ARM.Collect$$$$00000004) for _main_scatterload
    entry.o(.ARM.Collect$$$$00000000) refers (Special) to entry2.o(.ARM.Collect$$$$00000001) for _main_stk
    atoi.o(.text) refers to errno.o(i.__aeabi_errno_addr) for __aeabi_errno_addr
    atoi.o(.text) refers to strtol.o(.text) for strtol
    entry2.o(.ARM.Collect$$$$00000001) refers to entry2.o(.ARM.Collect$$$$00002712) for __lit__00000000
    entry2.o(.ARM.Collect$$$$00002712) refers to startup_tm4c123.o(STACK) for __initial_sp
    entry2.o(__vectab_stack_and_reset_area) refers to startup_tm4c123.o(STACK) for __initial_sp
    entry2.o(__vectab_stack_and_reset_area) refers to entry.o(.ARM.Collect$$$$00000000) for __main
    entry5.o(.ARM.Collect$$$$00000004) refers to init.o(.text) for __scatterload
    entry9a.o(.ARM.Collect$$$$0000000B) refers to main.o(.text) for main
    entry9b.o(.ARM.Collect$$$$0000000C) refers to main.o(.text) for main
    errno.o(i.__aeabi_errno_addr) refers to errno.o(.data) for .data
    errno.o(i.__read_errno) refers to errno.o(.data) for .data
    errno.o(i.__set_errno) refers to errno.o(.data) for .data
    strtol.o(.text) refers to ctype_o.o(.text) for __rt_ctype_table
    strtol.o(.text) refers to _strtoul.o(.text) for _strtoul
    strtol.o(.text) refers to errno.o(i.__aeabi_errno_addr) for __aeabi_errno_addr
    init.o(.text) refers to entry5.o(.ARM.Collect$$$$00000004) for __main_after_scatterload
    ctype_o.o(.text) refers to ctype_o.o(.constdata) for .constdata
    ctype_o.o(.constdata) refers to ctype_o.o(.constdata) for __ctype_table
    isalnum_o.o(.text) refers to ctype_o.o(.text) for __rt_ctype_table
    isalpha_o.o(.text) refers to ctype_o.o(.text) for __rt_ctype_table
    isblank_o.o(.text) refers to ctype_o.o(.constdata) for __ctype_table
    iscntrl_o.o(.text) refers to ctype_o.o(.text) for __rt_ctype_table
    isdigit_o.o(.text) refers to ctype_o.o(.text) for __rt_ctype_table
    isgraph_o.o(.text) refers to ctype_o.o(.text) for __rt_ctype_table
    islower_o.o(.text) refers to ctype_o.o(.text) for __rt_ctype_table
    isprint_o.o(.text) refers to ctype_o.o(.text) for __rt_ctype_table
    ispunct_o.o(.text) refers to ctype_o.o(.text) for __rt_ctype_table
    isspace_o.o(.text) refers to ctype_o.o(.text) for __rt_ctype_table
    isupper_o.o(.text) refers to ctype_o.o(.text) for __rt_ctype_table
    isxdigit_o.o(.text) refers to ctype_o.o(.text) for __rt_ctype_table
    _strtoul.o(.text) refers to _chval.o(.text) for _chval
    _strtoul.o(.text) refers to errno.o(i.__aeabi_errno_addr) for __aeabi_errno_addr


==============================================================================

Removing Unused input sections from the image.

    Removing main.o(.rev16_text), (4 bytes).
    Removing main.o(.revsh_text), (4 bytes).
    Removing main.o(.rrx_text), (6 bytes).
    Removing gpio_port.o(.rev16_text), (4 bytes).
    Removing gpio_port.o(.revsh_text), (4 bytes).
    Removing gpio_port.o(.rrx_text), (6 bytes).
    Removing lcd.o(.rev16_text), (4 bytes).
    Removing lcd.o(.revsh_text), (4 bytes).
    Removing lcd.o(.rrx_text), (6 bytes).
    Removing startup_tm4c123.o(HEAP), (0 bytes).
    Removing system_tm4c123.o(.rev16_text), (4 bytes).
    Removing system_tm4c123.o(.revsh_text), (4 bytes).
    Removing system_tm4c123.o(.rrx_text), (6 bytes).
    Removing hw2.o(.rev16_text), (4 bytes).
    Removing hw2.o(.revsh_text), (4 bytes).
    Removing hw2.o(.rrx_text), (6 bytes).

16 unused section(s) (total 70 bytes) removed from the image.

==============================================================================

Image Symbol Table

    Local Symbols

    Symbol Name                              Value     Ov Type        Size  Object(Section)

    RESET                                    0x00000000   Section      620  startup_tm4c123.o(RESET)
    ../clib/microlib/ctype/ctype.c           0x00000000   Number         0  isalpha_o.o ABSOLUTE
    ../clib/microlib/ctype/ctype.c           0x00000000   Number         0  iscntrl_o.o ABSOLUTE
    ../clib/microlib/ctype/ctype.c           0x00000000   Number         0  isalnum_o.o ABSOLUTE
    ../clib/microlib/ctype/ctype.c           0x00000000   Number         0  ispunct_o.o ABSOLUTE
    ../clib/microlib/ctype/ctype.c           0x00000000   Number         0  ctype_o.o ABSOLUTE
    ../clib/microlib/ctype/ctype.c           0x00000000   Number         0  islower_o.o ABSOLUTE
    ../clib/microlib/ctype/ctype.c           0x00000000   Number         0  isprint_o.o ABSOLUTE
    ../clib/microlib/ctype/ctype.c           0x00000000   Number         0  isgraph_o.o ABSOLUTE
    ../clib/microlib/ctype/ctype.c           0x00000000   Number         0  isdigit_o.o ABSOLUTE
    ../clib/microlib/ctype/ctype.c           0x00000000   Number         0  isblank_o.o ABSOLUTE
    ../clib/microlib/ctype/ctype.c           0x00000000   Number         0  isspace_o.o ABSOLUTE
    ../clib/microlib/ctype/ctype.c           0x00000000   Number         0  isupper_o.o ABSOLUTE
    ../clib/microlib/ctype/ctype.c           0x00000000   Number         0  isxdigit_o.o ABSOLUTE
    ../clib/microlib/errno.c                 0x00000000   Number         0  errno.o ABSOLUTE
    ../clib/microlib/init/entry.s            0x00000000   Number         0  entry2.o ABSOLUTE
    ../clib/microlib/init/entry.s            0x00000000   Number         0  entry11b.o ABSOLUTE
    ../clib/microlib/init/entry.s            0x00000000   Number         0  entry7b.o ABSOLUTE
    ../clib/microlib/init/entry.s            0x00000000   Number         0  entry10b.o ABSOLUTE
    ../clib/microlib/init/entry.s            0x00000000   Number         0  entry.o ABSOLUTE
    ../clib/microlib/init/entry.s            0x00000000   Number         0  entry8a.o ABSOLUTE
    ../clib/microlib/init/entry.s            0x00000000   Number         0  entry10a.o ABSOLUTE
    ../clib/microlib/init/entry.s            0x00000000   Number         0  entry9b.o ABSOLUTE
    ../clib/microlib/init/entry.s            0x00000000   Number         0  entry8b.o ABSOLUTE
    ../clib/microlib/init/entry.s            0x00000000   Number         0  entry9a.o ABSOLUTE
    ../clib/microlib/init/entry.s            0x00000000   Number         0  entry7a.o ABSOLUTE
    ../clib/microlib/init/entry.s            0x00000000   Number         0  entry5.o ABSOLUTE
    ../clib/microlib/init/entry.s            0x00000000   Number         0  entry11a.o ABSOLUTE
    ../clib/scanf.c                          0x00000000   Number         0  strtol.o ABSOLUTE
    ../clib/scanf.c                          0x00000000   Number         0  atoi.o ABSOLUTE
    ../clib/scanf.c                          0x00000000   Number         0  _strtoul.o ABSOLUTE
    ../clib/scanf.c                          0x00000000   Number         0  _chval.o ABSOLUTE
    ..\\drivers\\c\\gpio_port.c              0x00000000   Number         0  gpio_port.o ABSOLUTE
    ..\\peripherals\\c\\lcd.c                0x00000000   Number         0  lcd.o ABSOLUTE
    ..\drivers\c\gpio_port.c                 0x00000000   Number         0  gpio_port.o ABSOLUTE
    ..\peripherals\c\lcd.c                   0x00000000   Number         0  lcd.o ABSOLUTE
    RTE\Device\TM4C123GH6PM\startup_TM4C123.s 0x00000000   Number         0  startup_tm4c123.o ABSOLUTE
    RTE\Device\TM4C123GH6PM\system_TM4C123.c 0x00000000   Number         0  system_tm4c123.o ABSOLUTE
    RTE\\Device\\TM4C123GH6PM\\system_TM4C123.c 0x00000000   Number         0  system_tm4c123.o ABSOLUTE
    dc.s                                     0x00000000   Number         0  dc.o ABSOLUTE
    handlers.s                               0x00000000   Number         0  handlers.o ABSOLUTE
    hw2.c                                    0x00000000   Number         0  hw2.o ABSOLUTE
    hw2.c                                    0x00000000   Number         0  hw2.o ABSOLUTE
    hw2_images.c                             0x00000000   Number         0  hw2_images.o ABSOLUTE
    init.s                                   0x00000000   Number         0  init.o ABSOLUTE
    main.c                                   0x00000000   Number         0  main.o ABSOLUTE
    main.c                                   0x00000000   Number         0  main.o ABSOLUTE
    .ARM.Collect$$$$00000000                 0x0000026c   Section        0  entry.o(.ARM.Collect$$$$00000000)
    .ARM.Collect$$$$00000001                 0x0000026c   Section        4  entry2.o(.ARM.Collect$$$$00000001)
    .ARM.Collect$$$$00000004                 0x00000270   Section        4  entry5.o(.ARM.Collect$$$$00000004)
    .ARM.Collect$$$$00000008                 0x00000274   Section        0  entry7b.o(.ARM.Collect$$$$00000008)
    .ARM.Collect$$$$0000000A                 0x00000274   Section        0  entry8b.o(.ARM.Collect$$$$0000000A)
    .ARM.Collect$$$$0000000B                 0x00000274   Section        8  entry9a.o(.ARM.Collect$$$$0000000B)
    .ARM.Collect$$$$0000000D                 0x0000027c   Section        0  entry10a.o(.ARM.Collect$$$$0000000D)
    .ARM.Collect$$$$0000000F                 0x0000027c   Section        0  entry11a.o(.ARM.Collect$$$$0000000F)
    .ARM.Collect$$$$00002712                 0x0000027c   Section        4  entry2.o(.ARM.Collect$$$$00002712)
    __lit__00000000                          0x0000027c   Data           4  entry2.o(.ARM.Collect$$$$00002712)
    .text                                    0x00000280   Section        0  main.o(.text)
    .text                                    0x000004bc   Section        0  gpio_port.o(.text)
    verify_base_addr                         0x000004bd   Thumb Code    64  gpio_port.o(.text)
    .text                                    0x00000744   Section        0  lcd.o(.text)
    delayms                                  0x00000745   Thumb Code    26  lcd.o(.text)
    lcd_write_cmd_u8                         0x0000075f   Thumb Code    40  lcd.o(.text)
    lcd_write_data_u8                        0x00000787   Thumb Code    28  lcd.o(.text)
    .text                                    0x00000bd8   Section      252  startup_tm4c123.o(.text)
    $v0                                      0x00000bd8   Number         0  startup_tm4c123.o(.text)
    .text                                    0x00000cd4   Section        0  system_tm4c123.o(.text)
    getOscClk                                0x00000cd5   Thumb Code   182  system_tm4c123.o(.text)
    .text                                    0x00000f20   Section        0  hw2.o(.text)
    .text                                    0x00001070   Section        0  atoi.o(.text)
    .text                                    0x0000108a   Section        0  strtol.o(.text)
    .text                                    0x000010fc   Section       36  init.o(.text)
    .text                                    0x00001120   Section        0  ctype_o.o(.text)
    .text                                    0x00001128   Section        0  _strtoul.o(.text)
    .text                                    0x000011c6   Section        0  _chval.o(.text)
    i.__aeabi_errno_addr                     0x000011e4   Section        0  errno.o(i.__aeabi_errno_addr)
    i.__scatterload_copy                     0x000011ec   Section       14  handlers.o(i.__scatterload_copy)
    i.__scatterload_null                     0x000011fa   Section        2  handlers.o(i.__scatterload_null)
    i.__scatterload_zeroinit                 0x000011fc   Section       14  handlers.o(i.__scatterload_zeroinit)
    i.lcd_write_data_u16                     0x0000120c   Section        0  lcd.o(i.lcd_write_data_u16)
    .constdata                               0x00001248   Section      254  hw2_images.o(.constdata)
    .constdata                               0x00001346   Section      129  ctype_o.o(.constdata)
    .constdata                               0x000013c8   Section        4  ctype_o.o(.constdata)
    table                                    0x000013c8   Data           4  ctype_o.o(.constdata)
    .conststring                             0x000013cc   Section       88  main.o(.conststring)
    .data                                    0x20000000   Section       60  main.o(.data)
    CURRENT_X_POS                            0x20000000   Data           4  main.o(.data)
    CURRENT_Y_POS                            0x20000004   Data           4  main.o(.data)
    STOP_PERIOD                              0x20000008   Data           4  main.o(.data)
    .data                                    0x2000003c   Section        4  system_tm4c123.o(.data)
    .data                                    0x20000040   Section        4  errno.o(.data)
    _errno                                   0x20000040   Data           4  errno.o(.data)
    STACK                                    0x20000048   Section      512  startup_tm4c123.o(STACK)

    Global Symbols

    Symbol Name                              Value     Ov Type        Size  Object(Section)

    BuildAttributes$$THM_ISAv4$E$P$D$K$B$S$7EM$VFPi3$EXTD16$VFPS$VFMA$PE$A:L22UL41UL21$X:L11$S22US41US21$IEEE1$IW$USESV6$~STKCKD$USESV7$~SHL$OSPACE$EBA8$MICROLIB$REQ8$PRES8$EABIv2 0x00000000   Number         0  anon$$obj.o ABSOLUTE
    __ARM_use_no_argv                        0x00000000   Number         0  main.o ABSOLUTE
    __Vectors                                0x00000000   Data           4  startup_tm4c123.o(RESET)
    __cpp_initialize__aeabi_                  - Undefined Weak Reference
    __cxa_finalize                            - Undefined Weak Reference
    __decompress                              - Undefined Weak Reference
    _clock_init                               - Undefined Weak Reference
    _microlib_exit                            - Undefined Weak Reference
    __Vectors_End                            0x0000026c   Data           0  startup_tm4c123.o(RESET)
    __Vectors_Size                           0x0000026c   Number         0  startup_tm4c123.o ABSOLUTE
    __main                                   0x0000026d   Thumb Code     0  entry.o(.ARM.Collect$$$$00000000)
    _main_stk                                0x0000026d   Thumb Code     0  entry2.o(.ARM.Collect$$$$00000001)
    _main_scatterload                        0x00000271   Thumb Code     0  entry5.o(.ARM.Collect$$$$00000004)
    __main_after_scatterload                 0x00000275   Thumb Code     0  entry5.o(.ARM.Collect$$$$00000004)
    _main_clock                              0x00000275   Thumb Code     0  entry7b.o(.ARM.Collect$$$$00000008)
    _main_cpp_init                           0x00000275   Thumb Code     0  entry8b.o(.ARM.Collect$$$$0000000A)
    _main_init                               0x00000275   Thumb Code     0  entry9a.o(.ARM.Collect$$$$0000000B)
    __rt_final_cpp                           0x0000027d   Thumb Code     0  entry10a.o(.ARM.Collect$$$$0000000D)
    __rt_final_exit                          0x0000027d   Thumb Code     0  entry11a.o(.ARM.Collect$$$$0000000F)
    init_hardware                            0x00000281   Thumb Code    22  main.o(.text)
    rerender_space_ship                      0x00000297   Thumb Code   216  main.o(.text)
    command_parser                           0x0000036f   Thumb Code   164  main.o(.text)
    main                                     0x00000413   Thumb Code    66  main.o(.text)
    gpio_get_irq_num                         0x000004fd   Thumb Code    74  gpio_port.o(.text)
    gpio_enable_port                         0x00000547   Thumb Code   156  gpio_port.o(.text)
    gpio_config_digital_enable               0x000005e3   Thumb Code    34  gpio_port.o(.text)
    gpio_config_enable_output                0x00000605   Thumb Code    34  gpio_port.o(.text)
    gpio_config_enable_input                 0x00000627   Thumb Code    34  gpio_port.o(.text)
    gpio_config_enable_pullup                0x00000649   Thumb Code    34  gpio_port.o(.text)
    gpio_config_enable_pulldown              0x0000066b   Thumb Code    34  gpio_port.o(.text)
    gpio_config_analog_enable                0x0000068d   Thumb Code    34  gpio_port.o(.text)
    gpio_config_alternate_function           0x000006af   Thumb Code    34  gpio_port.o(.text)
    gpio_config_port_control                 0x000006d1   Thumb Code    44  gpio_port.o(.text)
    gpio_config_open_drain                   0x000006fd   Thumb Code    34  gpio_port.o(.text)
    gpio_config_falling_edge_irq             0x0000071f   Thumb Code     6  gpio_port.o(.text)
    lcd_set_pos                              0x000007a3   Thumb Code    58  lcd.o(.text)
    lcd_clear_screen                         0x000007dd   Thumb Code    52  lcd.o(.text)
    lcd_draw_image                           0x00000811   Thumb Code   242  lcd.o(.text)
    lcd_config_gpio                          0x00000903   Thumb Code   152  lcd.o(.text)
    lcd_config_screen                        0x0000099b   Thumb Code   568  lcd.o(.text)
    Reset_Handler                            0x00000bd9   Thumb Code     8  startup_tm4c123.o(.text)
    NMI_Handler                              0x00000be1   Thumb Code     2  startup_tm4c123.o(.text)
    HardFault_Handler                        0x00000be3   Thumb Code     2  startup_tm4c123.o(.text)
    MemManage_Handler                        0x00000be5   Thumb Code     2  startup_tm4c123.o(.text)
    BusFault_Handler                         0x00000be7   Thumb Code     2  startup_tm4c123.o(.text)
    UsageFault_Handler                       0x00000be9   Thumb Code     2  startup_tm4c123.o(.text)
    SVC_Handler                              0x00000beb   Thumb Code     2  startup_tm4c123.o(.text)
    DebugMon_Handler                         0x00000bed   Thumb Code     2  startup_tm4c123.o(.text)
    PendSV_Handler                           0x00000bef   Thumb Code     2  startup_tm4c123.o(.text)
    SysTick_Handler                          0x00000bf1   Thumb Code     2  startup_tm4c123.o(.text)
    GPIOA_Handler                            0x00000bf3   Thumb Code     2  startup_tm4c123.o(.text)
    GPIOB_Handler                            0x00000bf5   Thumb Code     2  startup_tm4c123.o(.text)
    GPIOC_Handler                            0x00000bf7   Thumb Code     2  startup_tm4c123.o(.text)
    GPIOD_Handler                            0x00000bf9   Thumb Code     2  startup_tm4c123.o(.text)
    GPIOE_Handler                            0x00000bfb   Thumb Code     2  startup_tm4c123.o(.text)
    UART0_Handler                            0x00000bfd   Thumb Code     2  startup_tm4c123.o(.text)
    UART1_Handler                            0x00000bff   Thumb Code     2  startup_tm4c123.o(.text)
    SSI0_Handler                             0x00000c01   Thumb Code     2  startup_tm4c123.o(.text)
    I2C0_Handler                             0x00000c03   Thumb Code     2  startup_tm4c123.o(.text)
    PMW0_FAULT_Handler                       0x00000c05   Thumb Code     2  startup_tm4c123.o(.text)
    PWM0_0_Handler                           0x00000c07   Thumb Code     2  startup_tm4c123.o(.text)
    PWM0_1_Handler                           0x00000c09   Thumb Code     2  startup_tm4c123.o(.text)
    PWM0_2_Handler                           0x00000c0b   Thumb Code     2  startup_tm4c123.o(.text)
    QEI0_Handler                             0x00000c0d   Thumb Code     2  startup_tm4c123.o(.text)
    ADC0SS0_Handler                          0x00000c0f   Thumb Code     2  startup_tm4c123.o(.text)
    ADC0SS1_Handler                          0x00000c11   Thumb Code     2  startup_tm4c123.o(.text)
    ADC0SS2_Handler                          0x00000c13   Thumb Code     2  startup_tm4c123.o(.text)
    ADC0SS3_Handler                          0x00000c15   Thumb Code     2  startup_tm4c123.o(.text)
    WDT0_Handler                             0x00000c17   Thumb Code     2  startup_tm4c123.o(.text)
    TIMER0A_Handler                          0x00000c19   Thumb Code     2  startup_tm4c123.o(.text)
    TIMER0B_Handler                          0x00000c1b   Thumb Code     2  startup_tm4c123.o(.text)
    TIMER1A_Handler                          0x00000c1d   Thumb Code     2  startup_tm4c123.o(.text)
    TIMER1B_Handler                          0x00000c1f   Thumb Code     2  startup_tm4c123.o(.text)
    TIMER2A_Handler                          0x00000c21   Thumb Code     2  startup_tm4c123.o(.text)
    TIMER2B_Handler                          0x00000c23   Thumb Code     2  startup_tm4c123.o(.text)
    COMP0_Handler                            0x00000c25   Thumb Code     2  startup_tm4c123.o(.text)
    COMP1_Handler                            0x00000c27   Thumb Code     2  startup_tm4c123.o(.text)
    COMP2_Handler                            0x00000c29   Thumb Code     2  startup_tm4c123.o(.text)
    SYSCTL_Handler                           0x00000c2b   Thumb Code     2  startup_tm4c123.o(.text)
    FLASH_Handler                            0x00000c2d   Thumb Code     2  startup_tm4c123.o(.text)
    GPIOF_Handler                            0x00000c2f   Thumb Code     2  startup_tm4c123.o(.text)
    GPIOG_Handler                            0x00000c31   Thumb Code     2  startup_tm4c123.o(.text)
    GPIOH_Handler                            0x00000c33   Thumb Code     2  startup_tm4c123.o(.text)
    UART2_Handler                            0x00000c35   Thumb Code     2  startup_tm4c123.o(.text)
    SSI1_Handler                             0x00000c37   Thumb Code     2  startup_tm4c123.o(.text)
    TIMER3A_Handler                          0x00000c39   Thumb Code     2  startup_tm4c123.o(.text)
    TIMER3B_Handler                          0x00000c3b   Thumb Code     2  startup_tm4c123.o(.text)
    I2C1_Handler                             0x00000c3d   Thumb Code     2  startup_tm4c123.o(.text)
    QEI1_Handler                             0x00000c3f   Thumb Code     2  startup_tm4c123.o(.text)
    CAN0_Handler                             0x00000c41   Thumb Code     2  startup_tm4c123.o(.text)
    CAN1_Handler                             0x00000c43   Thumb Code     2  startup_tm4c123.o(.text)
    CAN2_Handler                             0x00000c45   Thumb Code     2  startup_tm4c123.o(.text)
    HIB_Handler                              0x00000c47   Thumb Code     2  startup_tm4c123.o(.text)
    USB0_Handler                             0x00000c49   Thumb Code     2  startup_tm4c123.o(.text)
    PWM0_3_Handler                           0x00000c4b   Thumb Code     2  startup_tm4c123.o(.text)
    UDMA_Handler                             0x00000c4d   Thumb Code     2  startup_tm4c123.o(.text)
    UDMAERR_Handler                          0x00000c4f   Thumb Code     2  startup_tm4c123.o(.text)
    ADC1SS0_Handler                          0x00000c51   Thumb Code     2  startup_tm4c123.o(.text)
    ADC1SS1_Handler                          0x00000c53   Thumb Code     2  startup_tm4c123.o(.text)
    ADC1SS2_Handler                          0x00000c55   Thumb Code     2  startup_tm4c123.o(.text)
    ADC1SS3_Handler                          0x00000c57   Thumb Code     2  startup_tm4c123.o(.text)
    GPIOJ_Handler                            0x00000c59   Thumb Code     2  startup_tm4c123.o(.text)
    GPIOK_Handler                            0x00000c5b   Thumb Code     2  startup_tm4c123.o(.text)
    GPIOL_Handler                            0x00000c5d   Thumb Code     2  startup_tm4c123.o(.text)
    SSI2_Handler                             0x00000c5f   Thumb Code     2  startup_tm4c123.o(.text)
    SSI3_Handler                             0x00000c61   Thumb Code     2  startup_tm4c123.o(.text)
    UART3_Handler                            0x00000c63   Thumb Code     2  startup_tm4c123.o(.text)
    UART4_Handler                            0x00000c65   Thumb Code     2  startup_tm4c123.o(.text)
    UART5_Handler                            0x00000c67   Thumb Code     2  startup_tm4c123.o(.text)
    UART6_Handler                            0x00000c69   Thumb Code     2  startup_tm4c123.o(.text)
    UART7_Handler                            0x00000c6b   Thumb Code     2  startup_tm4c123.o(.text)
    I2C2_Handler                             0x00000c6d   Thumb Code     2  startup_tm4c123.o(.text)
    I2C3_Handler                             0x00000c6f   Thumb Code     2  startup_tm4c123.o(.text)
    TIMER4A_Handler                          0x00000c71   Thumb Code     2  startup_tm4c123.o(.text)
    TIMER4B_Handler                          0x00000c73   Thumb Code     2  startup_tm4c123.o(.text)
    TIMER5A_Handler                          0x00000c75   Thumb Code     2  startup_tm4c123.o(.text)
    TIMER5B_Handler                          0x00000c77   Thumb Code     2  startup_tm4c123.o(.text)
    WTIMER0A_Handler                         0x00000c79   Thumb Code     2  startup_tm4c123.o(.text)
    WTIMER0B_Handler                         0x00000c7b   Thumb Code     2  startup_tm4c123.o(.text)
    WTIMER1A_Handler                         0x00000c7d   Thumb Code     2  startup_tm4c123.o(.text)
    WTIMER1B_Handler                         0x00000c7f   Thumb Code     2  startup_tm4c123.o(.text)
    WTIMER2A_Handler                         0x00000c81   Thumb Code     2  startup_tm4c123.o(.text)
    WTIMER2B_Handler                         0x00000c83   Thumb Code     2  startup_tm4c123.o(.text)
    WTIMER3A_Handler                         0x00000c85   Thumb Code     2  startup_tm4c123.o(.text)
    WTIMER3B_Handler                         0x00000c87   Thumb Code     2  startup_tm4c123.o(.text)
    WTIMER4A_Handler                         0x00000c89   Thumb Code     2  startup_tm4c123.o(.text)
    WTIMER4B_Handler                         0x00000c8b   Thumb Code     2  startup_tm4c123.o(.text)
    WTIMER5A_Handler                         0x00000c8d   Thumb Code     2  startup_tm4c123.o(.text)
    WTIMER5B_Handler                         0x00000c8f   Thumb Code     2  startup_tm4c123.o(.text)
    FPU_Handler                              0x00000c91   Thumb Code     2  startup_tm4c123.o(.text)
    I2C4_Handler                             0x00000c93   Thumb Code     2  startup_tm4c123.o(.text)
    I2C5_Handler                             0x00000c95   Thumb Code     2  startup_tm4c123.o(.text)
    GPIOM_Handler                            0x00000c97   Thumb Code     2  startup_tm4c123.o(.text)
    GPION_Handler                            0x00000c99   Thumb Code     2  startup_tm4c123.o(.text)
    QEI2_Handler                             0x00000c9b   Thumb Code     2  startup_tm4c123.o(.text)
    GPIOP0_Handler                           0x00000c9d   Thumb Code     2  startup_tm4c123.o(.text)
    GPIOP1_Handler                           0x00000c9f   Thumb Code     2  startup_tm4c123.o(.text)
    GPIOP2_Handler                           0x00000ca1   Thumb Code     2  startup_tm4c123.o(.text)
    GPIOP3_Handler                           0x00000ca3   Thumb Code     2  startup_tm4c123.o(.text)
    GPIOP4_Handler                           0x00000ca5   Thumb Code     2  startup_tm4c123.o(.text)
    GPIOP5_Handler                           0x00000ca7   Thumb Code     2  startup_tm4c123.o(.text)
    GPIOP6_Handler                           0x00000ca9   Thumb Code     2  startup_tm4c123.o(.text)
    GPIOP7_Handler                           0x00000cab   Thumb Code     2  startup_tm4c123.o(.text)
    GPIOQ0_Handler                           0x00000cad   Thumb Code     2  startup_tm4c123.o(.text)
    GPIOQ1_Handler                           0x00000caf   Thumb Code     2  startup_tm4c123.o(.text)
    GPIOQ2_Handler                           0x00000cb1   Thumb Code     2  startup_tm4c123.o(.text)
    GPIOQ3_Handler                           0x00000cb3   Thumb Code     2  startup_tm4c123.o(.text)
    GPIOQ4_Handler                           0x00000cb5   Thumb Code     2  startup_tm4c123.o(.text)
    GPIOQ5_Handler                           0x00000cb7   Thumb Code     2  startup_tm4c123.o(.text)
    GPIOQ6_Handler                           0x00000cb9   Thumb Code     2  startup_tm4c123.o(.text)
    GPIOQ7_Handler                           0x00000cbb   Thumb Code     2  startup_tm4c123.o(.text)
    GPIOR_Handler                            0x00000cbd   Thumb Code     2  startup_tm4c123.o(.text)
    GPIOS_Handler                            0x00000cbf   Thumb Code     2  startup_tm4c123.o(.text)
    PMW1_0_Handler                           0x00000cc1   Thumb Code     2  startup_tm4c123.o(.text)
    PWM1_1_Handler                           0x00000cc3   Thumb Code     2  startup_tm4c123.o(.text)
    PWM1_2_Handler                           0x00000cc5   Thumb Code     2  startup_tm4c123.o(.text)
    PWM1_3_Handler                           0x00000cc7   Thumb Code     2  startup_tm4c123.o(.text)
    PWM1_FAULT_Handler                       0x00000cc9   Thumb Code     2  startup_tm4c123.o(.text)
    SystemCoreClockUpdate                    0x00000d8b   Thumb Code   184  system_tm4c123.o(.text)
    SystemInit                               0x00000e43   Thumb Code   112  system_tm4c123.o(.text)
    staff_uart_config_gpio                   0x00000f21   Thumb Code    82  hw2.o(.text)
    staff_uart_config_polling                0x00000f73   Thumb Code    68  hw2.o(.text)
    put_string                               0x00000fb7   Thumb Code    34  hw2.o(.text)
    put_char                                 0x00000fd9   Thumb Code    20  hw2.o(.text)
    get_char                                 0x00000fed   Thumb Code    62  hw2.o(.text)
    get_string                               0x0000102b   Thumb Code    40  hw2.o(.text)
    initialize_serial_debug                  0x00001053   Thumb Code    12  hw2.o(.text)
    atoi                                     0x00001071   Thumb Code    26  atoi.o(.text)
    strtol                                   0x0000108b   Thumb Code   112  strtol.o(.text)
    __scatterload                            0x000010fd   Thumb Code    28  init.o(.text)
    __scatterload_rt2                        0x000010fd   Thumb Code     0  init.o(.text)
    __rt_ctype_table                         0x00001121   Thumb Code     4  ctype_o.o(.text)
    _strtoul                                 0x00001129   Thumb Code   158  _strtoul.o(.text)
    _chval                                   0x000011c7   Thumb Code    28  _chval.o(.text)
    __aeabi_errno_addr                       0x000011e5   Thumb Code     4  errno.o(i.__aeabi_errno_addr)
    __rt_errno_addr                          0x000011e5   Thumb Code     0  errno.o(i.__aeabi_errno_addr)
    __scatterload_copy                       0x000011ed   Thumb Code    14  handlers.o(i.__scatterload_copy)
    __scatterload_null                       0x000011fb   Thumb Code     2  handlers.o(i.__scatterload_null)
    __scatterload_zeroinit                   0x000011fd   Thumb Code    14  handlers.o(i.__scatterload_zeroinit)
    lcd_write_data_u16                       0x0000120d   Thumb Code    48  lcd.o(i.lcd_write_data_u16)
    space_shipBitmaps                        0x00001248   Data         252  hw2_images.o(.constdata)
    space_shipWidthPixels                    0x00001344   Data           1  hw2_images.o(.constdata)
    space_shipHeightPixels                   0x00001345   Data           1  hw2_images.o(.constdata)
    __ctype_table                            0x00001346   Data         129  ctype_o.o(.constdata)
    Region$$Table$$Base                      0x00001424   Number         0  anon$$obj.o(Region$$Table)
    Region$$Table$$Limit                     0x00001444   Number         0  anon$$obj.o(Region$$Table)
    COMMANDS                                 0x2000000c   Data          48  main.o(.data)
    SystemCoreClock                          0x2000003c   Data           4  system_tm4c123.o(.data)
    __initial_sp                             0x20000248   Data           0  startup_tm4c123.o(STACK)



==============================================================================

Memory Map of the image

  Image Entry point : 0x00000bd9

  Load Region LR_1 (Base: 0x00000000, Size: 0x00001488, Max: 0xffffffff, ABSOLUTE)

    Execution Region ER_RO (Exec base: 0x00000000, Load base: 0x00000000, Size: 0x00001444, Max: 0xffffffff, ABSOLUTE)

    Exec Addr    Load Addr    Size         Type   Attr      Idx    E Section Name        Object

    0x00000000   0x00000000   0x0000026c   Data   RO          166    RESET               startup_tm4c123.o
    0x0000026c   0x0000026c   0x00000000   Code   RO          270  * .ARM.Collect$$$$00000000  mc_w.l(entry.o)
    0x0000026c   0x0000026c   0x00000004   Code   RO          275    .ARM.Collect$$$$00000001  mc_w.l(entry2.o)
    0x00000270   0x00000270   0x00000004   Code   RO          278    .ARM.Collect$$$$00000004  mc_w.l(entry5.o)
    0x00000274   0x00000274   0x00000000   Code   RO          280    .ARM.Collect$$$$00000008  mc_w.l(entry7b.o)
    0x00000274   0x00000274   0x00000000   Code   RO          282    .ARM.Collect$$$$0000000A  mc_w.l(entry8b.o)
    0x00000274   0x00000274   0x00000008   Code   RO          283    .ARM.Collect$$$$0000000B  mc_w.l(entry9a.o)
    0x0000027c   0x0000027c   0x00000000   Code   RO          285    .ARM.Collect$$$$0000000D  mc_w.l(entry10a.o)
    0x0000027c   0x0000027c   0x00000000   Code   RO          287    .ARM.Collect$$$$0000000F  mc_w.l(entry11a.o)
    0x0000027c   0x0000027c   0x00000004   Code   RO          276    .ARM.Collect$$$$00002712  mc_w.l(entry2.o)
    0x00000280   0x00000280   0x0000023c   Code   RO            4    .text               main.o
    0x000004bc   0x000004bc   0x00000288   Code   RO          100    .text               gpio_port.o
    0x00000744   0x00000744   0x00000494   Code   RO          124    .text               lcd.o
    0x00000bd8   0x00000bd8   0x000000fc   Code   RO          167  * .text               startup_tm4c123.o
    0x00000cd4   0x00000cd4   0x0000024c   Code   RO          174    .text               system_tm4c123.o
    0x00000f20   0x00000f20   0x00000150   Code   RO          204    .text               hw2_f18.lib(hw2.o)
    0x00001070   0x00001070   0x0000001a   Code   RO          273    .text               mc_w.l(atoi.o)
    0x0000108a   0x0000108a   0x00000070   Code   RO          296    .text               mc_w.l(strtol.o)
    0x000010fa   0x000010fa   0x00000002   PAD
    0x000010fc   0x000010fc   0x00000024   Code   RO          298    .text               mc_w.l(init.o)
    0x00001120   0x00001120   0x00000008   Code   RO          300    .text               mc_w.l(ctype_o.o)
    0x00001128   0x00001128   0x0000009e   Code   RO          328    .text               mc_w.l(_strtoul.o)
    0x000011c6   0x000011c6   0x0000001c   Code   RO          330    .text               mc_w.l(_chval.o)
    0x000011e2   0x000011e2   0x00000002   PAD
    0x000011e4   0x000011e4   0x00000008   Code   RO          289    i.__aeabi_errno_addr  mc_w.l(errno.o)
    0x000011ec   0x000011ec   0x0000000e   Code   RO          334    i.__scatterload_copy  mc_w.l(handlers.o)
    0x000011fa   0x000011fa   0x00000002   Code   RO          335    i.__scatterload_null  mc_w.l(handlers.o)
    0x000011fc   0x000011fc   0x0000000e   Code   RO          336    i.__scatterload_zeroinit  mc_w.l(handlers.o)
    0x0000120a   0x0000120a   0x00000002   PAD
    0x0000120c   0x0000120c   0x0000003c   Code   RO          142    i.lcd_write_data_u16  lcd.o
    0x00001248   0x00001248   0x000000fe   Data   RO          151    .constdata          hw2_images.o
    0x00001346   0x00001346   0x00000081   Data   RO          301    .constdata          mc_w.l(ctype_o.o)
    0x000013c7   0x000013c7   0x00000001   PAD
    0x000013c8   0x000013c8   0x00000004   Data   RO          302    .constdata          mc_w.l(ctype_o.o)
    0x000013cc   0x000013cc   0x00000058   Data   RO            5    .conststring        main.o
    0x00001424   0x00001424   0x00000020   Data   RO          332    Region$$Table       anon$$obj.o


    Execution Region ER_RW (Exec base: 0x20000000, Load base: 0x00001444, Size: 0x00000044, Max: 0xffffffff, ABSOLUTE)

    Exec Addr    Load Addr    Size         Type   Attr      Idx    E Section Name        Object

    0x20000000   0x00001444   0x0000003c   Data   RW            6    .data               main.o
    0x2000003c   0x00001480   0x00000004   Data   RW          175    .data               system_tm4c123.o
    0x20000040   0x00001484   0x00000004   Data   RW          292    .data               mc_w.l(errno.o)


    Execution Region ER_ZI (Exec base: 0x20000044, Load base: 0x00001488, Size: 0x00000204, Max: 0xffffffff, ABSOLUTE)

    Exec Addr    Load Addr    Size         Type   Attr      Idx    E Section Name        Object

    0x20000044   0x00001488   0x00000004   PAD
    0x20000048        -       0x00000200   Zero   RW          164    STACK               startup_tm4c123.o


==============================================================================

Image component sizes


      Code (inc. data)   RO Data    RW Data    ZI Data      Debug   Object Name

       648         32          0          0          0       5078   gpio_port.o
         0          0        254          0          0        537   hw2_images.o
      1232         36          0          0          0       3701   lcd.o
       572        104         88         60          0      28615   main.o
       252         10        620          0        512       5404   startup_tm4c123.o
       588        134          0          4          0       1481   system_tm4c123.o

    ----------------------------------------------------------------------
      3292        316        994         64        512      44816   Object Totals
         0          0         32          0          0          0   (incl. Generated)
         0          0          0          0          0          0   (incl. Padding)

    ----------------------------------------------------------------------

      Code (inc. data)   RO Data    RW Data    ZI Data      Debug   Library Member Name

       336         18          0          0          0       1619   hw2.o
        28          0          0          0          0         68   _chval.o
       158          0          0          0          0         92   _strtoul.o
        26          0          0          0          0         80   atoi.o
         8          4        133          0          0         68   ctype_o.o
         0          0          0          0          0          0   entry.o
         0          0          0          0          0          0   entry10a.o
         0          0          0          0          0          0   entry11a.o
         8          4          0          0          0          0   entry2.o
         4          0          0          0          0          0   entry5.o
         0          0          0          0          0          0   entry7b.o
         0          0          0          0          0          0   entry8b.o
         8          4          0          0          0          0   entry9a.o
         8          4          0          4          0         68   errno.o
        30          0          0          0          0          0   handlers.o
        36          8          0          0          0         68   init.o
       112          0          0          0          0         88   strtol.o

    ----------------------------------------------------------------------
       768         42        134          4          4       2151   Library Totals
         6          0          1          0          4          0   (incl. Padding)

    ----------------------------------------------------------------------

      Code (inc. data)   RO Data    RW Data    ZI Data      Debug   Library Name

       336         18          0          0          0       1619   hw2_f18.lib
       426         24        133          4          0        532   mc_w.l

    ----------------------------------------------------------------------
       768         42        134          4          4       2151   Library Totals

    ----------------------------------------------------------------------

==============================================================================


      Code (inc. data)   RO Data    RW Data    ZI Data      Debug   

      4060        358       1128         68        516      46415   Grand Totals
      4060        358       1128         68        516      46415   ELF Image Totals
      4060        358       1128         68          0          0   ROM Totals

==============================================================================

    Total RO  Size (Code + RO Data)                 5188 (   5.07kB)
    Total RW  Size (RW Data + ZI Data)               584 (   0.57kB)
    Total ROM Size (Code + RO Data + RW Data)       5256 (   5.13kB)

==============================================================================

