Component: ARM Compiler 5.06 update 6 (build 750) Tool: armlink [4d35ed]

==============================================================================

Section Cross References

    main.o(.text) refers to gpio_port.o(.text) for gpio_enable_port
    main.o(.text) refers to i2c.o(.text) for initializeI2CMaster
    main.o(.text) refers to serial_debug.o(.text) for init_serial_debug
    main.o(.text) refers to lcd.o(.text) for lcd_config_screen
    main.o(.text) refers to io_expander.o(.text) for io_expander_init
    main.o(.text) refers to timers.o(.text) for gp_timer_config_32
    main.o(.text) refers to memcpya.o(.text) for __aeabi_memcpy4
    main.o(.text) refers to eeprom.o(.text) for eeprom_byte_write
    main.o(.text) refers to printf2.o(i.__0printf$2) for __2printf
    main.o(.text) refers to printf2.o(i.__0sprintf$2) for __2sprintf
    main.o(.text) refers to main.o(.data) for ALERT_TIMER1_LED_UPDATE
    main.o(.text) refers to main.o(.constdata) for .constdata
    serial_debug.o(.text) refers to gpio_port.o(.text) for gpio_enable_port
    serial_debug.o(.text) refers to pc_buffer.o(.text) for pc_buffer_init
    serial_debug.o(.text) refers to uart.o(.text) for uart_init
    serial_debug.o(.text) refers to main.o(.text) for DisableInterrupts
    serial_debug.o(.text) refers to serial_debug.o(.data) for Rx_Interrupts_Enabled
    serial_debug.o(.text) refers to serial_debug.o(.bss) for UART0_Tx_Buffer
    serial_debug.o(.text) refers to stdout.o(.data) for __stdout
    accel.o(.text) refers to spi.o(.text) for spiTx
    accel.o(.text) refers to spi_select.o(.text) for spi_select_init
    accel.o(.text) refers to gpio_port.o(.text) for gpio_enable_port
    eeprom.o(.text) refers to i2c.o(.text) for i2cVerifyBaseAddr
    eeprom.o(.text) refers to gpio_port.o(.text) for gpio_enable_port
    ft6x06.o(.text) refers to i2c.o(.text) for I2CMasterBusy
    ft6x06.o(.text) refers to gpio_port.o(.text) for gpio_enable_port
    lcd.o(.text) refers to lcd.o(i.lcd_write_data_u16) for lcd_write_data_u16
    lcd.o(.text) refers to gpio_port.o(.text) for gpio_config_digital_enable
    ps2.o(.text) refers to gpio_port.o(.text) for gpio_enable_port
    ps2.o(.text) refers to adc.o(.text) for initialize_adc
    spi_select.o(.text) refers to gpio_port.o(.text) for gpio_enable_port
    ws2812b_ice.o(.text) refers to ws2812b_ice.o(.data) for direction
    io_expander.o(.text) refers to i2c.o(.text) for I2CMasterBusy
    io_expander.o(.text) refers to gpio_port.o(.text) for gpio_config_digital_enable
    pc_buffer.o(.text) refers to malloc.o(i.malloc) for malloc
    startup_tm4c123.o(RESET) refers to startup_tm4c123.o(STACK) for __initial_sp
    startup_tm4c123.o(RESET) refers to startup_tm4c123.o(.text) for Reset_Handler
    startup_tm4c123.o(RESET) refers to serial_debug.o(.text) for UART0_Handler
    startup_tm4c123.o(RESET) refers to main.o(.text) for TIMER1A_Handler
    startup_tm4c123.o(.text) refers to system_tm4c123.o(.text) for SystemInit
    startup_tm4c123.o(.text) refers to entry.o(.ARM.Collect$$$$00000000) for __main
    system_tm4c123.o(.text) refers to system_tm4c123.o(.data) for SystemCoreClock
    entry.o(.ARM.Collect$$$$00000000) refers (Special) to entry10a.o(.ARM.Collect$$$$0000000D) for __rt_final_cpp
    entry.o(.ARM.Collect$$$$00000000) refers (Special) to entry11a.o(.ARM.Collect$$$$0000000F) for __rt_final_exit
    entry.o(.ARM.Collect$$$$00000000) refers (Special) to entry7b.o(.ARM.Collect$$$$00000008) for _main_clock
    entry.o(.ARM.Collect$$$$00000000) refers (Special) to entry8b.o(.ARM.Collect$$$$0000000A) for _main_cpp_init
    entry.o(.ARM.Collect$$$$00000000) refers (Special) to entry9a.o(.ARM.Collect$$$$0000000B) for _main_init
    entry.o(.ARM.Collect$$$$00000000) refers (Special) to entry5.o(.ARM.Collect$$$$00000004) for _main_scatterload
    entry.o(.ARM.Collect$$$$00000000) refers (Special) to entry2.o(.ARM.Collect$$$$00000001) for _main_stk
    printfb.o(i.__0fprintf$bare) refers to printfb.o(i._printf_core) for _printf_core
    printfb.o(i.__0fprintf$bare) refers to serial_debug.o(.text) for fputc
    printfb.o(i.__0printf$bare) refers to printfb.o(i._printf_core) for _printf_core
    printfb.o(i.__0printf$bare) refers to serial_debug.o(.text) for fputc
    printfb.o(i.__0printf$bare) refers to stdout.o(.data) for __stdout
    printfb.o(i.__0snprintf$bare) refers to printfb.o(i._printf_core) for _printf_core
    printfb.o(i.__0snprintf$bare) refers to printfb.o(i._snputc) for _snputc
    printfb.o(i.__0sprintf$bare) refers to printfb.o(i._printf_core) for _printf_core
    printfb.o(i.__0sprintf$bare) refers to printfb.o(i._sputc) for _sputc
    printfb.o(i.__0vfprintf$bare) refers to printfb.o(i._printf_core) for _printf_core
    printfb.o(i.__0vfprintf$bare) refers to serial_debug.o(.text) for fputc
    printfb.o(i.__0vprintf$bare) refers to printfb.o(i._printf_core) for _printf_core
    printfb.o(i.__0vprintf$bare) refers to serial_debug.o(.text) for fputc
    printfb.o(i.__0vprintf$bare) refers to stdout.o(.data) for __stdout
    printfb.o(i.__0vsnprintf$bare) refers to printfb.o(i._printf_core) for _printf_core
    printfb.o(i.__0vsnprintf$bare) refers to printfb.o(i._snputc) for _snputc
    printfb.o(i.__0vsprintf$bare) refers to printfb.o(i._printf_core) for _printf_core
    printfb.o(i.__0vsprintf$bare) refers to printfb.o(i._sputc) for _sputc
    printf0.o(i.__0fprintf$0) refers to printf0.o(i._printf_core) for _printf_core
    printf0.o(i.__0fprintf$0) refers to serial_debug.o(.text) for fputc
    printf0.o(i.__0printf$0) refers to printf0.o(i._printf_core) for _printf_core
    printf0.o(i.__0printf$0) refers to serial_debug.o(.text) for fputc
    printf0.o(i.__0printf$0) refers to stdout.o(.data) for __stdout
    printf0.o(i.__0snprintf$0) refers to printf0.o(i._printf_core) for _printf_core
    printf0.o(i.__0snprintf$0) refers to printf0.o(i._snputc) for _snputc
    printf0.o(i.__0sprintf$0) refers to printf0.o(i._printf_core) for _printf_core
    printf0.o(i.__0sprintf$0) refers to printf0.o(i._sputc) for _sputc
    printf0.o(i.__0vfprintf$0) refers to printf0.o(i._printf_core) for _printf_core
    printf0.o(i.__0vfprintf$0) refers to serial_debug.o(.text) for fputc
    printf0.o(i.__0vprintf$0) refers to printf0.o(i._printf_core) for _printf_core
    printf0.o(i.__0vprintf$0) refers to serial_debug.o(.text) for fputc
    printf0.o(i.__0vprintf$0) refers to stdout.o(.data) for __stdout
    printf0.o(i.__0vsnprintf$0) refers to printf0.o(i._printf_core) for _printf_core
    printf0.o(i.__0vsnprintf$0) refers to printf0.o(i._snputc) for _snputc
    printf0.o(i.__0vsprintf$0) refers to printf0.o(i._printf_core) for _printf_core
    printf0.o(i.__0vsprintf$0) refers to printf0.o(i._sputc) for _sputc
    printf1.o(i.__0fprintf$1) refers to printf1.o(i._printf_core) for _printf_core
    printf1.o(i.__0fprintf$1) refers to serial_debug.o(.text) for fputc
    printf1.o(i.__0printf$1) refers to printf1.o(i._printf_core) for _printf_core
    printf1.o(i.__0printf$1) refers to serial_debug.o(.text) for fputc
    printf1.o(i.__0printf$1) refers to stdout.o(.data) for __stdout
    printf1.o(i.__0snprintf$1) refers to printf1.o(i._printf_core) for _printf_core
    printf1.o(i.__0snprintf$1) refers to printf1.o(i._snputc) for _snputc
    printf1.o(i.__0sprintf$1) refers to printf1.o(i._printf_core) for _printf_core
    printf1.o(i.__0sprintf$1) refers to printf1.o(i._sputc) for _sputc
    printf1.o(i.__0vfprintf$1) refers to printf1.o(i._printf_core) for _printf_core
    printf1.o(i.__0vfprintf$1) refers to serial_debug.o(.text) for fputc
    printf1.o(i.__0vprintf$1) refers to printf1.o(i._printf_core) for _printf_core
    printf1.o(i.__0vprintf$1) refers to serial_debug.o(.text) for fputc
    printf1.o(i.__0vprintf$1) refers to stdout.o(.data) for __stdout
    printf1.o(i.__0vsnprintf$1) refers to printf1.o(i._printf_core) for _printf_core
    printf1.o(i.__0vsnprintf$1) refers to printf1.o(i._snputc) for _snputc
    printf1.o(i.__0vsprintf$1) refers to printf1.o(i._printf_core) for _printf_core
    printf1.o(i.__0vsprintf$1) refers to printf1.o(i._sputc) for _sputc
    printf1.o(i._printf_core) refers to uidiv.o(.text) for __aeabi_uidivmod
    printf2.o(i.__0fprintf$2) refers to printf2.o(i._printf_core) for _printf_core
    printf2.o(i.__0fprintf$2) refers to serial_debug.o(.text) for fputc
    printf2.o(i.__0printf$2) refers to printf2.o(i._printf_core) for _printf_core
    printf2.o(i.__0printf$2) refers to serial_debug.o(.text) for fputc
    printf2.o(i.__0printf$2) refers to stdout.o(.data) for __stdout
    printf2.o(i.__0snprintf$2) refers to printf2.o(i._printf_core) for _printf_core
    printf2.o(i.__0snprintf$2) refers to printf2.o(i._snputc) for _snputc
    printf2.o(i.__0sprintf$2) refers to printf2.o(i._printf_core) for _printf_core
    printf2.o(i.__0sprintf$2) refers to printf2.o(i._sputc) for _sputc
    printf2.o(i.__0vfprintf$2) refers to printf2.o(i._printf_core) for _printf_core
    printf2.o(i.__0vfprintf$2) refers to serial_debug.o(.text) for fputc
    printf2.o(i.__0vprintf$2) refers to printf2.o(i._printf_core) for _printf_core
    printf2.o(i.__0vprintf$2) refers to serial_debug.o(.text) for fputc
    printf2.o(i.__0vprintf$2) refers to stdout.o(.data) for __stdout
    printf2.o(i.__0vsnprintf$2) refers to printf2.o(i._printf_core) for _printf_core
    printf2.o(i.__0vsnprintf$2) refers to printf2.o(i._snputc) for _snputc
    printf2.o(i.__0vsprintf$2) refers to printf2.o(i._printf_core) for _printf_core
    printf2.o(i.__0vsprintf$2) refers to printf2.o(i._sputc) for _sputc
    printf3.o(i.__0fprintf$3) refers to printf3.o(i._printf_core) for _printf_core
    printf3.o(i.__0fprintf$3) refers to serial_debug.o(.text) for fputc
    printf3.o(i.__0printf$3) refers to printf3.o(i._printf_core) for _printf_core
    printf3.o(i.__0printf$3) refers to serial_debug.o(.text) for fputc
    printf3.o(i.__0printf$3) refers to stdout.o(.data) for __stdout
    printf3.o(i.__0snprintf$3) refers to printf3.o(i._printf_core) for _printf_core
    printf3.o(i.__0snprintf$3) refers to printf3.o(i._snputc) for _snputc
    printf3.o(i.__0sprintf$3) refers to printf3.o(i._printf_core) for _printf_core
    printf3.o(i.__0sprintf$3) refers to printf3.o(i._sputc) for _sputc
    printf3.o(i.__0vfprintf$3) refers to printf3.o(i._printf_core) for _printf_core
    printf3.o(i.__0vfprintf$3) refers to serial_debug.o(.text) for fputc
    printf3.o(i.__0vprintf$3) refers to printf3.o(i._printf_core) for _printf_core
    printf3.o(i.__0vprintf$3) refers to serial_debug.o(.text) for fputc
    printf3.o(i.__0vprintf$3) refers to stdout.o(.data) for __stdout
    printf3.o(i.__0vsnprintf$3) refers to printf3.o(i._printf_core) for _printf_core
    printf3.o(i.__0vsnprintf$3) refers to printf3.o(i._snputc) for _snputc
    printf3.o(i.__0vsprintf$3) refers to printf3.o(i._printf_core) for _printf_core
    printf3.o(i.__0vsprintf$3) refers to printf3.o(i._sputc) for _sputc
    printf3.o(i._printf_core) refers to uidiv.o(.text) for __aeabi_uidivmod
    printf4.o(i.__0fprintf$4) refers to printf4.o(i._printf_core) for _printf_core
    printf4.o(i.__0fprintf$4) refers to serial_debug.o(.text) for fputc
    printf4.o(i.__0printf$4) refers to printf4.o(i._printf_core) for _printf_core
    printf4.o(i.__0printf$4) refers to serial_debug.o(.text) for fputc
    printf4.o(i.__0printf$4) refers to stdout.o(.data) for __stdout
    printf4.o(i.__0snprintf$4) refers to printf4.o(i._printf_core) for _printf_core
    printf4.o(i.__0snprintf$4) refers to printf4.o(i._snputc) for _snputc
    printf4.o(i.__0sprintf$4) refers to printf4.o(i._printf_core) for _printf_core
    printf4.o(i.__0sprintf$4) refers to printf4.o(i._sputc) for _sputc
    printf4.o(i.__0vfprintf$4) refers to printf4.o(i._printf_core) for _printf_core
    printf4.o(i.__0vfprintf$4) refers to serial_debug.o(.text) for fputc
    printf4.o(i.__0vprintf$4) refers to printf4.o(i._printf_core) for _printf_core
    printf4.o(i.__0vprintf$4) refers to serial_debug.o(.text) for fputc
    printf4.o(i.__0vprintf$4) refers to stdout.o(.data) for __stdout
    printf4.o(i.__0vsnprintf$4) refers to printf4.o(i._printf_core) for _printf_core
    printf4.o(i.__0vsnprintf$4) refers to printf4.o(i._snputc) for _snputc
    printf4.o(i.__0vsprintf$4) refers to printf4.o(i._printf_core) for _printf_core
    printf4.o(i.__0vsprintf$4) refers to printf4.o(i._sputc) for _sputc
    printf4.o(i._printf_core) refers to uldiv.o(.text) for __aeabi_uldivmod
    printf5.o(i.__0fprintf$5) refers to printf5.o(i._printf_core) for _printf_core
    printf5.o(i.__0fprintf$5) refers to serial_debug.o(.text) for fputc
    printf5.o(i.__0printf$5) refers to printf5.o(i._printf_core) for _printf_core
    printf5.o(i.__0printf$5) refers to serial_debug.o(.text) for fputc
    printf5.o(i.__0printf$5) refers to stdout.o(.data) for __stdout
    printf5.o(i.__0snprintf$5) refers to printf5.o(i._printf_core) for _printf_core
    printf5.o(i.__0snprintf$5) refers to printf5.o(i._snputc) for _snputc
    printf5.o(i.__0sprintf$5) refers to printf5.o(i._printf_core) for _printf_core
    printf5.o(i.__0sprintf$5) refers to printf5.o(i._sputc) for _sputc
    printf5.o(i.__0vfprintf$5) refers to printf5.o(i._printf_core) for _printf_core
    printf5.o(i.__0vfprintf$5) refers to serial_debug.o(.text) for fputc
    printf5.o(i.__0vprintf$5) refers to printf5.o(i._printf_core) for _printf_core
    printf5.o(i.__0vprintf$5) refers to serial_debug.o(.text) for fputc
    printf5.o(i.__0vprintf$5) refers to stdout.o(.data) for __stdout
    printf5.o(i.__0vsnprintf$5) refers to printf5.o(i._printf_core) for _printf_core
    printf5.o(i.__0vsnprintf$5) refers to printf5.o(i._snputc) for _snputc
    printf5.o(i.__0vsprintf$5) refers to printf5.o(i._printf_core) for _printf_core
    printf5.o(i.__0vsprintf$5) refers to printf5.o(i._sputc) for _sputc
    printf5.o(i._printf_core) refers to uldiv.o(.text) for __aeabi_uldivmod
    printf6.o(i.__0fprintf$6) refers to printf6.o(i._printf_core) for _printf_core
    printf6.o(i.__0fprintf$6) refers to serial_debug.o(.text) for fputc
    printf6.o(i.__0printf$6) refers to printf6.o(i._printf_core) for _printf_core
    printf6.o(i.__0printf$6) refers to serial_debug.o(.text) for fputc
    printf6.o(i.__0printf$6) refers to stdout.o(.data) for __stdout
    printf6.o(i.__0snprintf$6) refers to printf6.o(i._printf_core) for _printf_core
    printf6.o(i.__0snprintf$6) refers to printf6.o(i._snputc) for _snputc
    printf6.o(i.__0sprintf$6) refers to printf6.o(i._printf_core) for _printf_core
    printf6.o(i.__0sprintf$6) refers to printf6.o(i._sputc) for _sputc
    printf6.o(i.__0vfprintf$6) refers to printf6.o(i._printf_core) for _printf_core
    printf6.o(i.__0vfprintf$6) refers to serial_debug.o(.text) for fputc
    printf6.o(i.__0vprintf$6) refers to printf6.o(i._printf_core) for _printf_core
    printf6.o(i.__0vprintf$6) refers to serial_debug.o(.text) for fputc
    printf6.o(i.__0vprintf$6) refers to stdout.o(.data) for __stdout
    printf6.o(i.__0vsnprintf$6) refers to printf6.o(i._printf_core) for _printf_core
    printf6.o(i.__0vsnprintf$6) refers to printf6.o(i._snputc) for _snputc
    printf6.o(i.__0vsprintf$6) refers to printf6.o(i._printf_core) for _printf_core
    printf6.o(i.__0vsprintf$6) refers to printf6.o(i._sputc) for _sputc
    printf6.o(i._printf_core) refers to printf6.o(i._printf_pre_padding) for _printf_pre_padding
    printf6.o(i._printf_core) refers to uidiv.o(.text) for __aeabi_uidivmod
    printf6.o(i._printf_core) refers to printf6.o(i._printf_post_padding) for _printf_post_padding
    printf7.o(i.__0fprintf$7) refers to printf7.o(i._printf_core) for _printf_core
    printf7.o(i.__0fprintf$7) refers to serial_debug.o(.text) for fputc
    printf7.o(i.__0printf$7) refers to printf7.o(i._printf_core) for _printf_core
    printf7.o(i.__0printf$7) refers to serial_debug.o(.text) for fputc
    printf7.o(i.__0printf$7) refers to stdout.o(.data) for __stdout
    printf7.o(i.__0snprintf$7) refers to printf7.o(i._printf_core) for _printf_core
    printf7.o(i.__0snprintf$7) refers to printf7.o(i._snputc) for _snputc
    printf7.o(i.__0sprintf$7) refers to printf7.o(i._printf_core) for _printf_core
    printf7.o(i.__0sprintf$7) refers to printf7.o(i._sputc) for _sputc
    printf7.o(i.__0vfprintf$7) refers to printf7.o(i._printf_core) for _printf_core
    printf7.o(i.__0vfprintf$7) refers to serial_debug.o(.text) for fputc
    printf7.o(i.__0vprintf$7) refers to printf7.o(i._printf_core) for _printf_core
    printf7.o(i.__0vprintf$7) refers to serial_debug.o(.text) for fputc
    printf7.o(i.__0vprintf$7) refers to stdout.o(.data) for __stdout
    printf7.o(i.__0vsnprintf$7) refers to printf7.o(i._printf_core) for _printf_core
    printf7.o(i.__0vsnprintf$7) refers to printf7.o(i._snputc) for _snputc
    printf7.o(i.__0vsprintf$7) refers to printf7.o(i._printf_core) for _printf_core
    printf7.o(i.__0vsprintf$7) refers to printf7.o(i._sputc) for _sputc
    printf7.o(i._printf_core) refers to printf7.o(i._printf_pre_padding) for _printf_pre_padding
    printf7.o(i._printf_core) refers to uldiv.o(.text) for __aeabi_uldivmod
    printf7.o(i._printf_core) refers to printf7.o(i._printf_post_padding) for _printf_post_padding
    printf8.o(i.__0fprintf$8) refers to printf8.o(i._printf_core) for _printf_core
    printf8.o(i.__0fprintf$8) refers to serial_debug.o(.text) for fputc
    printf8.o(i.__0printf$8) refers to printf8.o(i._printf_core) for _printf_core
    printf8.o(i.__0printf$8) refers to serial_debug.o(.text) for fputc
    printf8.o(i.__0printf$8) refers to stdout.o(.data) for __stdout
    printf8.o(i.__0snprintf$8) refers to printf8.o(i._printf_core) for _printf_core
    printf8.o(i.__0snprintf$8) refers to printf8.o(i._snputc) for _snputc
    printf8.o(i.__0sprintf$8) refers to printf8.o(i._printf_core) for _printf_core
    printf8.o(i.__0sprintf$8) refers to printf8.o(i._sputc) for _sputc
    printf8.o(i.__0vfprintf$8) refers to printf8.o(i._printf_core) for _printf_core
    printf8.o(i.__0vfprintf$8) refers to serial_debug.o(.text) for fputc
    printf8.o(i.__0vprintf$8) refers to printf8.o(i._printf_core) for _printf_core
    printf8.o(i.__0vprintf$8) refers to serial_debug.o(.text) for fputc
    printf8.o(i.__0vprintf$8) refers to stdout.o(.data) for __stdout
    printf8.o(i.__0vsnprintf$8) refers to printf8.o(i._printf_core) for _printf_core
    printf8.o(i.__0vsnprintf$8) refers to printf8.o(i._snputc) for _snputc
    printf8.o(i.__0vsprintf$8) refers to printf8.o(i._printf_core) for _printf_core
    printf8.o(i.__0vsprintf$8) refers to printf8.o(i._sputc) for _sputc
    printf8.o(i._printf_core) refers to printf8.o(i._printf_pre_padding) for _printf_pre_padding
    printf8.o(i._printf_core) refers to uldiv.o(.text) for __aeabi_uldivmod
    printf8.o(i._printf_core) refers to printf8.o(i._printf_post_padding) for _printf_post_padding
    printfa.o(i.__0fprintf) refers (Special) to iusefp.o(.text) for __I$use$fp
    printfa.o(i.__0fprintf) refers to printfa.o(i._printf_core) for _printf_core
    printfa.o(i.__0fprintf) refers to serial_debug.o(.text) for fputc
    printfa.o(i.__0printf) refers (Special) to iusefp.o(.text) for __I$use$fp
    printfa.o(i.__0printf) refers to printfa.o(i._printf_core) for _printf_core
    printfa.o(i.__0printf) refers to serial_debug.o(.text) for fputc
    printfa.o(i.__0printf) refers to stdout.o(.data) for __stdout
    printfa.o(i.__0snprintf) refers (Special) to iusefp.o(.text) for __I$use$fp
    printfa.o(i.__0snprintf) refers to printfa.o(i._printf_core) for _printf_core
    printfa.o(i.__0snprintf) refers to printfa.o(i._snputc) for _snputc
    printfa.o(i.__0sprintf) refers (Special) to iusefp.o(.text) for __I$use$fp
    printfa.o(i.__0sprintf) refers to printfa.o(i._printf_core) for _printf_core
    printfa.o(i.__0sprintf) refers to printfa.o(i._sputc) for _sputc
    printfa.o(i.__0vfprintf) refers (Special) to iusefp.o(.text) for __I$use$fp
    printfa.o(i.__0vfprintf) refers to printfa.o(i._printf_core) for _printf_core
    printfa.o(i.__0vfprintf) refers to serial_debug.o(.text) for fputc
    printfa.o(i.__0vprintf) refers (Special) to iusefp.o(.text) for __I$use$fp
    printfa.o(i.__0vprintf) refers to printfa.o(i._printf_core) for _printf_core
    printfa.o(i.__0vprintf) refers to serial_debug.o(.text) for fputc
    printfa.o(i.__0vprintf) refers to stdout.o(.data) for __stdout
    printfa.o(i.__0vsnprintf) refers (Special) to iusefp.o(.text) for __I$use$fp
    printfa.o(i.__0vsnprintf) refers to printfa.o(i._printf_core) for _printf_core
    printfa.o(i.__0vsnprintf) refers to printfa.o(i._snputc) for _snputc
    printfa.o(i.__0vsprintf) refers (Special) to iusefp.o(.text) for __I$use$fp
    printfa.o(i.__0vsprintf) refers to printfa.o(i._printf_core) for _printf_core
    printfa.o(i.__0vsprintf) refers to printfa.o(i._sputc) for _sputc
    printfa.o(i._fp_digits) refers (Special) to iusefp.o(.text) for __I$use$fp
    printfa.o(i._fp_digits) refers to dmul.o(.text) for __aeabi_dmul
    printfa.o(i._fp_digits) refers to ddiv.o(.text) for __aeabi_ddiv
    printfa.o(i._fp_digits) refers to cdrcmple.o(.text) for __aeabi_cdrcmple
    printfa.o(i._fp_digits) refers to dadd.o(.text) for __aeabi_dadd
    printfa.o(i._fp_digits) refers to dfixul.o(.text) for __aeabi_d2ulz
    printfa.o(i._fp_digits) refers to uldiv.o(.text) for __aeabi_uldivmod
    printfa.o(i._printf_core) refers (Special) to iusefp.o(.text) for __I$use$fp
    printfa.o(i._printf_core) refers to printfa.o(i._printf_pre_padding) for _printf_pre_padding
    printfa.o(i._printf_core) refers to uldiv.o(.text) for __aeabi_uldivmod
    printfa.o(i._printf_core) refers to printfa.o(i._printf_post_padding) for _printf_post_padding
    printfa.o(i._printf_core) refers to printfa.o(i._fp_digits) for _fp_digits
    printfa.o(i._printf_core) refers to uidiv.o(.text) for __aeabi_uidivmod
    printfa.o(i._printf_post_padding) refers (Special) to iusefp.o(.text) for __I$use$fp
    printfa.o(i._printf_pre_padding) refers (Special) to iusefp.o(.text) for __I$use$fp
    printfa.o(i._snputc) refers (Special) to iusefp.o(.text) for __I$use$fp
    printfa.o(i._sputc) refers (Special) to iusefp.o(.text) for __I$use$fp
    malloc.o(i.free) refers to mvars.o(.data) for __microlib_freelist
    malloc.o(i.malloc) refers to mvars.o(.data) for __microlib_freelist_initialised
    malloc.o(i.malloc) refers to mvars.o(.data) for __microlib_freelist
    malloc.o(i.malloc) refers to startup_tm4c123.o(HEAP) for __heap_base
    mallocr.o(i.__free$realloc) refers to mvars.o(.data) for __microlib_freelist
    mallocr.o(i.__malloc$realloc) refers to mallocr.o(i.internal_alloc) for internal_alloc
    mallocr.o(i.__malloc$realloc) refers to mvars.o(.data) for __microlib_freelist_initialised
    mallocr.o(i.__malloc$realloc) refers to startup_tm4c123.o(HEAP) for __heap_base
    mallocr.o(i.__malloc$realloc) refers to mvars.o(.data) for __microlib_freelist
    mallocr.o(i.internal_alloc) refers to memcpya.o(.text) for __aeabi_memcpy
    mallocr.o(i.internal_alloc) refers to mvars.o(.data) for __microlib_freelist
    mallocr.o(i.realloc) refers to mallocr.o(i.__free$realloc) for __free$realloc
    mallocr.o(i.realloc) refers to mallocr.o(i.internal_alloc) for internal_alloc
    mallocr.o(i.realloc) refers to mallocr.o(i.__malloc$realloc) for __malloc$realloc
    mallocr.o(i.realloc) refers to mvars.o(.data) for __microlib_freelist
    malloca.o(i.__aligned_malloc) refers to mvars.o(.data) for __microlib_freelist_initialised
    malloca.o(i.__aligned_malloc) refers to mvars.o(.data) for __microlib_freelist
    malloca.o(i.__aligned_malloc) refers to startup_tm4c123.o(HEAP) for __heap_base
    malloca.o(i.__free$memalign) refers to mvars.o(.data) for __microlib_freelist
    malloca.o(i.__malloc$memalign) refers to malloca.o(i.__aligned_malloc) for __aligned_malloc
    mallocra.o(i.__aligned_malloc$realloc) refers to mallocra.o(i.internal_alloc) for internal_alloc
    mallocra.o(i.__aligned_malloc$realloc) refers to mvars.o(.data) for __microlib_freelist_initialised
    mallocra.o(i.__aligned_malloc$realloc) refers to startup_tm4c123.o(HEAP) for __heap_base
    mallocra.o(i.__aligned_malloc$realloc) refers to mvars.o(.data) for __microlib_freelist
    mallocra.o(i.__free$realloc$memalign) refers to mvars.o(.data) for __microlib_freelist
    mallocra.o(i.__malloc$realloc$memalign) refers to mallocra.o(i.__aligned_malloc$realloc) for __aligned_malloc$realloc
    mallocra.o(i.__realloc$memalign) refers to mallocra.o(i.__free$realloc$memalign) for __free$realloc$memalign
    mallocra.o(i.__realloc$memalign) refers to mallocra.o(i.internal_alloc) for internal_alloc
    mallocra.o(i.__realloc$memalign) refers to mallocra.o(i.__malloc$realloc$memalign) for __malloc$realloc$memalign
    mallocra.o(i.__realloc$memalign) refers to mvars.o(.data) for __microlib_freelist
    mallocra.o(i.internal_alloc) refers to memcpya.o(.text) for __aeabi_memcpy
    mallocra.o(i.internal_alloc) refers to mvars.o(.data) for __microlib_freelist
    entry2.o(.ARM.Collect$$$$00000001) refers to entry2.o(.ARM.Collect$$$$00002712) for __lit__00000000
    entry2.o(.ARM.Collect$$$$00002712) refers to startup_tm4c123.o(STACK) for __initial_sp
    entry2.o(__vectab_stack_and_reset_area) refers to startup_tm4c123.o(STACK) for __initial_sp
    entry2.o(__vectab_stack_and_reset_area) refers to entry.o(.ARM.Collect$$$$00000000) for __main
    entry5.o(.ARM.Collect$$$$00000004) refers to init.o(.text) for __scatterload
    entry9a.o(.ARM.Collect$$$$0000000B) refers to main.o(.text) for main
    entry9b.o(.ARM.Collect$$$$0000000C) refers to main.o(.text) for main
    uldiv.o(.text) refers to llushr.o(.text) for __aeabi_llsr
    uldiv.o(.text) refers to llshl.o(.text) for __aeabi_llsl
    dadd.o(.text) refers to llshl.o(.text) for __aeabi_llsl
    dadd.o(.text) refers to llsshr.o(.text) for __aeabi_lasr
    dadd.o(.text) refers to depilogue.o(.text) for _double_epilogue
    dmul.o(.text) refers to depilogue.o(.text) for _double_epilogue
    ddiv.o(.text) refers to depilogue.o(.text) for _double_round
    dfixul.o(.text) refers to llushr.o(.text) for __aeabi_llsr
    dfixul.o(.text) refers to llshl.o(.text) for __aeabi_llsl
    init.o(.text) refers to entry5.o(.ARM.Collect$$$$00000004) for __main_after_scatterload
    depilogue.o(.text) refers to llshl.o(.text) for __aeabi_llsl
    depilogue.o(.text) refers to llushr.o(.text) for __aeabi_llsr


==============================================================================

Removing Unused input sections from the image.

    Removing main.o(.rev16_text), (4 bytes).
    Removing main.o(.revsh_text), (4 bytes).
    Removing main.o(.rrx_text), (6 bytes).
    Removing serial_debug.o(.rev16_text), (4 bytes).
    Removing serial_debug.o(.revsh_text), (4 bytes).
    Removing serial_debug.o(.rrx_text), (6 bytes).
    Removing accel.o(.rev16_text), (4 bytes).
    Removing accel.o(.revsh_text), (4 bytes).
    Removing accel.o(.rrx_text), (6 bytes).
    Removing accel.o(.text), (424 bytes).
    Removing ece353_images.o(.constdata), (5991 bytes).
    Removing eeprom.o(.rev16_text), (4 bytes).
    Removing eeprom.o(.revsh_text), (4 bytes).
    Removing eeprom.o(.rrx_text), (6 bytes).
    Removing ft6x06.o(.rev16_text), (4 bytes).
    Removing ft6x06.o(.revsh_text), (4 bytes).
    Removing ft6x06.o(.rrx_text), (6 bytes).
    Removing ft6x06.o(.text), (520 bytes).
    Removing launchpad_io.o(.rev16_text), (4 bytes).
    Removing launchpad_io.o(.revsh_text), (4 bytes).
    Removing launchpad_io.o(.rrx_text), (6 bytes).
    Removing launchpad_io.o(.text), (196 bytes).
    Removing lcd.o(.rev16_text), (4 bytes).
    Removing lcd.o(.revsh_text), (4 bytes).
    Removing lcd.o(.rrx_text), (6 bytes).
    Removing lcd_images.o(.constdata), (4864 bytes).
    Removing ps2.o(.rev16_text), (4 bytes).
    Removing ps2.o(.revsh_text), (4 bytes).
    Removing ps2.o(.rrx_text), (6 bytes).
    Removing ps2.o(.text), (88 bytes).
    Removing spi_select.o(.rev16_text), (4 bytes).
    Removing spi_select.o(.revsh_text), (4 bytes).
    Removing spi_select.o(.rrx_text), (6 bytes).
    Removing spi_select.o(.text), (164 bytes).
    Removing ws2812b_ice.o(.rev16_text), (4 bytes).
    Removing ws2812b_ice.o(.revsh_text), (4 bytes).
    Removing ws2812b_ice.o(.rrx_text), (6 bytes).
    Removing ws2812b_ice.o(.text), (236 bytes).
    Removing ws2812b_ice.o(.data), (4 bytes).
    Removing io_expander.o(.rev16_text), (4 bytes).
    Removing io_expander.o(.revsh_text), (4 bytes).
    Removing io_expander.o(.rrx_text), (6 bytes).
    Removing adc.o(.rev16_text), (4 bytes).
    Removing adc.o(.revsh_text), (4 bytes).
    Removing adc.o(.rrx_text), (6 bytes).
    Removing adc.o(.text), (152 bytes).
    Removing gpio_port.o(.rev16_text), (4 bytes).
    Removing gpio_port.o(.revsh_text), (4 bytes).
    Removing gpio_port.o(.rrx_text), (6 bytes).
    Removing i2c.o(.rev16_text), (4 bytes).
    Removing i2c.o(.revsh_text), (4 bytes).
    Removing i2c.o(.rrx_text), (6 bytes).
    Removing spi.o(.rev16_text), (4 bytes).
    Removing spi.o(.revsh_text), (4 bytes).
    Removing spi.o(.rrx_text), (6 bytes).
    Removing spi.o(.text), (396 bytes).
    Removing timers.o(.rev16_text), (4 bytes).
    Removing timers.o(.revsh_text), (4 bytes).
    Removing timers.o(.rrx_text), (6 bytes).
    Removing uart.o(.rev16_text), (4 bytes).
    Removing uart.o(.revsh_text), (4 bytes).
    Removing uart.o(.rrx_text), (6 bytes).
    Removing system_tm4c123.o(.rev16_text), (4 bytes).
    Removing system_tm4c123.o(.revsh_text), (4 bytes).
    Removing system_tm4c123.o(.rrx_text), (6 bytes).
    Removing dadd.o(.text), (334 bytes).
    Removing dmul.o(.text), (228 bytes).
    Removing ddiv.o(.text), (222 bytes).
    Removing dfixul.o(.text), (48 bytes).
    Removing cdrcmple.o(.text), (48 bytes).
    Removing depilogue.o(.text), (186 bytes).

71 unused section(s) (total 14353 bytes) removed from the image.

==============================================================================

Image Symbol Table

    Local Symbols

    Symbol Name                              Value     Ov Type        Size  Object(Section)

    RESET                                    0x00000000   Section      620  startup_tm4c123.o(RESET)
    ../clib/microlib/division.c              0x00000000   Number         0  uldiv.o ABSOLUTE
    ../clib/microlib/division.c              0x00000000   Number         0  uidiv.o ABSOLUTE
    ../clib/microlib/init/entry.s            0x00000000   Number         0  entry7b.o ABSOLUTE
    ../clib/microlib/init/entry.s            0x00000000   Number         0  entry10b.o ABSOLUTE
    ../clib/microlib/init/entry.s            0x00000000   Number         0  entry10a.o ABSOLUTE
    ../clib/microlib/init/entry.s            0x00000000   Number         0  entry9b.o ABSOLUTE
    ../clib/microlib/init/entry.s            0x00000000   Number         0  entry9a.o ABSOLUTE
    ../clib/microlib/init/entry.s            0x00000000   Number         0  entry8b.o ABSOLUTE
    ../clib/microlib/init/entry.s            0x00000000   Number         0  entry8a.o ABSOLUTE
    ../clib/microlib/init/entry.s            0x00000000   Number         0  entry11b.o ABSOLUTE
    ../clib/microlib/init/entry.s            0x00000000   Number         0  entry7a.o ABSOLUTE
    ../clib/microlib/init/entry.s            0x00000000   Number         0  entry2.o ABSOLUTE
    ../clib/microlib/init/entry.s            0x00000000   Number         0  entry11a.o ABSOLUTE
    ../clib/microlib/init/entry.s            0x00000000   Number         0  entry.o ABSOLUTE
    ../clib/microlib/init/entry.s            0x00000000   Number         0  entry5.o ABSOLUTE
    ../clib/microlib/longlong.c              0x00000000   Number         0  llsshr.o ABSOLUTE
    ../clib/microlib/longlong.c              0x00000000   Number         0  llushr.o ABSOLUTE
    ../clib/microlib/longlong.c              0x00000000   Number         0  llshl.o ABSOLUTE
    ../clib/microlib/malloc/malloc.c         0x00000000   Number         0  mallocra.o ABSOLUTE
    ../clib/microlib/malloc/malloc.c         0x00000000   Number         0  malloca.o ABSOLUTE
    ../clib/microlib/malloc/malloc.c         0x00000000   Number         0  malloc.o ABSOLUTE
    ../clib/microlib/malloc/malloc.c         0x00000000   Number         0  mallocr.o ABSOLUTE
    ../clib/microlib/malloc/mvars.c          0x00000000   Number         0  mvars.o ABSOLUTE
    ../clib/microlib/printf/printf.c         0x00000000   Number         0  printfa.o ABSOLUTE
    ../clib/microlib/printf/printf.c         0x00000000   Number         0  printf0.o ABSOLUTE
    ../clib/microlib/printf/printf.c         0x00000000   Number         0  printf3.o ABSOLUTE
    ../clib/microlib/printf/printf.c         0x00000000   Number         0  printf1.o ABSOLUTE
    ../clib/microlib/printf/printf.c         0x00000000   Number         0  printf2.o ABSOLUTE
    ../clib/microlib/printf/printf.c         0x00000000   Number         0  printf4.o ABSOLUTE
    ../clib/microlib/printf/printf.c         0x00000000   Number         0  printf6.o ABSOLUTE
    ../clib/microlib/printf/printf.c         0x00000000   Number         0  printf7.o ABSOLUTE
    ../clib/microlib/printf/printf.c         0x00000000   Number         0  printf5.o ABSOLUTE
    ../clib/microlib/printf/printf.c         0x00000000   Number         0  printf8.o ABSOLUTE
    ../clib/microlib/printf/printf.c         0x00000000   Number         0  printfb.o ABSOLUTE
    ../clib/microlib/printf/stubs.s          0x00000000   Number         0  stubs.o ABSOLUTE
    ../clib/microlib/stdio/streams.c         0x00000000   Number         0  stdout.o ABSOLUTE
    ../clib/microlib/string/memcpy.c         0x00000000   Number         0  memcpya.o ABSOLUTE
    ../clib/microlib/string/memcpy.c         0x00000000   Number         0  memcpyb.o ABSOLUTE
    ../clib/microlib/stubs.s                 0x00000000   Number         0  iusefp.o ABSOLUTE
    ../fplib/microlib/fpadd.c                0x00000000   Number         0  dadd.o ABSOLUTE
    ../fplib/microlib/fpdiv.c                0x00000000   Number         0  ddiv.o ABSOLUTE
    ../fplib/microlib/fpepilogue.c           0x00000000   Number         0  depilogue.o ABSOLUTE
    ../fplib/microlib/fpfix.c                0x00000000   Number         0  dfixul.o ABSOLUTE
    ../fplib/microlib/fpmul.c                0x00000000   Number         0  dmul.o ABSOLUTE
    ..\\drivers\\c\\adc.c                    0x00000000   Number         0  adc.o ABSOLUTE
    ..\\drivers\\c\\gpio_port.c              0x00000000   Number         0  gpio_port.o ABSOLUTE
    ..\\drivers\\c\\i2c.c                    0x00000000   Number         0  i2c.o ABSOLUTE
    ..\\drivers\\c\\spi.c                    0x00000000   Number         0  spi.o ABSOLUTE
    ..\\drivers\\c\\timers.c                 0x00000000   Number         0  timers.o ABSOLUTE
    ..\\drivers\\c\\uart.c                   0x00000000   Number         0  uart.o ABSOLUTE
    ..\\peripherals\\c\\accel.c              0x00000000   Number         0  accel.o ABSOLUTE
    ..\\peripherals\\c\\eeprom.c             0x00000000   Number         0  eeprom.o ABSOLUTE
    ..\\peripherals\\c\\ft6x06.c             0x00000000   Number         0  ft6x06.o ABSOLUTE
    ..\\peripherals\\c\\io_expander.c        0x00000000   Number         0  io_expander.o ABSOLUTE
    ..\\peripherals\\c\\launchpad_io.c       0x00000000   Number         0  launchpad_io.o ABSOLUTE
    ..\\peripherals\\c\\lcd.c                0x00000000   Number         0  lcd.o ABSOLUTE
    ..\\peripherals\\c\\ps2.c                0x00000000   Number         0  ps2.o ABSOLUTE
    ..\\peripherals\\c\\serial_debug.c       0x00000000   Number         0  serial_debug.o ABSOLUTE
    ..\\peripherals\\c\\spi_select.c         0x00000000   Number         0  spi_select.o ABSOLUTE
    ..\\peripherals\\c\\ws2812b_ice.c        0x00000000   Number         0  ws2812b_ice.o ABSOLUTE
    ..\drivers\c\adc.c                       0x00000000   Number         0  adc.o ABSOLUTE
    ..\drivers\c\gpio_port.c                 0x00000000   Number         0  gpio_port.o ABSOLUTE
    ..\drivers\c\i2c.c                       0x00000000   Number         0  i2c.o ABSOLUTE
    ..\drivers\c\pc_buffer.c                 0x00000000   Number         0  pc_buffer.o ABSOLUTE
    ..\drivers\c\spi.c                       0x00000000   Number         0  spi.o ABSOLUTE
    ..\drivers\c\timers.c                    0x00000000   Number         0  timers.o ABSOLUTE
    ..\drivers\c\uart.c                      0x00000000   Number         0  uart.o ABSOLUTE
    ..\peripherals\c\accel.c                 0x00000000   Number         0  accel.o ABSOLUTE
    ..\peripherals\c\ece353_images.c         0x00000000   Number         0  ece353_images.o ABSOLUTE
    ..\peripherals\c\eeprom.c                0x00000000   Number         0  eeprom.o ABSOLUTE
    ..\peripherals\c\ft6x06.c                0x00000000   Number         0  ft6x06.o ABSOLUTE
    ..\peripherals\c\io_expander.c           0x00000000   Number         0  io_expander.o ABSOLUTE
    ..\peripherals\c\launchpad_io.c          0x00000000   Number         0  launchpad_io.o ABSOLUTE
    ..\peripherals\c\lcd.c                   0x00000000   Number         0  lcd.o ABSOLUTE
    ..\peripherals\c\lcd_images.c            0x00000000   Number         0  lcd_images.o ABSOLUTE
    ..\peripherals\c\ps2.c                   0x00000000   Number         0  ps2.o ABSOLUTE
    ..\peripherals\c\serial_debug.c          0x00000000   Number         0  serial_debug.o ABSOLUTE
    ..\peripherals\c\spi_select.c            0x00000000   Number         0  spi_select.o ABSOLUTE
    ..\peripherals\c\ws2812b_ice.c           0x00000000   Number         0  ws2812b_ice.o ABSOLUTE
    RTE\Device\TM4C123GH6PM\startup_TM4C123.s 0x00000000   Number         0  startup_tm4c123.o ABSOLUTE
    RTE\Device\TM4C123GH6PM\system_TM4C123.c 0x00000000   Number         0  system_tm4c123.o ABSOLUTE
    RTE\\Device\\TM4C123GH6PM\\system_TM4C123.c 0x00000000   Number         0  system_tm4c123.o ABSOLUTE
    cdrcmple.s                               0x00000000   Number         0  cdrcmple.o ABSOLUTE
    dc.s                                     0x00000000   Number         0  dc.o ABSOLUTE
    handlers.s                               0x00000000   Number         0  handlers.o ABSOLUTE
    init.s                                   0x00000000   Number         0  init.o ABSOLUTE
    main.c                                   0x00000000   Number         0  main.o ABSOLUTE
    main.c                                   0x00000000   Number         0  main.o ABSOLUTE
    .ARM.Collect$$$$00000000                 0x0000026c   Section        0  entry.o(.ARM.Collect$$$$00000000)
    .ARM.Collect$$$$00000001                 0x0000026c   Section        4  entry2.o(.ARM.Collect$$$$00000001)
    .ARM.Collect$$$$00000004                 0x00000270   Section        4  entry5.o(.ARM.Collect$$$$00000004)
    .ARM.Collect$$$$00000008                 0x00000274   Section        0  entry7b.o(.ARM.Collect$$$$00000008)
    .ARM.Collect$$$$0000000A                 0x00000274   Section        0  entry8b.o(.ARM.Collect$$$$0000000A)
    .ARM.Collect$$$$0000000B                 0x00000274   Section        8  entry9a.o(.ARM.Collect$$$$0000000B)
    .ARM.Collect$$$$0000000D                 0x0000027c   Section        0  entry10a.o(.ARM.Collect$$$$0000000D)
    .ARM.Collect$$$$0000000F                 0x0000027c   Section        0  entry11a.o(.ARM.Collect$$$$0000000F)
    .ARM.Collect$$$$00002712                 0x0000027c   Section        4  entry2.o(.ARM.Collect$$$$00002712)
    __lit__00000000                          0x0000027c   Data           4  entry2.o(.ARM.Collect$$$$00002712)
    .text                                    0x00000280   Section        0  main.o(.text)
    .text                                    0x000006b8   Section        0  serial_debug.o(.text)
    .text                                    0x000008a8   Section        0  eeprom.o(.text)
    eeprom_wait_for_write                    0x000008a9   Thumb Code    68  eeprom.o(.text)
    .text                                    0x00000a74   Section        0  lcd.o(.text)
    delayms                                  0x00000a75   Thumb Code    26  lcd.o(.text)
    lcd_write_cmd_u8                         0x00000a8f   Thumb Code    40  lcd.o(.text)
    lcd_write_data_u8                        0x00000ab7   Thumb Code    28  lcd.o(.text)
    .text                                    0x00000ef0   Section        0  io_expander.o(.text)
    .text                                    0x00001028   Section        0  gpio_port.o(.text)
    verify_base_addr                         0x00001029   Thumb Code    64  gpio_port.o(.text)
    .text                                    0x0000134c   Section        0  i2c.o(.text)
    .text                                    0x00001554   Section        0  pc_buffer.o(.text)
    .text                                    0x000015d4   Section        0  timers.o(.text)
    verify_base_addr                         0x000015d5   Thumb Code    64  timers.o(.text)
    get_clock_masks                          0x00001615   Thumb Code   106  timers.o(.text)
    .text                                    0x000017e4   Section        0  uart.o(.text)
    .text                                    0x00001a74   Section      252  startup_tm4c123.o(.text)
    $v0                                      0x00001a74   Number         0  startup_tm4c123.o(.text)
    .text                                    0x00001b70   Section        0  system_tm4c123.o(.text)
    getOscClk                                0x00001b71   Thumb Code   182  system_tm4c123.o(.text)
    .text                                    0x00001dbc   Section        0  memcpya.o(.text)
    .text                                    0x00001de0   Section       36  init.o(.text)
    i.__0printf$2                            0x00001e04   Section        0  printf2.o(i.__0printf$2)
    i.__0sprintf$2                           0x00001e24   Section        0  printf2.o(i.__0sprintf$2)
    i.__scatterload_copy                     0x00001e4c   Section       14  handlers.o(i.__scatterload_copy)
    i.__scatterload_null                     0x00001e5a   Section        2  handlers.o(i.__scatterload_null)
    i.__scatterload_zeroinit                 0x00001e5c   Section       14  handlers.o(i.__scatterload_zeroinit)
    i._printf_core                           0x00001e6a   Section        0  printf2.o(i._printf_core)
    _printf_core                             0x00001e6b   Thumb Code   214  printf2.o(i._printf_core)
    i._sputc                                 0x00001f40   Section        0  printf2.o(i._sputc)
    _sputc                                   0x00001f41   Thumb Code    10  printf2.o(i._sputc)
    i.lcd_write_data_u16                     0x00001f4c   Section        0  lcd.o(i.lcd_write_data_u16)
    i.malloc                                 0x00001f88   Section        0  malloc.o(i.malloc)
    .constdata                               0x00001ff4   Section      240  main.o(.constdata)
    .data                                    0x20000000   Section       28  main.o(.data)
    .data                                    0x2000001c   Section        2  serial_debug.o(.data)
    Rx_Interrupts_Enabled                    0x2000001c   Data           1  serial_debug.o(.data)
    Tx_Interrupts_Enabled                    0x2000001d   Data           1  serial_debug.o(.data)
    .data                                    0x20000020   Section        4  system_tm4c123.o(.data)
    .data                                    0x20000024   Section        4  stdout.o(.data)
    .data                                    0x20000028   Section        4  mvars.o(.data)
    .data                                    0x2000002c   Section        4  mvars.o(.data)
    .bss                                     0x20000030   Section       28  serial_debug.o(.bss)
    HEAP                                     0x20000050   Section        0  startup_tm4c123.o(HEAP)
    STACK                                    0x20000050   Section      512  startup_tm4c123.o(STACK)

    Global Symbols

    Symbol Name                              Value     Ov Type        Size  Object(Section)

    BuildAttributes$$THM_ISAv4$E$P$D$K$B$S$7EM$VFPi3$EXTD16$VFPS$VFMA$PE$A:L22UL41UL21$X:L11$S22US41US21$IEEE1$IW$USESV6$~STKCKD$USESV7$~SHL$OSPACE$ROPI$EBA8$MICROLIB$REQ8$PRES8$EABIv2 0x00000000   Number         0  anon$$obj.o ABSOLUTE
    __ARM_use_no_argv                        0x00000000   Number         0  main.o ABSOLUTE
    __Vectors                                0x00000000   Data           4  startup_tm4c123.o(RESET)
    _printf_a                                0x00000000   Number         0  stubs.o ABSOLUTE
    _printf_c                                0x00000000   Number         0  stubs.o ABSOLUTE
    _printf_charcount                        0x00000000   Number         0  stubs.o ABSOLUTE
    _printf_d                                0x00000000   Number         0  stubs.o ABSOLUTE
    _printf_e                                0x00000000   Number         0  stubs.o ABSOLUTE
    _printf_f                                0x00000000   Number         0  stubs.o ABSOLUTE
    _printf_flags                            0x00000000   Number         0  stubs.o ABSOLUTE
    _printf_fp_dec                           0x00000000   Number         0  stubs.o ABSOLUTE
    _printf_fp_hex                           0x00000000   Number         0  stubs.o ABSOLUTE
    _printf_g                                0x00000000   Number         0  stubs.o ABSOLUTE
    _printf_i                                0x00000000   Number         0  stubs.o ABSOLUTE
    _printf_int_dec                          0x00000000   Number         0  stubs.o ABSOLUTE
    _printf_l                                0x00000000   Number         0  stubs.o ABSOLUTE
    _printf_lc                               0x00000000   Number         0  stubs.o ABSOLUTE
    _printf_ll                               0x00000000   Number         0  stubs.o ABSOLUTE
    _printf_lld                              0x00000000   Number         0  stubs.o ABSOLUTE
    _printf_lli                              0x00000000   Number         0  stubs.o ABSOLUTE
    _printf_llo                              0x00000000   Number         0  stubs.o ABSOLUTE
    _printf_llu                              0x00000000   Number         0  stubs.o ABSOLUTE
    _printf_llx                              0x00000000   Number         0  stubs.o ABSOLUTE
    _printf_longlong_dec                     0x00000000   Number         0  stubs.o ABSOLUTE
    _printf_longlong_hex                     0x00000000   Number         0  stubs.o ABSOLUTE
    _printf_longlong_oct                     0x00000000   Number         0  stubs.o ABSOLUTE
    _printf_ls                               0x00000000   Number         0  stubs.o ABSOLUTE
    _printf_mbtowc                           0x00000000   Number         0  stubs.o ABSOLUTE
    _printf_n                                0x00000000   Number         0  stubs.o ABSOLUTE
    _printf_o                                0x00000000   Number         0  stubs.o ABSOLUTE
    _printf_p                                0x00000000   Number         0  stubs.o ABSOLUTE
    _printf_percent                          0x00000000   Number         0  stubs.o ABSOLUTE
    _printf_pre_padding                      0x00000000   Number         0  stubs.o ABSOLUTE
    _printf_return_value                     0x00000000   Number         0  stubs.o ABSOLUTE
    _printf_s                                0x00000000   Number         0  stubs.o ABSOLUTE
    _printf_sizespec                         0x00000000   Number         0  stubs.o ABSOLUTE
    _printf_str                              0x00000000   Number         0  stubs.o ABSOLUTE
    _printf_truncate_signed                  0x00000000   Number         0  stubs.o ABSOLUTE
    _printf_truncate_unsigned                0x00000000   Number         0  stubs.o ABSOLUTE
    _printf_u                                0x00000000   Number         0  stubs.o ABSOLUTE
    _printf_wc                               0x00000000   Number         0  stubs.o ABSOLUTE
    _printf_wctomb                           0x00000000   Number         0  stubs.o ABSOLUTE
    _printf_widthprec                        0x00000000   Number         0  stubs.o ABSOLUTE
    _printf_x                                0x00000000   Number         0  stubs.o ABSOLUTE
    __cpp_initialize__aeabi_                  - Undefined Weak Reference
    __cxa_finalize                            - Undefined Weak Reference
    __decompress                              - Undefined Weak Reference
    _clock_init                               - Undefined Weak Reference
    _microlib_exit                            - Undefined Weak Reference
    __Vectors_End                            0x0000026c   Data           0  startup_tm4c123.o(RESET)
    __Vectors_Size                           0x0000026c   Number         0  startup_tm4c123.o ABSOLUTE
    __main                                   0x0000026d   Thumb Code     0  entry.o(.ARM.Collect$$$$00000000)
    _main_stk                                0x0000026d   Thumb Code     0  entry2.o(.ARM.Collect$$$$00000001)
    _main_scatterload                        0x00000271   Thumb Code     0  entry5.o(.ARM.Collect$$$$00000004)
    __main_after_scatterload                 0x00000275   Thumb Code     0  entry5.o(.ARM.Collect$$$$00000004)
    _main_clock                              0x00000275   Thumb Code     0  entry7b.o(.ARM.Collect$$$$00000008)
    _main_cpp_init                           0x00000275   Thumb Code     0  entry8b.o(.ARM.Collect$$$$0000000A)
    _main_init                               0x00000275   Thumb Code     0  entry9a.o(.ARM.Collect$$$$0000000B)
    __rt_final_cpp                           0x0000027d   Thumb Code     0  entry10a.o(.ARM.Collect$$$$0000000D)
    __rt_final_exit                          0x0000027d   Thumb Code     0  entry11a.o(.ARM.Collect$$$$0000000F)
    DisableInterrupts                        0x00000281   Thumb Code     4  main.o(.text)
    EnableInterrupts                         0x00000285   Thumb Code     4  main.o(.text)
    TIMER1A_Handler                          0x00000289   Thumb Code    18  main.o(.text)
    init_gpio                                0x0000029b   Thumb Code    80  main.o(.text)
    init_i2c                                 0x000002eb   Thumb Code   142  main.o(.text)
    init_hardware                            0x00000379   Thumb Code   114  main.o(.text)
    eeprom_write_info                        0x000003eb   Thumb Code   144  main.o(.text)
    eeprom_print_info                        0x0000047b   Thumb Code   142  main.o(.text)
    GPIOF_Handler                            0x00000509   Thumb Code    30  main.o(.text)
    main                                     0x00000527   Thumb Code   266  main.o(.text)
    init_serial_debug                        0x000006b9   Thumb Code    90  serial_debug.o(.text)
    serial_debug_rx                          0x00000713   Thumb Code    46  serial_debug.o(.text)
    serial_debug_tx                          0x00000741   Thumb Code    84  serial_debug.o(.text)
    fputc                                    0x00000795   Thumb Code    66  serial_debug.o(.text)
    fgetc                                    0x000007d7   Thumb Code    50  serial_debug.o(.text)
    UART0_Handler                            0x00000809   Thumb Code   136  serial_debug.o(.text)
    eeprom_byte_write                        0x000008ed   Thumb Code   106  eeprom.o(.text)
    eeprom_byte_read                         0x00000957   Thumb Code   124  eeprom.o(.text)
    eeprom_init                              0x000009d3   Thumb Code   156  eeprom.o(.text)
    lcd_set_pos                              0x00000ad3   Thumb Code    58  lcd.o(.text)
    lcd_clear_screen                         0x00000b0d   Thumb Code    52  lcd.o(.text)
    lcd_draw_image                           0x00000b41   Thumb Code   242  lcd.o(.text)
    lcd_config_gpio                          0x00000c33   Thumb Code   128  lcd.o(.text)
    lcd_config_screen                        0x00000cb3   Thumb Code   568  lcd.o(.text)
    io_expander_write_reg                    0x00000ef1   Thumb Code    70  io_expander.o(.text)
    io_expander_read_reg                     0x00000f37   Thumb Code    94  io_expander.o(.text)
    io_expander_init                         0x00000f95   Thumb Code   110  io_expander.o(.text)
    light_control                            0x00001003   Thumb Code    14  io_expander.o(.text)
    read_button                              0x00001011   Thumb Code    14  io_expander.o(.text)
    gpio_get_irq_num                         0x00001069   Thumb Code    74  gpio_port.o(.text)
    gpio_enable_port                         0x000010b3   Thumb Code   156  gpio_port.o(.text)
    gpio_config_digital_enable               0x0000114f   Thumb Code    34  gpio_port.o(.text)
    gpio_config_enable_output                0x00001171   Thumb Code    34  gpio_port.o(.text)
    gpio_config_enable_input                 0x00001193   Thumb Code    34  gpio_port.o(.text)
    gpio_config_enable_pullup                0x000011b5   Thumb Code    34  gpio_port.o(.text)
    gpio_config_enable_pulldown              0x000011d7   Thumb Code    34  gpio_port.o(.text)
    gpio_config_analog_enable                0x000011f9   Thumb Code    34  gpio_port.o(.text)
    gpio_config_alternate_function           0x0000121b   Thumb Code    34  gpio_port.o(.text)
    gpio_config_port_control                 0x0000123d   Thumb Code    44  gpio_port.o(.text)
    gpio_config_open_drain                   0x00001269   Thumb Code    34  gpio_port.o(.text)
    gpio_config_falling_edge_irq             0x0000128b   Thumb Code   154  gpio_port.o(.text)
    initializeI2CMaster                      0x0000134d   Thumb Code   160  i2c.o(.text)
    i2cVerifyBaseAddr                        0x000013ed   Thumb Code    36  i2c.o(.text)
    i2cSetSlaveAddr                          0x00001411   Thumb Code    30  i2c.o(.text)
    i2cStop                                  0x0000142f   Thumb Code    26  i2c.o(.text)
    I2CMasterBusy                            0x00001449   Thumb Code    34  i2c.o(.text)
    I2CMasterAdrAck                          0x0000146b   Thumb Code    34  i2c.o(.text)
    I2CMasterDatAck                          0x0000148d   Thumb Code    34  i2c.o(.text)
    i2cSendByte                              0x000014af   Thumb Code    82  i2c.o(.text)
    i2cGetByte                               0x00001501   Thumb Code    60  i2c.o(.text)
    pc_buffer_init                           0x00001555   Thumb Code    26  pc_buffer.o(.text)
    pc_buffer_add                            0x0000156f   Thumb Code    30  pc_buffer.o(.text)
    pc_buffer_remove                         0x0000158d   Thumb Code    32  pc_buffer.o(.text)
    pc_buffer_empty                          0x000015ad   Thumb Code    18  pc_buffer.o(.text)
    pc_buffer_full                           0x000015bf   Thumb Code    22  pc_buffer.o(.text)
    gp_timer_wait                            0x0000167f   Thumb Code    64  timers.o(.text)
    gp_timer_config_32                       0x000016bf   Thumb Code   116  timers.o(.text)
    timer_get_irq_num                        0x00001733   Thumb Code    28  timers.o(.text)
    gp_timer_enable                          0x0000174f   Thumb Code   122  timers.o(.text)
    verify_uart_base                         0x000017e5   Thumb Code    54  uart.o(.text)
    uart_get_rcgc_mask                       0x0000181b   Thumb Code    68  uart.o(.text)
    uart_get_pr_mask                         0x0000185f   Thumb Code    68  uart.o(.text)
    uart_get_irq_num                         0x000018a3   Thumb Code    68  uart.o(.text)
    uart_tx_poll                             0x000018e7   Thumb Code    38  uart.o(.text)
    uart_tx_poll_string                      0x0000190d   Thumb Code    50  uart.o(.text)
    uart_rx_poll                             0x0000193f   Thumb Code    70  uart.o(.text)
    uart_init                                0x00001985   Thumb Code   222  uart.o(.text)
    Reset_Handler                            0x00001a75   Thumb Code     8  startup_tm4c123.o(.text)
    NMI_Handler                              0x00001a7d   Thumb Code     2  startup_tm4c123.o(.text)
    HardFault_Handler                        0x00001a7f   Thumb Code     2  startup_tm4c123.o(.text)
    MemManage_Handler                        0x00001a81   Thumb Code     2  startup_tm4c123.o(.text)
    BusFault_Handler                         0x00001a83   Thumb Code     2  startup_tm4c123.o(.text)
    UsageFault_Handler                       0x00001a85   Thumb Code     2  startup_tm4c123.o(.text)
    SVC_Handler                              0x00001a87   Thumb Code     2  startup_tm4c123.o(.text)
    DebugMon_Handler                         0x00001a89   Thumb Code     2  startup_tm4c123.o(.text)
    PendSV_Handler                           0x00001a8b   Thumb Code     2  startup_tm4c123.o(.text)
    SysTick_Handler                          0x00001a8d   Thumb Code     2  startup_tm4c123.o(.text)
    GPIOA_Handler                            0x00001a8f   Thumb Code     2  startup_tm4c123.o(.text)
    GPIOB_Handler                            0x00001a91   Thumb Code     2  startup_tm4c123.o(.text)
    GPIOC_Handler                            0x00001a93   Thumb Code     2  startup_tm4c123.o(.text)
    GPIOD_Handler                            0x00001a95   Thumb Code     2  startup_tm4c123.o(.text)
    GPIOE_Handler                            0x00001a97   Thumb Code     2  startup_tm4c123.o(.text)
    UART1_Handler                            0x00001a9b   Thumb Code     2  startup_tm4c123.o(.text)
    SSI0_Handler                             0x00001a9d   Thumb Code     2  startup_tm4c123.o(.text)
    I2C0_Handler                             0x00001a9f   Thumb Code     2  startup_tm4c123.o(.text)
    PMW0_FAULT_Handler                       0x00001aa1   Thumb Code     2  startup_tm4c123.o(.text)
    PWM0_0_Handler                           0x00001aa3   Thumb Code     2  startup_tm4c123.o(.text)
    PWM0_1_Handler                           0x00001aa5   Thumb Code     2  startup_tm4c123.o(.text)
    PWM0_2_Handler                           0x00001aa7   Thumb Code     2  startup_tm4c123.o(.text)
    QEI0_Handler                             0x00001aa9   Thumb Code     2  startup_tm4c123.o(.text)
    ADC0SS0_Handler                          0x00001aab   Thumb Code     2  startup_tm4c123.o(.text)
    ADC0SS1_Handler                          0x00001aad   Thumb Code     2  startup_tm4c123.o(.text)
    ADC0SS2_Handler                          0x00001aaf   Thumb Code     2  startup_tm4c123.o(.text)
    ADC0SS3_Handler                          0x00001ab1   Thumb Code     2  startup_tm4c123.o(.text)
    WDT0_Handler                             0x00001ab3   Thumb Code     2  startup_tm4c123.o(.text)
    TIMER0A_Handler                          0x00001ab5   Thumb Code     2  startup_tm4c123.o(.text)
    TIMER0B_Handler                          0x00001ab7   Thumb Code     2  startup_tm4c123.o(.text)
    TIMER1B_Handler                          0x00001abb   Thumb Code     2  startup_tm4c123.o(.text)
    TIMER2A_Handler                          0x00001abd   Thumb Code     2  startup_tm4c123.o(.text)
    TIMER2B_Handler                          0x00001abf   Thumb Code     2  startup_tm4c123.o(.text)
    COMP0_Handler                            0x00001ac1   Thumb Code     2  startup_tm4c123.o(.text)
    COMP1_Handler                            0x00001ac3   Thumb Code     2  startup_tm4c123.o(.text)
    COMP2_Handler                            0x00001ac5   Thumb Code     2  startup_tm4c123.o(.text)
    SYSCTL_Handler                           0x00001ac7   Thumb Code     2  startup_tm4c123.o(.text)
    FLASH_Handler                            0x00001ac9   Thumb Code     2  startup_tm4c123.o(.text)
    GPIOG_Handler                            0x00001acd   Thumb Code     2  startup_tm4c123.o(.text)
    GPIOH_Handler                            0x00001acf   Thumb Code     2  startup_tm4c123.o(.text)
    UART2_Handler                            0x00001ad1   Thumb Code     2  startup_tm4c123.o(.text)
    SSI1_Handler                             0x00001ad3   Thumb Code     2  startup_tm4c123.o(.text)
    TIMER3A_Handler                          0x00001ad5   Thumb Code     2  startup_tm4c123.o(.text)
    TIMER3B_Handler                          0x00001ad7   Thumb Code     2  startup_tm4c123.o(.text)
    I2C1_Handler                             0x00001ad9   Thumb Code     2  startup_tm4c123.o(.text)
    QEI1_Handler                             0x00001adb   Thumb Code     2  startup_tm4c123.o(.text)
    CAN0_Handler                             0x00001add   Thumb Code     2  startup_tm4c123.o(.text)
    CAN1_Handler                             0x00001adf   Thumb Code     2  startup_tm4c123.o(.text)
    CAN2_Handler                             0x00001ae1   Thumb Code     2  startup_tm4c123.o(.text)
    HIB_Handler                              0x00001ae3   Thumb Code     2  startup_tm4c123.o(.text)
    USB0_Handler                             0x00001ae5   Thumb Code     2  startup_tm4c123.o(.text)
    PWM0_3_Handler                           0x00001ae7   Thumb Code     2  startup_tm4c123.o(.text)
    UDMA_Handler                             0x00001ae9   Thumb Code     2  startup_tm4c123.o(.text)
    UDMAERR_Handler                          0x00001aeb   Thumb Code     2  startup_tm4c123.o(.text)
    ADC1SS0_Handler                          0x00001aed   Thumb Code     2  startup_tm4c123.o(.text)
    ADC1SS1_Handler                          0x00001aef   Thumb Code     2  startup_tm4c123.o(.text)
    ADC1SS2_Handler                          0x00001af1   Thumb Code     2  startup_tm4c123.o(.text)
    ADC1SS3_Handler                          0x00001af3   Thumb Code     2  startup_tm4c123.o(.text)
    GPIOJ_Handler                            0x00001af5   Thumb Code     2  startup_tm4c123.o(.text)
    GPIOK_Handler                            0x00001af7   Thumb Code     2  startup_tm4c123.o(.text)
    GPIOL_Handler                            0x00001af9   Thumb Code     2  startup_tm4c123.o(.text)
    SSI2_Handler                             0x00001afb   Thumb Code     2  startup_tm4c123.o(.text)
    SSI3_Handler                             0x00001afd   Thumb Code     2  startup_tm4c123.o(.text)
    UART3_Handler                            0x00001aff   Thumb Code     2  startup_tm4c123.o(.text)
    UART4_Handler                            0x00001b01   Thumb Code     2  startup_tm4c123.o(.text)
    UART5_Handler                            0x00001b03   Thumb Code     2  startup_tm4c123.o(.text)
    UART6_Handler                            0x00001b05   Thumb Code     2  startup_tm4c123.o(.text)
    UART7_Handler                            0x00001b07   Thumb Code     2  startup_tm4c123.o(.text)
    I2C2_Handler                             0x00001b09   Thumb Code     2  startup_tm4c123.o(.text)
    I2C3_Handler                             0x00001b0b   Thumb Code     2  startup_tm4c123.o(.text)
    TIMER4A_Handler                          0x00001b0d   Thumb Code     2  startup_tm4c123.o(.text)
    TIMER4B_Handler                          0x00001b0f   Thumb Code     2  startup_tm4c123.o(.text)
    TIMER5A_Handler                          0x00001b11   Thumb Code     2  startup_tm4c123.o(.text)
    TIMER5B_Handler                          0x00001b13   Thumb Code     2  startup_tm4c123.o(.text)
    WTIMER0A_Handler                         0x00001b15   Thumb Code     2  startup_tm4c123.o(.text)
    WTIMER0B_Handler                         0x00001b17   Thumb Code     2  startup_tm4c123.o(.text)
    WTIMER1A_Handler                         0x00001b19   Thumb Code     2  startup_tm4c123.o(.text)
    WTIMER1B_Handler                         0x00001b1b   Thumb Code     2  startup_tm4c123.o(.text)
    WTIMER2A_Handler                         0x00001b1d   Thumb Code     2  startup_tm4c123.o(.text)
    WTIMER2B_Handler                         0x00001b1f   Thumb Code     2  startup_tm4c123.o(.text)
    WTIMER3A_Handler                         0x00001b21   Thumb Code     2  startup_tm4c123.o(.text)
    WTIMER3B_Handler                         0x00001b23   Thumb Code     2  startup_tm4c123.o(.text)
    WTIMER4A_Handler                         0x00001b25   Thumb Code     2  startup_tm4c123.o(.text)
    WTIMER4B_Handler                         0x00001b27   Thumb Code     2  startup_tm4c123.o(.text)
    WTIMER5A_Handler                         0x00001b29   Thumb Code     2  startup_tm4c123.o(.text)
    WTIMER5B_Handler                         0x00001b2b   Thumb Code     2  startup_tm4c123.o(.text)
    FPU_Handler                              0x00001b2d   Thumb Code     2  startup_tm4c123.o(.text)
    I2C4_Handler                             0x00001b2f   Thumb Code     2  startup_tm4c123.o(.text)
    I2C5_Handler                             0x00001b31   Thumb Code     2  startup_tm4c123.o(.text)
    GPIOM_Handler                            0x00001b33   Thumb Code     2  startup_tm4c123.o(.text)
    GPION_Handler                            0x00001b35   Thumb Code     2  startup_tm4c123.o(.text)
    QEI2_Handler                             0x00001b37   Thumb Code     2  startup_tm4c123.o(.text)
    GPIOP0_Handler                           0x00001b39   Thumb Code     2  startup_tm4c123.o(.text)
    GPIOP1_Handler                           0x00001b3b   Thumb Code     2  startup_tm4c123.o(.text)
    GPIOP2_Handler                           0x00001b3d   Thumb Code     2  startup_tm4c123.o(.text)
    GPIOP3_Handler                           0x00001b3f   Thumb Code     2  startup_tm4c123.o(.text)
    GPIOP4_Handler                           0x00001b41   Thumb Code     2  startup_tm4c123.o(.text)
    GPIOP5_Handler                           0x00001b43   Thumb Code     2  startup_tm4c123.o(.text)
    GPIOP6_Handler                           0x00001b45   Thumb Code     2  startup_tm4c123.o(.text)
    GPIOP7_Handler                           0x00001b47   Thumb Code     2  startup_tm4c123.o(.text)
    GPIOQ0_Handler                           0x00001b49   Thumb Code     2  startup_tm4c123.o(.text)
    GPIOQ1_Handler                           0x00001b4b   Thumb Code     2  startup_tm4c123.o(.text)
    GPIOQ2_Handler                           0x00001b4d   Thumb Code     2  startup_tm4c123.o(.text)
    GPIOQ3_Handler                           0x00001b4f   Thumb Code     2  startup_tm4c123.o(.text)
    GPIOQ4_Handler                           0x00001b51   Thumb Code     2  startup_tm4c123.o(.text)
    GPIOQ5_Handler                           0x00001b53   Thumb Code     2  startup_tm4c123.o(.text)
    GPIOQ6_Handler                           0x00001b55   Thumb Code     2  startup_tm4c123.o(.text)
    GPIOQ7_Handler                           0x00001b57   Thumb Code     2  startup_tm4c123.o(.text)
    GPIOR_Handler                            0x00001b59   Thumb Code     2  startup_tm4c123.o(.text)
    GPIOS_Handler                            0x00001b5b   Thumb Code     2  startup_tm4c123.o(.text)
    PMW1_0_Handler                           0x00001b5d   Thumb Code     2  startup_tm4c123.o(.text)
    PWM1_1_Handler                           0x00001b5f   Thumb Code     2  startup_tm4c123.o(.text)
    PWM1_2_Handler                           0x00001b61   Thumb Code     2  startup_tm4c123.o(.text)
    PWM1_3_Handler                           0x00001b63   Thumb Code     2  startup_tm4c123.o(.text)
    PWM1_FAULT_Handler                       0x00001b65   Thumb Code     2  startup_tm4c123.o(.text)
    SystemCoreClockUpdate                    0x00001c27   Thumb Code   184  system_tm4c123.o(.text)
    SystemInit                               0x00001cdf   Thumb Code   112  system_tm4c123.o(.text)
    __aeabi_memcpy                           0x00001dbd   Thumb Code    36  memcpya.o(.text)
    __aeabi_memcpy4                          0x00001dbd   Thumb Code     0  memcpya.o(.text)
    __aeabi_memcpy8                          0x00001dbd   Thumb Code     0  memcpya.o(.text)
    __scatterload                            0x00001de1   Thumb Code    28  init.o(.text)
    __scatterload_rt2                        0x00001de1   Thumb Code     0  init.o(.text)
    __0printf$2                              0x00001e05   Thumb Code    22  printf2.o(i.__0printf$2)
    __1printf$2                              0x00001e05   Thumb Code     0  printf2.o(i.__0printf$2)
    __2printf                                0x00001e05   Thumb Code     0  printf2.o(i.__0printf$2)
    __0sprintf$2                             0x00001e25   Thumb Code    34  printf2.o(i.__0sprintf$2)
    __1sprintf$2                             0x00001e25   Thumb Code     0  printf2.o(i.__0sprintf$2)
    __2sprintf                               0x00001e25   Thumb Code     0  printf2.o(i.__0sprintf$2)
    __scatterload_copy                       0x00001e4d   Thumb Code    14  handlers.o(i.__scatterload_copy)
    __scatterload_null                       0x00001e5b   Thumb Code     2  handlers.o(i.__scatterload_null)
    __scatterload_zeroinit                   0x00001e5d   Thumb Code    14  handlers.o(i.__scatterload_zeroinit)
    lcd_write_data_u16                       0x00001f4d   Thumb Code    48  lcd.o(i.lcd_write_data_u16)
    malloc                                   0x00001f89   Thumb Code    92  malloc.o(i.malloc)
    Region$$Table$$Base                      0x000020e4   Number         0  anon$$obj.o(Region$$Table)
    Region$$Table$$Limit                     0x00002104   Number         0  anon$$obj.o(Region$$Table)
    ALERT_TIMER1_LED_UPDATE                  0x20000000   Data           1  main.o(.data)
    Button_interrupted                       0x20000004   Data           4  main.o(.data)
    Button_value                             0x20000008   Data           4  main.o(.data)
    Button_value_old                         0x2000000c   Data           4  main.o(.data)
    up_button                                0x20000010   Data           1  main.o(.data)
    right_button                             0x20000011   Data           1  main.o(.data)
    left_button                              0x20000012   Data           1  main.o(.data)
    down_button                              0x20000013   Data           1  main.o(.data)
    sw2_button                               0x20000014   Data           1  main.o(.data)
    button_flag                              0x20000018   Data           4  main.o(.data)
    SystemCoreClock                          0x20000020   Data           4  system_tm4c123.o(.data)
    __stdout                                 0x20000024   Data           4  stdout.o(.data)
    __microlib_freelist                      0x20000028   Data           4  mvars.o(.data)
    __microlib_freelist_initialised          0x2000002c   Data           4  mvars.o(.data)
    UART0_Tx_Buffer                          0x20000030   Data          14  serial_debug.o(.bss)
    UART0_Rx_Buffer                          0x2000003e   Data          14  serial_debug.o(.bss)
    __heap_base                              0x20000050   Data           0  startup_tm4c123.o(HEAP)
    __heap_limit                             0x20000050   Data           0  startup_tm4c123.o(HEAP)
    __initial_sp                             0x20000250   Data           0  startup_tm4c123.o(STACK)



==============================================================================

Memory Map of the image

  Image Entry point : 0x00001a75

  Load Region LR_1 (Base: 0x00000000, Size: 0x00002134, Max: 0xffffffff, ABSOLUTE)

    Execution Region ER_RO (Exec base: 0x00000000, Load base: 0x00000000, Size: 0x00002104, Max: 0xffffffff, ABSOLUTE)

    Exec Addr    Load Addr    Size         Type   Attr      Idx    E Section Name        Object

    0x00000000   0x00000000   0x0000026c   Data   RO          598    RESET               startup_tm4c123.o
    0x0000026c   0x0000026c   0x00000000   Code   RO          633  * .ARM.Collect$$$$00000000  mc_w.l(entry.o)
    0x0000026c   0x0000026c   0x00000004   Code   RO          930    .ARM.Collect$$$$00000001  mc_w.l(entry2.o)
    0x00000270   0x00000270   0x00000004   Code   RO          933    .ARM.Collect$$$$00000004  mc_w.l(entry5.o)
    0x00000274   0x00000274   0x00000000   Code   RO          935    .ARM.Collect$$$$00000008  mc_w.l(entry7b.o)
    0x00000274   0x00000274   0x00000000   Code   RO          937    .ARM.Collect$$$$0000000A  mc_w.l(entry8b.o)
    0x00000274   0x00000274   0x00000008   Code   RO          938    .ARM.Collect$$$$0000000B  mc_w.l(entry9a.o)
    0x0000027c   0x0000027c   0x00000000   Code   RO          940    .ARM.Collect$$$$0000000D  mc_w.l(entry10a.o)
    0x0000027c   0x0000027c   0x00000000   Code   RO          942    .ARM.Collect$$$$0000000F  mc_w.l(entry11a.o)
    0x0000027c   0x0000027c   0x00000004   Code   RO          931    .ARM.Collect$$$$00002712  mc_w.l(entry2.o)
    0x00000280   0x00000280   0x00000438   Code   RO            4    .text               main.o
    0x000006b8   0x000006b8   0x000001f0   Code   RO          115    .text               serial_debug.o
    0x000008a8   0x000008a8   0x000001cc   Code   RO          200    .text               eeprom.o
    0x00000a74   0x00000a74   0x0000047c   Code   RO          278    .text               lcd.o
    0x00000ef0   0x00000ef0   0x00000138   Code   RO          402    .text               io_expander.o
    0x00001028   0x00001028   0x00000324   Code   RO          457    .text               gpio_port.o
    0x0000134c   0x0000134c   0x00000208   Code   RO          485    .text               i2c.o
    0x00001554   0x00001554   0x00000080   Code   RO          506    .text               pc_buffer.o
    0x000015d4   0x000015d4   0x00000210   Code   RO          548    .text               timers.o
    0x000017e4   0x000017e4   0x00000290   Code   RO          575    .text               uart.o
    0x00001a74   0x00001a74   0x000000fc   Code   RO          599  * .text               startup_tm4c123.o
    0x00001b70   0x00001b70   0x0000024c   Code   RO          606    .text               system_tm4c123.o
    0x00001dbc   0x00001dbc   0x00000024   Code   RO          637    .text               mc_w.l(memcpya.o)
    0x00001de0   0x00001de0   0x00000024   Code   RO          961    .text               mc_w.l(init.o)
    0x00001e04   0x00001e04   0x00000020   Code   RO          708    i.__0printf$2       mc_w.l(printf2.o)
    0x00001e24   0x00001e24   0x00000028   Code   RO          710    i.__0sprintf$2      mc_w.l(printf2.o)
    0x00001e4c   0x00001e4c   0x0000000e   Code   RO          973    i.__scatterload_copy  mc_w.l(handlers.o)
    0x00001e5a   0x00001e5a   0x00000002   Code   RO          974    i.__scatterload_null  mc_w.l(handlers.o)
    0x00001e5c   0x00001e5c   0x0000000e   Code   RO          975    i.__scatterload_zeroinit  mc_w.l(handlers.o)
    0x00001e6a   0x00001e6a   0x000000d6   Code   RO          715    i._printf_core      mc_w.l(printf2.o)
    0x00001f40   0x00001f40   0x0000000a   Code   RO          717    i._sputc            mc_w.l(printf2.o)
    0x00001f4a   0x00001f4a   0x00000002   PAD
    0x00001f4c   0x00001f4c   0x0000003c   Code   RO          296    i.lcd_write_data_u16  lcd.o
    0x00001f88   0x00001f88   0x0000006c   Code   RO          903    i.malloc            mc_w.l(malloc.o)
    0x00001ff4   0x00001ff4   0x000000f0   Data   RO            5    .constdata          main.o
    0x000020e4   0x000020e4   0x00000020   Data   RO          971    Region$$Table       anon$$obj.o


    Execution Region ER_RW (Exec base: 0x20000000, Load base: 0x00002104, Size: 0x00000030, Max: 0xffffffff, ABSOLUTE)

    Exec Addr    Load Addr    Size         Type   Attr      Idx    E Section Name        Object

    0x20000000   0x00002104   0x0000001c   Data   RW            6    .data               main.o
    0x2000001c   0x00002120   0x00000002   Data   RW          117    .data               serial_debug.o
    0x2000001e   0x00002122   0x00000002   PAD
    0x20000020   0x00002124   0x00000004   Data   RW          607    .data               system_tm4c123.o
    0x20000024   0x00002128   0x00000004   Data   RW          636    .data               mc_w.l(stdout.o)
    0x20000028   0x0000212c   0x00000004   Data   RW          948    .data               mc_w.l(mvars.o)
    0x2000002c   0x00002130   0x00000004   Data   RW          949    .data               mc_w.l(mvars.o)


    Execution Region ER_ZI (Exec base: 0x20000030, Load base: 0x00002134, Size: 0x00000220, Max: 0xffffffff, ABSOLUTE)

    Exec Addr    Load Addr    Size         Type   Attr      Idx    E Section Name        Object

    0x20000030        -       0x0000001c   Zero   RW          116    .bss                serial_debug.o
    0x2000004c   0x00002134   0x00000004   PAD
    0x20000050        -       0x00000000   Zero   RW          597    HEAP                startup_tm4c123.o
    0x20000050        -       0x00000200   Zero   RW          596    STACK               startup_tm4c123.o


==============================================================================

Image component sizes


      Code (inc. data)   RO Data    RW Data    ZI Data      Debug   Object Name

       460          6          0          0          0       2077   eeprom.o
       804         40          0          0          0      35657   gpio_port.o
       520         24          0          0          0       3605   i2c.o
       312         10          0          0          0       1560   io_expander.o
      1208         36          0          0          0       3693   lcd.o
      1080        136        240         28          0      31330   main.o
       128          0          0          0          0       1859   pc_buffer.o
       496         24          0          2         28       5573   serial_debug.o
       252         10        620          0        512       5408   startup_tm4c123.o
       588        134          0          4          0       1485   system_tm4c123.o
       528         28          0          0          0       2981   timers.o
       656         50          0          0          0       3444   uart.o

    ----------------------------------------------------------------------
      7032        498        892         36        544      98672   Object Totals
         0          0         32          0          0          0   (incl. Generated)
         0          0          0          2          4          0   (incl. Padding)

    ----------------------------------------------------------------------

      Code (inc. data)   RO Data    RW Data    ZI Data      Debug   Library Member Name

         0          0          0          0          0          0   entry.o
         0          0          0          0          0          0   entry10a.o
         0          0          0          0          0          0   entry11a.o
         8          4          0          0          0          0   entry2.o
         4          0          0          0          0          0   entry5.o
         0          0          0          0          0          0   entry7b.o
         0          0          0          0          0          0   entry8b.o
         8          4          0          0          0          0   entry9a.o
        30          0          0          0          0          0   handlers.o
        36          8          0          0          0         68   init.o
       108         16          0          0          0         84   malloc.o
        36          0          0          0          0         68   memcpya.o
         0          0          0          8          0          0   mvars.o
       296         16          0          0          0        328   printf2.o
         0          0          0          4          0          0   stdout.o

    ----------------------------------------------------------------------
       528         48          0         12          0        548   Library Totals
         2          0          0          0          0          0   (incl. Padding)

    ----------------------------------------------------------------------

      Code (inc. data)   RO Data    RW Data    ZI Data      Debug   Library Name

       526         48          0         12          0        548   mc_w.l

    ----------------------------------------------------------------------
       528         48          0         12          0        548   Library Totals

    ----------------------------------------------------------------------

==============================================================================


      Code (inc. data)   RO Data    RW Data    ZI Data      Debug   

      7560        546        892         48        544      97516   Grand Totals
      7560        546        892         48        544      97516   ELF Image Totals
      7560        546        892         48          0          0   ROM Totals

==============================================================================

    Total RO  Size (Code + RO Data)                 8452 (   8.25kB)
    Total RW  Size (RW Data + ZI Data)               592 (   0.58kB)
    Total ROM Size (Code + RO Data + RW Data)       8500 (   8.30kB)

==============================================================================

