Component: ARM Compiler 5.06 update 6 (build 750) Tool: armlink [4d35ed]

==============================================================================

Section Cross References

    main.o(.text) refers to gpio_port.o(.text) for gpio_enable_port
    main.o(.text) refers to i2c.o(.text) for initializeI2CMaster
    main.o(.text) refers to serial_debug.o(.text) for init_serial_debug
    main.o(.text) refers to lcd.o(.text) for lcd_config_screen
    main.o(.text) refers to io_expander.o(.text) for io_expander_init
    main.o(.text) refers to words.o(.text) for prepare_array
    main.o(.text) refers to timers.o(.text) for gp_timer_config_32
    main.o(.text) refers to memcpya.o(.text) for __aeabi_memcpy4
    main.o(.text) refers to eeprom.o(.text) for eeprom_byte_write
    main.o(.text) refers to printf2.o(i.__0printf$2) for __2printf
    main.o(.text) refers to main.o(.data) for ALERT_TIMER1_LED_UPDATE
    main.o(.text) refers to main.o(.constdata) for .constdata
    main.o(.text) refers to the_map.o(.constdata) for bitmapDownBitmaps
    main.o(.text) refers to words.o(.constdata) for start_gameBitmaps
    main.o(.text) refers to words.o(.bss) for numbers
    main.o(.text) refers to printf2.o(i.__0sprintf$2) for __2sprintf
    serial_debug.o(.text) refers to gpio_port.o(.text) for gpio_enable_port
    serial_debug.o(.text) refers to pc_buffer.o(.text) for pc_buffer_init
    serial_debug.o(.text) refers to uart.o(.text) for uart_init
    serial_debug.o(.text) refers to main.o(.text) for DisableInterrupts
    serial_debug.o(.text) refers to serial_debug.o(.data) for Rx_Interrupts_Enabled
    serial_debug.o(.text) refers to serial_debug.o(.bss) for UART0_Tx_Buffer
    serial_debug.o(.text) refers to stdout.o(.data) for __stdout
    accel.o(.text) refers to spi.o(.text) for spiTx
    accel.o(.text) refers to spi_select.o(.text) for spi_select_init
    accel.o(.text) refers to gpio_port.o(.text) for gpio_enable_port
    eeprom.o(.text) refers to i2c.o(.text) for i2cVerifyBaseAddr
    eeprom.o(.text) refers to gpio_port.o(.text) for gpio_enable_port
    ft6x06.o(.text) refers to i2c.o(.text) for I2CMasterBusy
    ft6x06.o(.text) refers to gpio_port.o(.text) for gpio_enable_port
    lcd.o(.text) refers to lcd.o(i.lcd_write_data_u16) for lcd_write_data_u16
    lcd.o(.text) refers to gpio_port.o(.text) for gpio_config_digital_enable
    ps2.o(.text) refers to gpio_port.o(.text) for gpio_enable_port
    ps2.o(.text) refers to adc.o(.text) for initialize_adc
    spi_select.o(.text) refers to gpio_port.o(.text) for gpio_enable_port
    ws2812b_ice.o(.text) refers to ws2812b_ice.o(.data) for direction
    io_expander.o(.text) refers to i2c.o(.text) for I2CMasterBusy
    io_expander.o(.text) refers to gpio_port.o(.text) for gpio_config_digital_enable
    pc_buffer.o(.text) refers to malloc.o(i.malloc) for malloc
    words.o(.text) refers to words.o(.data) for _0Bitmaps
    words.o(.text) refers to words.o(.bss) for numbers
    startup_tm4c123.o(RESET) refers to startup_tm4c123.o(STACK) for __initial_sp
    startup_tm4c123.o(RESET) refers to startup_tm4c123.o(.text) for Reset_Handler
    startup_tm4c123.o(RESET) refers to serial_debug.o(.text) for UART0_Handler
    startup_tm4c123.o(RESET) refers to main.o(.text) for TIMER1A_Handler
    startup_tm4c123.o(.text) refers to system_tm4c123.o(.text) for SystemInit
    startup_tm4c123.o(.text) refers to entry.o(.ARM.Collect$$$$00000000) for __main
    system_tm4c123.o(.text) refers to system_tm4c123.o(.data) for SystemCoreClock
    entry.o(.ARM.Collect$$$$00000000) refers (Special) to entry10a.o(.ARM.Collect$$$$0000000D) for __rt_final_cpp
    entry.o(.ARM.Collect$$$$00000000) refers (Special) to entry11a.o(.ARM.Collect$$$$0000000F) for __rt_final_exit
    entry.o(.ARM.Collect$$$$00000000) refers (Special) to entry7b.o(.ARM.Collect$$$$00000008) for _main_clock
    entry.o(.ARM.Collect$$$$00000000) refers (Special) to entry8b.o(.ARM.Collect$$$$0000000A) for _main_cpp_init
    entry.o(.ARM.Collect$$$$00000000) refers (Special) to entry9a.o(.ARM.Collect$$$$0000000B) for _main_init
    entry.o(.ARM.Collect$$$$00000000) refers (Special) to entry5.o(.ARM.Collect$$$$00000004) for _main_scatterload
    entry.o(.ARM.Collect$$$$00000000) refers (Special) to entry2.o(.ARM.Collect$$$$00000001) for _main_stk
    printfb.o(i.__0fprintf$bare) refers to printfb.o(i._printf_core) for _printf_core
    printfb.o(i.__0fprintf$bare) refers to serial_debug.o(.text) for fputc
    printfb.o(i.__0printf$bare) refers to printfb.o(i._printf_core) for _printf_core
    printfb.o(i.__0printf$bare) refers to serial_debug.o(.text) for fputc
    printfb.o(i.__0printf$bare) refers to stdout.o(.data) for __stdout
    printfb.o(i.__0snprintf$bare) refers to printfb.o(i._printf_core) for _printf_core
    printfb.o(i.__0snprintf$bare) refers to printfb.o(i._snputc) for _snputc
    printfb.o(i.__0sprintf$bare) refers to printfb.o(i._printf_core) for _printf_core
    printfb.o(i.__0sprintf$bare) refers to printfb.o(i._sputc) for _sputc
    printfb.o(i.__0vfprintf$bare) refers to printfb.o(i._printf_core) for _printf_core
    printfb.o(i.__0vfprintf$bare) refers to serial_debug.o(.text) for fputc
    printfb.o(i.__0vprintf$bare) refers to printfb.o(i._printf_core) for _printf_core
    printfb.o(i.__0vprintf$bare) refers to serial_debug.o(.text) for fputc
    printfb.o(i.__0vprintf$bare) refers to stdout.o(.data) for __stdout
    printfb.o(i.__0vsnprintf$bare) refers to printfb.o(i._printf_core) for _printf_core
    printfb.o(i.__0vsnprintf$bare) refers to printfb.o(i._snputc) for _snputc
    printfb.o(i.__0vsprintf$bare) refers to printfb.o(i._printf_core) for _printf_core
    printfb.o(i.__0vsprintf$bare) refers to printfb.o(i._sputc) for _sputc
    printf0.o(i.__0fprintf$0) refers to printf0.o(i._printf_core) for _printf_core
    printf0.o(i.__0fprintf$0) refers to serial_debug.o(.text) for fputc
    printf0.o(i.__0printf$0) refers to printf0.o(i._printf_core) for _printf_core
    printf0.o(i.__0printf$0) refers to serial_debug.o(.text) for fputc
    printf0.o(i.__0printf$0) refers to stdout.o(.data) for __stdout
    printf0.o(i.__0snprintf$0) refers to printf0.o(i._printf_core) for _printf_core
    printf0.o(i.__0snprintf$0) refers to printf0.o(i._snputc) for _snputc
    printf0.o(i.__0sprintf$0) refers to printf0.o(i._printf_core) for _printf_core
    printf0.o(i.__0sprintf$0) refers to printf0.o(i._sputc) for _sputc
    printf0.o(i.__0vfprintf$0) refers to printf0.o(i._printf_core) for _printf_core
    printf0.o(i.__0vfprintf$0) refers to serial_debug.o(.text) for fputc
    printf0.o(i.__0vprintf$0) refers to printf0.o(i._printf_core) for _printf_core
    printf0.o(i.__0vprintf$0) refers to serial_debug.o(.text) for fputc
    printf0.o(i.__0vprintf$0) refers to stdout.o(.data) for __stdout
    printf0.o(i.__0vsnprintf$0) refers to printf0.o(i._printf_core) for _printf_core
    printf0.o(i.__0vsnprintf$0) refers to printf0.o(i._snputc) for _snputc
    printf0.o(i.__0vsprintf$0) refers to printf0.o(i._printf_core) for _printf_core
    printf0.o(i.__0vsprintf$0) refers to printf0.o(i._sputc) for _sputc
    printf1.o(i.__0fprintf$1) refers to printf1.o(i._printf_core) for _printf_core
    printf1.o(i.__0fprintf$1) refers to serial_debug.o(.text) for fputc
    printf1.o(i.__0printf$1) refers to printf1.o(i._printf_core) for _printf_core
    printf1.o(i.__0printf$1) refers to serial_debug.o(.text) for fputc
    printf1.o(i.__0printf$1) refers to stdout.o(.data) for __stdout
    printf1.o(i.__0snprintf$1) refers to printf1.o(i._printf_core) for _printf_core
    printf1.o(i.__0snprintf$1) refers to printf1.o(i._snputc) for _snputc
    printf1.o(i.__0sprintf$1) refers to printf1.o(i._printf_core) for _printf_core
    printf1.o(i.__0sprintf$1) refers to printf1.o(i._sputc) for _sputc
    printf1.o(i.__0vfprintf$1) refers to printf1.o(i._printf_core) for _printf_core
    printf1.o(i.__0vfprintf$1) refers to serial_debug.o(.text) for fputc
    printf1.o(i.__0vprintf$1) refers to printf1.o(i._printf_core) for _printf_core
    printf1.o(i.__0vprintf$1) refers to serial_debug.o(.text) for fputc
    printf1.o(i.__0vprintf$1) refers to stdout.o(.data) for __stdout
    printf1.o(i.__0vsnprintf$1) refers to printf1.o(i._printf_core) for _printf_core
    printf1.o(i.__0vsnprintf$1) refers to printf1.o(i._snputc) for _snputc
    printf1.o(i.__0vsprintf$1) refers to printf1.o(i._printf_core) for _printf_core
    printf1.o(i.__0vsprintf$1) refers to printf1.o(i._sputc) for _sputc
    printf1.o(i._printf_core) refers to uidiv.o(.text) for __aeabi_uidivmod
    printf2.o(i.__0fprintf$2) refers to printf2.o(i._printf_core) for _printf_core
    printf2.o(i.__0fprintf$2) refers to serial_debug.o(.text) for fputc
    printf2.o(i.__0printf$2) refers to printf2.o(i._printf_core) for _printf_core
    printf2.o(i.__0printf$2) refers to serial_debug.o(.text) for fputc
    printf2.o(i.__0printf$2) refers to stdout.o(.data) for __stdout
    printf2.o(i.__0snprintf$2) refers to printf2.o(i._printf_core) for _printf_core
    printf2.o(i.__0snprintf$2) refers to printf2.o(i._snputc) for _snputc
    printf2.o(i.__0sprintf$2) refers to printf2.o(i._printf_core) for _printf_core
    printf2.o(i.__0sprintf$2) refers to printf2.o(i._sputc) for _sputc
    printf2.o(i.__0vfprintf$2) refers to printf2.o(i._printf_core) for _printf_core
    printf2.o(i.__0vfprintf$2) refers to serial_debug.o(.text) for fputc
    printf2.o(i.__0vprintf$2) refers to printf2.o(i._printf_core) for _printf_core
    printf2.o(i.__0vprintf$2) refers to serial_debug.o(.text) for fputc
    printf2.o(i.__0vprintf$2) refers to stdout.o(.data) for __stdout
    printf2.o(i.__0vsnprintf$2) refers to printf2.o(i._printf_core) for _printf_core
    printf2.o(i.__0vsnprintf$2) refers to printf2.o(i._snputc) for _snputc
    printf2.o(i.__0vsprintf$2) refers to printf2.o(i._printf_core) for _printf_core
    printf2.o(i.__0vsprintf$2) refers to printf2.o(i._sputc) for _sputc
    printf3.o(i.__0fprintf$3) refers to printf3.o(i._printf_core) for _printf_core
    printf3.o(i.__0fprintf$3) refers to serial_debug.o(.text) for fputc
    printf3.o(i.__0printf$3) refers to printf3.o(i._printf_core) for _printf_core
    printf3.o(i.__0printf$3) refers to serial_debug.o(.text) for fputc
    printf3.o(i.__0printf$3) refers to stdout.o(.data) for __stdout
    printf3.o(i.__0snprintf$3) refers to printf3.o(i._printf_core) for _printf_core
    printf3.o(i.__0snprintf$3) refers to printf3.o(i._snputc) for _snputc
    printf3.o(i.__0sprintf$3) refers to printf3.o(i._printf_core) for _printf_core
    printf3.o(i.__0sprintf$3) refers to printf3.o(i._sputc) for _sputc
    printf3.o(i.__0vfprintf$3) refers to printf3.o(i._printf_core) for _printf_core
    printf3.o(i.__0vfprintf$3) refers to serial_debug.o(.text) for fputc
    printf3.o(i.__0vprintf$3) refers to printf3.o(i._printf_core) for _printf_core
    printf3.o(i.__0vprintf$3) refers to serial_debug.o(.text) for fputc
    printf3.o(i.__0vprintf$3) refers to stdout.o(.data) for __stdout
    printf3.o(i.__0vsnprintf$3) refers to printf3.o(i._printf_core) for _printf_core
    printf3.o(i.__0vsnprintf$3) refers to printf3.o(i._snputc) for _snputc
    printf3.o(i.__0vsprintf$3) refers to printf3.o(i._printf_core) for _printf_core
    printf3.o(i.__0vsprintf$3) refers to printf3.o(i._sputc) for _sputc
    printf3.o(i._printf_core) refers to uidiv.o(.text) for __aeabi_uidivmod
    printf4.o(i.__0fprintf$4) refers to printf4.o(i._printf_core) for _printf_core
    printf4.o(i.__0fprintf$4) refers to serial_debug.o(.text) for fputc
    printf4.o(i.__0printf$4) refers to printf4.o(i._printf_core) for _printf_core
    printf4.o(i.__0printf$4) refers to serial_debug.o(.text) for fputc
    printf4.o(i.__0printf$4) refers to stdout.o(.data) for __stdout
    printf4.o(i.__0snprintf$4) refers to printf4.o(i._printf_core) for _printf_core
    printf4.o(i.__0snprintf$4) refers to printf4.o(i._snputc) for _snputc
    printf4.o(i.__0sprintf$4) refers to printf4.o(i._printf_core) for _printf_core
    printf4.o(i.__0sprintf$4) refers to printf4.o(i._sputc) for _sputc
    printf4.o(i.__0vfprintf$4) refers to printf4.o(i._printf_core) for _printf_core
    printf4.o(i.__0vfprintf$4) refers to serial_debug.o(.text) for fputc
    printf4.o(i.__0vprintf$4) refers to printf4.o(i._printf_core) for _printf_core
    printf4.o(i.__0vprintf$4) refers to serial_debug.o(.text) for fputc
    printf4.o(i.__0vprintf$4) refers to stdout.o(.data) for __stdout
    printf4.o(i.__0vsnprintf$4) refers to printf4.o(i._printf_core) for _printf_core
    printf4.o(i.__0vsnprintf$4) refers to printf4.o(i._snputc) for _snputc
    printf4.o(i.__0vsprintf$4) refers to printf4.o(i._printf_core) for _printf_core
    printf4.o(i.__0vsprintf$4) refers to printf4.o(i._sputc) for _sputc
    printf4.o(i._printf_core) refers to uldiv.o(.text) for __aeabi_uldivmod
    printf5.o(i.__0fprintf$5) refers to printf5.o(i._printf_core) for _printf_core
    printf5.o(i.__0fprintf$5) refers to serial_debug.o(.text) for fputc
    printf5.o(i.__0printf$5) refers to printf5.o(i._printf_core) for _printf_core
    printf5.o(i.__0printf$5) refers to serial_debug.o(.text) for fputc
    printf5.o(i.__0printf$5) refers to stdout.o(.data) for __stdout
    printf5.o(i.__0snprintf$5) refers to printf5.o(i._printf_core) for _printf_core
    printf5.o(i.__0snprintf$5) refers to printf5.o(i._snputc) for _snputc
    printf5.o(i.__0sprintf$5) refers to printf5.o(i._printf_core) for _printf_core
    printf5.o(i.__0sprintf$5) refers to printf5.o(i._sputc) for _sputc
    printf5.o(i.__0vfprintf$5) refers to printf5.o(i._printf_core) for _printf_core
    printf5.o(i.__0vfprintf$5) refers to serial_debug.o(.text) for fputc
    printf5.o(i.__0vprintf$5) refers to printf5.o(i._printf_core) for _printf_core
    printf5.o(i.__0vprintf$5) refers to serial_debug.o(.text) for fputc
    printf5.o(i.__0vprintf$5) refers to stdout.o(.data) for __stdout
    printf5.o(i.__0vsnprintf$5) refers to printf5.o(i._printf_core) for _printf_core
    printf5.o(i.__0vsnprintf$5) refers to printf5.o(i._snputc) for _snputc
    printf5.o(i.__0vsprintf$5) refers to printf5.o(i._printf_core) for _printf_core
    printf5.o(i.__0vsprintf$5) refers to printf5.o(i._sputc) for _sputc
    printf5.o(i._printf_core) refers to uldiv.o(.text) for __aeabi_uldivmod
    printf6.o(i.__0fprintf$6) refers to printf6.o(i._printf_core) for _printf_core
    printf6.o(i.__0fprintf$6) refers to serial_debug.o(.text) for fputc
    printf6.o(i.__0printf$6) refers to printf6.o(i._printf_core) for _printf_core
    printf6.o(i.__0printf$6) refers to serial_debug.o(.text) for fputc
    printf6.o(i.__0printf$6) refers to stdout.o(.data) for __stdout
    printf6.o(i.__0snprintf$6) refers to printf6.o(i._printf_core) for _printf_core
    printf6.o(i.__0snprintf$6) refers to printf6.o(i._snputc) for _snputc
    printf6.o(i.__0sprintf$6) refers to printf6.o(i._printf_core) for _printf_core
    printf6.o(i.__0sprintf$6) refers to printf6.o(i._sputc) for _sputc
    printf6.o(i.__0vfprintf$6) refers to printf6.o(i._printf_core) for _printf_core
    printf6.o(i.__0vfprintf$6) refers to serial_debug.o(.text) for fputc
    printf6.o(i.__0vprintf$6) refers to printf6.o(i._printf_core) for _printf_core
    printf6.o(i.__0vprintf$6) refers to serial_debug.o(.text) for fputc
    printf6.o(i.__0vprintf$6) refers to stdout.o(.data) for __stdout
    printf6.o(i.__0vsnprintf$6) refers to printf6.o(i._printf_core) for _printf_core
    printf6.o(i.__0vsnprintf$6) refers to printf6.o(i._snputc) for _snputc
    printf6.o(i.__0vsprintf$6) refers to printf6.o(i._printf_core) for _printf_core
    printf6.o(i.__0vsprintf$6) refers to printf6.o(i._sputc) for _sputc
    printf6.o(i._printf_core) refers to printf6.o(i._printf_pre_padding) for _printf_pre_padding
    printf6.o(i._printf_core) refers to uidiv.o(.text) for __aeabi_uidivmod
    printf6.o(i._printf_core) refers to printf6.o(i._printf_post_padding) for _printf_post_padding
    printf7.o(i.__0fprintf$7) refers to printf7.o(i._printf_core) for _printf_core
    printf7.o(i.__0fprintf$7) refers to serial_debug.o(.text) for fputc
    printf7.o(i.__0printf$7) refers to printf7.o(i._printf_core) for _printf_core
    printf7.o(i.__0printf$7) refers to serial_debug.o(.text) for fputc
    printf7.o(i.__0printf$7) refers to stdout.o(.data) for __stdout
    printf7.o(i.__0snprintf$7) refers to printf7.o(i._printf_core) for _printf_core
    printf7.o(i.__0snprintf$7) refers to printf7.o(i._snputc) for _snputc
    printf7.o(i.__0sprintf$7) refers to printf7.o(i._printf_core) for _printf_core
    printf7.o(i.__0sprintf$7) refers to printf7.o(i._sputc) for _sputc
    printf7.o(i.__0vfprintf$7) refers to printf7.o(i._printf_core) for _printf_core
    printf7.o(i.__0vfprintf$7) refers to serial_debug.o(.text) for fputc
    printf7.o(i.__0vprintf$7) refers to printf7.o(i._printf_core) for _printf_core
    printf7.o(i.__0vprintf$7) refers to serial_debug.o(.text) for fputc
    printf7.o(i.__0vprintf$7) refers to stdout.o(.data) for __stdout
    printf7.o(i.__0vsnprintf$7) refers to printf7.o(i._printf_core) for _printf_core
    printf7.o(i.__0vsnprintf$7) refers to printf7.o(i._snputc) for _snputc
    printf7.o(i.__0vsprintf$7) refers to printf7.o(i._printf_core) for _printf_core
    printf7.o(i.__0vsprintf$7) refers to printf7.o(i._sputc) for _sputc
    printf7.o(i._printf_core) refers to printf7.o(i._printf_pre_padding) for _printf_pre_padding
    printf7.o(i._printf_core) refers to uldiv.o(.text) for __aeabi_uldivmod
    printf7.o(i._printf_core) refers to printf7.o(i._printf_post_padding) for _printf_post_padding
    printf8.o(i.__0fprintf$8) refers to printf8.o(i._printf_core) for _printf_core
    printf8.o(i.__0fprintf$8) refers to serial_debug.o(.text) for fputc
    printf8.o(i.__0printf$8) refers to printf8.o(i._printf_core) for _printf_core
    printf8.o(i.__0printf$8) refers to serial_debug.o(.text) for fputc
    printf8.o(i.__0printf$8) refers to stdout.o(.data) for __stdout
    printf8.o(i.__0snprintf$8) refers to printf8.o(i._printf_core) for _printf_core
    printf8.o(i.__0snprintf$8) refers to printf8.o(i._snputc) for _snputc
    printf8.o(i.__0sprintf$8) refers to printf8.o(i._printf_core) for _printf_core
    printf8.o(i.__0sprintf$8) refers to printf8.o(i._sputc) for _sputc
    printf8.o(i.__0vfprintf$8) refers to printf8.o(i._printf_core) for _printf_core
    printf8.o(i.__0vfprintf$8) refers to serial_debug.o(.text) for fputc
    printf8.o(i.__0vprintf$8) refers to printf8.o(i._printf_core) for _printf_core
    printf8.o(i.__0vprintf$8) refers to serial_debug.o(.text) for fputc
    printf8.o(i.__0vprintf$8) refers to stdout.o(.data) for __stdout
    printf8.o(i.__0vsnprintf$8) refers to printf8.o(i._printf_core) for _printf_core
    printf8.o(i.__0vsnprintf$8) refers to printf8.o(i._snputc) for _snputc
    printf8.o(i.__0vsprintf$8) refers to printf8.o(i._printf_core) for _printf_core
    printf8.o(i.__0vsprintf$8) refers to printf8.o(i._sputc) for _sputc
    printf8.o(i._printf_core) refers to printf8.o(i._printf_pre_padding) for _printf_pre_padding
    printf8.o(i._printf_core) refers to uldiv.o(.text) for __aeabi_uldivmod
    printf8.o(i._printf_core) refers to printf8.o(i._printf_post_padding) for _printf_post_padding
    printfa.o(i.__0fprintf) refers (Special) to iusefp.o(.text) for __I$use$fp
    printfa.o(i.__0fprintf) refers to printfa.o(i._printf_core) for _printf_core
    printfa.o(i.__0fprintf) refers to serial_debug.o(.text) for fputc
    printfa.o(i.__0printf) refers (Special) to iusefp.o(.text) for __I$use$fp
    printfa.o(i.__0printf) refers to printfa.o(i._printf_core) for _printf_core
    printfa.o(i.__0printf) refers to serial_debug.o(.text) for fputc
    printfa.o(i.__0printf) refers to stdout.o(.data) for __stdout
    printfa.o(i.__0snprintf) refers (Special) to iusefp.o(.text) for __I$use$fp
    printfa.o(i.__0snprintf) refers to printfa.o(i._printf_core) for _printf_core
    printfa.o(i.__0snprintf) refers to printfa.o(i._snputc) for _snputc
    printfa.o(i.__0sprintf) refers (Special) to iusefp.o(.text) for __I$use$fp
    printfa.o(i.__0sprintf) refers to printfa.o(i._printf_core) for _printf_core
    printfa.o(i.__0sprintf) refers to printfa.o(i._sputc) for _sputc
    printfa.o(i.__0vfprintf) refers (Special) to iusefp.o(.text) for __I$use$fp
    printfa.o(i.__0vfprintf) refers to printfa.o(i._printf_core) for _printf_core
    printfa.o(i.__0vfprintf) refers to serial_debug.o(.text) for fputc
    printfa.o(i.__0vprintf) refers (Special) to iusefp.o(.text) for __I$use$fp
    printfa.o(i.__0vprintf) refers to printfa.o(i._printf_core) for _printf_core
    printfa.o(i.__0vprintf) refers to serial_debug.o(.text) for fputc
    printfa.o(i.__0vprintf) refers to stdout.o(.data) for __stdout
    printfa.o(i.__0vsnprintf) refers (Special) to iusefp.o(.text) for __I$use$fp
    printfa.o(i.__0vsnprintf) refers to printfa.o(i._printf_core) for _printf_core
    printfa.o(i.__0vsnprintf) refers to printfa.o(i._snputc) for _snputc
    printfa.o(i.__0vsprintf) refers (Special) to iusefp.o(.text) for __I$use$fp
    printfa.o(i.__0vsprintf) refers to printfa.o(i._printf_core) for _printf_core
    printfa.o(i.__0vsprintf) refers to printfa.o(i._sputc) for _sputc
    printfa.o(i._fp_digits) refers (Special) to iusefp.o(.text) for __I$use$fp
    printfa.o(i._fp_digits) refers to dmul.o(.text) for __aeabi_dmul
    printfa.o(i._fp_digits) refers to ddiv.o(.text) for __aeabi_ddiv
    printfa.o(i._fp_digits) refers to cdrcmple.o(.text) for __aeabi_cdrcmple
    printfa.o(i._fp_digits) refers to dadd.o(.text) for __aeabi_dadd
    printfa.o(i._fp_digits) refers to dfixul.o(.text) for __aeabi_d2ulz
    printfa.o(i._fp_digits) refers to uldiv.o(.text) for __aeabi_uldivmod
    printfa.o(i._printf_core) refers (Special) to iusefp.o(.text) for __I$use$fp
    printfa.o(i._printf_core) refers to printfa.o(i._printf_pre_padding) for _printf_pre_padding
    printfa.o(i._printf_core) refers to uldiv.o(.text) for __aeabi_uldivmod
    printfa.o(i._printf_core) refers to printfa.o(i._printf_post_padding) for _printf_post_padding
    printfa.o(i._printf_core) refers to printfa.o(i._fp_digits) for _fp_digits
    printfa.o(i._printf_core) refers to uidiv.o(.text) for __aeabi_uidivmod
    printfa.o(i._printf_post_padding) refers (Special) to iusefp.o(.text) for __I$use$fp
    printfa.o(i._printf_pre_padding) refers (Special) to iusefp.o(.text) for __I$use$fp
    printfa.o(i._snputc) refers (Special) to iusefp.o(.text) for __I$use$fp
    printfa.o(i._sputc) refers (Special) to iusefp.o(.text) for __I$use$fp
    malloc.o(i.free) refers to mvars.o(.data) for __microlib_freelist
    malloc.o(i.malloc) refers to mvars.o(.data) for __microlib_freelist_initialised
    malloc.o(i.malloc) refers to mvars.o(.data) for __microlib_freelist
    malloc.o(i.malloc) refers to startup_tm4c123.o(HEAP) for __heap_base
    mallocr.o(i.__free$realloc) refers to mvars.o(.data) for __microlib_freelist
    mallocr.o(i.__malloc$realloc) refers to mallocr.o(i.internal_alloc) for internal_alloc
    mallocr.o(i.__malloc$realloc) refers to mvars.o(.data) for __microlib_freelist_initialised
    mallocr.o(i.__malloc$realloc) refers to startup_tm4c123.o(HEAP) for __heap_base
    mallocr.o(i.__malloc$realloc) refers to mvars.o(.data) for __microlib_freelist
    mallocr.o(i.internal_alloc) refers to memcpya.o(.text) for __aeabi_memcpy
    mallocr.o(i.internal_alloc) refers to mvars.o(.data) for __microlib_freelist
    mallocr.o(i.realloc) refers to mallocr.o(i.__free$realloc) for __free$realloc
    mallocr.o(i.realloc) refers to mallocr.o(i.internal_alloc) for internal_alloc
    mallocr.o(i.realloc) refers to mallocr.o(i.__malloc$realloc) for __malloc$realloc
    mallocr.o(i.realloc) refers to mvars.o(.data) for __microlib_freelist
    malloca.o(i.__aligned_malloc) refers to mvars.o(.data) for __microlib_freelist_initialised
    malloca.o(i.__aligned_malloc) refers to mvars.o(.data) for __microlib_freelist
    malloca.o(i.__aligned_malloc) refers to startup_tm4c123.o(HEAP) for __heap_base
    malloca.o(i.__free$memalign) refers to mvars.o(.data) for __microlib_freelist
    malloca.o(i.__malloc$memalign) refers to malloca.o(i.__aligned_malloc) for __aligned_malloc
    mallocra.o(i.__aligned_malloc$realloc) refers to mallocra.o(i.internal_alloc) for internal_alloc
    mallocra.o(i.__aligned_malloc$realloc) refers to mvars.o(.data) for __microlib_freelist_initialised
    mallocra.o(i.__aligned_malloc$realloc) refers to startup_tm4c123.o(HEAP) for __heap_base
    mallocra.o(i.__aligned_malloc$realloc) refers to mvars.o(.data) for __microlib_freelist
    mallocra.o(i.__free$realloc$memalign) refers to mvars.o(.data) for __microlib_freelist
    mallocra.o(i.__malloc$realloc$memalign) refers to mallocra.o(i.__aligned_malloc$realloc) for __aligned_malloc$realloc
    mallocra.o(i.__realloc$memalign) refers to mallocra.o(i.__free$realloc$memalign) for __free$realloc$memalign
    mallocra.o(i.__realloc$memalign) refers to mallocra.o(i.internal_alloc) for internal_alloc
    mallocra.o(i.__realloc$memalign) refers to mallocra.o(i.__malloc$realloc$memalign) for __malloc$realloc$memalign
    mallocra.o(i.__realloc$memalign) refers to mvars.o(.data) for __microlib_freelist
    mallocra.o(i.internal_alloc) refers to memcpya.o(.text) for __aeabi_memcpy
    mallocra.o(i.internal_alloc) refers to mvars.o(.data) for __microlib_freelist
    entry2.o(.ARM.Collect$$$$00000001) refers to entry2.o(.ARM.Collect$$$$00002712) for __lit__00000000
    entry2.o(.ARM.Collect$$$$00002712) refers to startup_tm4c123.o(STACK) for __initial_sp
    entry2.o(__vectab_stack_and_reset_area) refers to startup_tm4c123.o(STACK) for __initial_sp
    entry2.o(__vectab_stack_and_reset_area) refers to entry.o(.ARM.Collect$$$$00000000) for __main
    entry5.o(.ARM.Collect$$$$00000004) refers to init.o(.text) for __scatterload
    entry9a.o(.ARM.Collect$$$$0000000B) refers to main.o(.text) for main
    entry9b.o(.ARM.Collect$$$$0000000C) refers to main.o(.text) for main
    uldiv.o(.text) refers to llushr.o(.text) for __aeabi_llsr
    uldiv.o(.text) refers to llshl.o(.text) for __aeabi_llsl
    dadd.o(.text) refers to llshl.o(.text) for __aeabi_llsl
    dadd.o(.text) refers to llsshr.o(.text) for __aeabi_lasr
    dadd.o(.text) refers to depilogue.o(.text) for _double_epilogue
    dmul.o(.text) refers to depilogue.o(.text) for _double_epilogue
    ddiv.o(.text) refers to depilogue.o(.text) for _double_round
    dfixul.o(.text) refers to llushr.o(.text) for __aeabi_llsr
    dfixul.o(.text) refers to llshl.o(.text) for __aeabi_llsl
    init.o(.text) refers to entry5.o(.ARM.Collect$$$$00000004) for __main_after_scatterload
    depilogue.o(.text) refers to llshl.o(.text) for __aeabi_llsl
    depilogue.o(.text) refers to llushr.o(.text) for __aeabi_llsr


==============================================================================

Removing Unused input sections from the image.

    Removing main.o(.rev16_text), (4 bytes).
    Removing main.o(.revsh_text), (4 bytes).
    Removing main.o(.rrx_text), (6 bytes).
    Removing main.o(.bss), (12 bytes).
    Removing serial_debug.o(.rev16_text), (4 bytes).
    Removing serial_debug.o(.revsh_text), (4 bytes).
    Removing serial_debug.o(.rrx_text), (6 bytes).
    Removing accel.o(.rev16_text), (4 bytes).
    Removing accel.o(.revsh_text), (4 bytes).
    Removing accel.o(.rrx_text), (6 bytes).
    Removing accel.o(.text), (424 bytes).
    Removing ece353_images.o(.constdata), (5991 bytes).
    Removing eeprom.o(.rev16_text), (4 bytes).
    Removing eeprom.o(.revsh_text), (4 bytes).
    Removing eeprom.o(.rrx_text), (6 bytes).
    Removing ft6x06.o(.rev16_text), (4 bytes).
    Removing ft6x06.o(.revsh_text), (4 bytes).
    Removing ft6x06.o(.rrx_text), (6 bytes).
    Removing ft6x06.o(.text), (520 bytes).
    Removing launchpad_io.o(.rev16_text), (4 bytes).
    Removing launchpad_io.o(.revsh_text), (4 bytes).
    Removing launchpad_io.o(.rrx_text), (6 bytes).
    Removing launchpad_io.o(.text), (196 bytes).
    Removing lcd.o(.rev16_text), (4 bytes).
    Removing lcd.o(.revsh_text), (4 bytes).
    Removing lcd.o(.rrx_text), (6 bytes).
    Removing lcd_images.o(.constdata), (4864 bytes).
    Removing ps2.o(.rev16_text), (4 bytes).
    Removing ps2.o(.revsh_text), (4 bytes).
    Removing ps2.o(.rrx_text), (6 bytes).
    Removing ps2.o(.text), (88 bytes).
    Removing spi_select.o(.rev16_text), (4 bytes).
    Removing spi_select.o(.revsh_text), (4 bytes).
    Removing spi_select.o(.rrx_text), (6 bytes).
    Removing spi_select.o(.text), (164 bytes).
    Removing ws2812b_ice.o(.rev16_text), (4 bytes).
    Removing ws2812b_ice.o(.revsh_text), (4 bytes).
    Removing ws2812b_ice.o(.rrx_text), (6 bytes).
    Removing ws2812b_ice.o(.text), (236 bytes).
    Removing ws2812b_ice.o(.data), (4 bytes).
    Removing io_expander.o(.rev16_text), (4 bytes).
    Removing io_expander.o(.revsh_text), (4 bytes).
    Removing io_expander.o(.rrx_text), (6 bytes).
    Removing adc.o(.rev16_text), (4 bytes).
    Removing adc.o(.revsh_text), (4 bytes).
    Removing adc.o(.rrx_text), (6 bytes).
    Removing adc.o(.text), (152 bytes).
    Removing gpio_port.o(.rev16_text), (4 bytes).
    Removing gpio_port.o(.revsh_text), (4 bytes).
    Removing gpio_port.o(.rrx_text), (6 bytes).
    Removing i2c.o(.rev16_text), (4 bytes).
    Removing i2c.o(.revsh_text), (4 bytes).
    Removing i2c.o(.rrx_text), (6 bytes).
    Removing spi.o(.rev16_text), (4 bytes).
    Removing spi.o(.revsh_text), (4 bytes).
    Removing spi.o(.rrx_text), (6 bytes).
    Removing spi.o(.text), (396 bytes).
    Removing timers.o(.rev16_text), (4 bytes).
    Removing timers.o(.revsh_text), (4 bytes).
    Removing timers.o(.rrx_text), (6 bytes).
    Removing uart.o(.rev16_text), (4 bytes).
    Removing uart.o(.revsh_text), (4 bytes).
    Removing uart.o(.rrx_text), (6 bytes).
    Removing system_tm4c123.o(.rev16_text), (4 bytes).
    Removing system_tm4c123.o(.revsh_text), (4 bytes).
    Removing system_tm4c123.o(.rrx_text), (6 bytes).
    Removing dadd.o(.text), (334 bytes).
    Removing dmul.o(.text), (228 bytes).
    Removing ddiv.o(.text), (222 bytes).
    Removing dfixul.o(.text), (48 bytes).
    Removing cdrcmple.o(.text), (48 bytes).
    Removing depilogue.o(.text), (186 bytes).

72 unused section(s) (total 14365 bytes) removed from the image.

==============================================================================

Image Symbol Table

    Local Symbols

    Symbol Name                              Value     Ov Type        Size  Object(Section)

    RESET                                    0x00000000   Section      620  startup_tm4c123.o(RESET)
    ../clib/microlib/division.c              0x00000000   Number         0  uldiv.o ABSOLUTE
    ../clib/microlib/division.c              0x00000000   Number         0  uidiv.o ABSOLUTE
    ../clib/microlib/init/entry.s            0x00000000   Number         0  entry5.o ABSOLUTE
    ../clib/microlib/init/entry.s            0x00000000   Number         0  entry8b.o ABSOLUTE
    ../clib/microlib/init/entry.s            0x00000000   Number         0  entry8a.o ABSOLUTE
    ../clib/microlib/init/entry.s            0x00000000   Number         0  entry7b.o ABSOLUTE
    ../clib/microlib/init/entry.s            0x00000000   Number         0  entry7a.o ABSOLUTE
    ../clib/microlib/init/entry.s            0x00000000   Number         0  entry2.o ABSOLUTE
    ../clib/microlib/init/entry.s            0x00000000   Number         0  entry.o ABSOLUTE
    ../clib/microlib/init/entry.s            0x00000000   Number         0  entry11b.o ABSOLUTE
    ../clib/microlib/init/entry.s            0x00000000   Number         0  entry11a.o ABSOLUTE
    ../clib/microlib/init/entry.s            0x00000000   Number         0  entry10b.o ABSOLUTE
    ../clib/microlib/init/entry.s            0x00000000   Number         0  entry10a.o ABSOLUTE
    ../clib/microlib/init/entry.s            0x00000000   Number         0  entry9b.o ABSOLUTE
    ../clib/microlib/init/entry.s            0x00000000   Number         0  entry9a.o ABSOLUTE
    ../clib/microlib/longlong.c              0x00000000   Number         0  llshl.o ABSOLUTE
    ../clib/microlib/longlong.c              0x00000000   Number         0  llsshr.o ABSOLUTE
    ../clib/microlib/longlong.c              0x00000000   Number         0  llushr.o ABSOLUTE
    ../clib/microlib/malloc/malloc.c         0x00000000   Number         0  malloc.o ABSOLUTE
    ../clib/microlib/malloc/malloc.c         0x00000000   Number         0  mallocra.o ABSOLUTE
    ../clib/microlib/malloc/malloc.c         0x00000000   Number         0  mallocr.o ABSOLUTE
    ../clib/microlib/malloc/malloc.c         0x00000000   Number         0  malloca.o ABSOLUTE
    ../clib/microlib/malloc/mvars.c          0x00000000   Number         0  mvars.o ABSOLUTE
    ../clib/microlib/printf/printf.c         0x00000000   Number         0  printf0.o ABSOLUTE
    ../clib/microlib/printf/printf.c         0x00000000   Number         0  printf2.o ABSOLUTE
    ../clib/microlib/printf/printf.c         0x00000000   Number         0  printf1.o ABSOLUTE
    ../clib/microlib/printf/printf.c         0x00000000   Number         0  printf6.o ABSOLUTE
    ../clib/microlib/printf/printf.c         0x00000000   Number         0  printf4.o ABSOLUTE
    ../clib/microlib/printf/printf.c         0x00000000   Number         0  printf3.o ABSOLUTE
    ../clib/microlib/printf/printf.c         0x00000000   Number         0  printfa.o ABSOLUTE
    ../clib/microlib/printf/printf.c         0x00000000   Number         0  printf8.o ABSOLUTE
    ../clib/microlib/printf/printf.c         0x00000000   Number         0  printf7.o ABSOLUTE
    ../clib/microlib/printf/printf.c         0x00000000   Number         0  printfb.o ABSOLUTE
    ../clib/microlib/printf/printf.c         0x00000000   Number         0  printf5.o ABSOLUTE
    ../clib/microlib/printf/stubs.s          0x00000000   Number         0  stubs.o ABSOLUTE
    ../clib/microlib/stdio/streams.c         0x00000000   Number         0  stdout.o ABSOLUTE
    ../clib/microlib/string/memcpy.c         0x00000000   Number         0  memcpya.o ABSOLUTE
    ../clib/microlib/string/memcpy.c         0x00000000   Number         0  memcpyb.o ABSOLUTE
    ../clib/microlib/stubs.s                 0x00000000   Number         0  iusefp.o ABSOLUTE
    ../fplib/microlib/fpadd.c                0x00000000   Number         0  dadd.o ABSOLUTE
    ../fplib/microlib/fpdiv.c                0x00000000   Number         0  ddiv.o ABSOLUTE
    ../fplib/microlib/fpepilogue.c           0x00000000   Number         0  depilogue.o ABSOLUTE
    ../fplib/microlib/fpfix.c                0x00000000   Number         0  dfixul.o ABSOLUTE
    ../fplib/microlib/fpmul.c                0x00000000   Number         0  dmul.o ABSOLUTE
    ..\\drivers\\c\\adc.c                    0x00000000   Number         0  adc.o ABSOLUTE
    ..\\drivers\\c\\gpio_port.c              0x00000000   Number         0  gpio_port.o ABSOLUTE
    ..\\drivers\\c\\i2c.c                    0x00000000   Number         0  i2c.o ABSOLUTE
    ..\\drivers\\c\\spi.c                    0x00000000   Number         0  spi.o ABSOLUTE
    ..\\drivers\\c\\timers.c                 0x00000000   Number         0  timers.o ABSOLUTE
    ..\\drivers\\c\\uart.c                   0x00000000   Number         0  uart.o ABSOLUTE
    ..\\peripherals\\c\\accel.c              0x00000000   Number         0  accel.o ABSOLUTE
    ..\\peripherals\\c\\eeprom.c             0x00000000   Number         0  eeprom.o ABSOLUTE
    ..\\peripherals\\c\\ft6x06.c             0x00000000   Number         0  ft6x06.o ABSOLUTE
    ..\\peripherals\\c\\io_expander.c        0x00000000   Number         0  io_expander.o ABSOLUTE
    ..\\peripherals\\c\\launchpad_io.c       0x00000000   Number         0  launchpad_io.o ABSOLUTE
    ..\\peripherals\\c\\lcd.c                0x00000000   Number         0  lcd.o ABSOLUTE
    ..\\peripherals\\c\\ps2.c                0x00000000   Number         0  ps2.o ABSOLUTE
    ..\\peripherals\\c\\serial_debug.c       0x00000000   Number         0  serial_debug.o ABSOLUTE
    ..\\peripherals\\c\\spi_select.c         0x00000000   Number         0  spi_select.o ABSOLUTE
    ..\\peripherals\\c\\ws2812b_ice.c        0x00000000   Number         0  ws2812b_ice.o ABSOLUTE
    ..\drivers\c\adc.c                       0x00000000   Number         0  adc.o ABSOLUTE
    ..\drivers\c\gpio_port.c                 0x00000000   Number         0  gpio_port.o ABSOLUTE
    ..\drivers\c\i2c.c                       0x00000000   Number         0  i2c.o ABSOLUTE
    ..\drivers\c\pc_buffer.c                 0x00000000   Number         0  pc_buffer.o ABSOLUTE
    ..\drivers\c\spi.c                       0x00000000   Number         0  spi.o ABSOLUTE
    ..\drivers\c\timers.c                    0x00000000   Number         0  timers.o ABSOLUTE
    ..\drivers\c\uart.c                      0x00000000   Number         0  uart.o ABSOLUTE
    ..\peripherals\c\accel.c                 0x00000000   Number         0  accel.o ABSOLUTE
    ..\peripherals\c\ece353_images.c         0x00000000   Number         0  ece353_images.o ABSOLUTE
    ..\peripherals\c\eeprom.c                0x00000000   Number         0  eeprom.o ABSOLUTE
    ..\peripherals\c\ft6x06.c                0x00000000   Number         0  ft6x06.o ABSOLUTE
    ..\peripherals\c\io_expander.c           0x00000000   Number         0  io_expander.o ABSOLUTE
    ..\peripherals\c\launchpad_io.c          0x00000000   Number         0  launchpad_io.o ABSOLUTE
    ..\peripherals\c\lcd.c                   0x00000000   Number         0  lcd.o ABSOLUTE
    ..\peripherals\c\lcd_images.c            0x00000000   Number         0  lcd_images.o ABSOLUTE
    ..\peripherals\c\ps2.c                   0x00000000   Number         0  ps2.o ABSOLUTE
    ..\peripherals\c\serial_debug.c          0x00000000   Number         0  serial_debug.o ABSOLUTE
    ..\peripherals\c\spi_select.c            0x00000000   Number         0  spi_select.o ABSOLUTE
    ..\peripherals\c\ws2812b_ice.c           0x00000000   Number         0  ws2812b_ice.o ABSOLUTE
    RTE\Device\TM4C123GH6PM\startup_TM4C123.s 0x00000000   Number         0  startup_tm4c123.o ABSOLUTE
    RTE\Device\TM4C123GH6PM\system_TM4C123.c 0x00000000   Number         0  system_tm4c123.o ABSOLUTE
    RTE\\Device\\TM4C123GH6PM\\system_TM4C123.c 0x00000000   Number         0  system_tm4c123.o ABSOLUTE
    cdrcmple.s                               0x00000000   Number         0  cdrcmple.o ABSOLUTE
    dc.s                                     0x00000000   Number         0  dc.o ABSOLUTE
    handlers.s                               0x00000000   Number         0  handlers.o ABSOLUTE
    init.s                                   0x00000000   Number         0  init.o ABSOLUTE
    main.c                                   0x00000000   Number         0  main.o ABSOLUTE
    main.c                                   0x00000000   Number         0  main.o ABSOLUTE
    the_map.c                                0x00000000   Number         0  the_map.o ABSOLUTE
    words.c                                  0x00000000   Number         0  words.o ABSOLUTE
    .ARM.Collect$$$$00000000                 0x0000026c   Section        0  entry.o(.ARM.Collect$$$$00000000)
    .ARM.Collect$$$$00000001                 0x0000026c   Section        4  entry2.o(.ARM.Collect$$$$00000001)
    .ARM.Collect$$$$00000004                 0x00000270   Section        4  entry5.o(.ARM.Collect$$$$00000004)
    .ARM.Collect$$$$00000008                 0x00000274   Section        0  entry7b.o(.ARM.Collect$$$$00000008)
    .ARM.Collect$$$$0000000A                 0x00000274   Section        0  entry8b.o(.ARM.Collect$$$$0000000A)
    .ARM.Collect$$$$0000000B                 0x00000274   Section        8  entry9a.o(.ARM.Collect$$$$0000000B)
    .ARM.Collect$$$$0000000D                 0x0000027c   Section        0  entry10a.o(.ARM.Collect$$$$0000000D)
    .ARM.Collect$$$$0000000F                 0x0000027c   Section        0  entry11a.o(.ARM.Collect$$$$0000000F)
    .ARM.Collect$$$$00002712                 0x0000027c   Section        4  entry2.o(.ARM.Collect$$$$00002712)
    __lit__00000000                          0x0000027c   Data           4  entry2.o(.ARM.Collect$$$$00002712)
    .text                                    0x00000280   Section        0  main.o(.text)
    .text                                    0x00000834   Section        0  serial_debug.o(.text)
    .text                                    0x00000a24   Section        0  eeprom.o(.text)
    eeprom_wait_for_write                    0x00000a25   Thumb Code    68  eeprom.o(.text)
    .text                                    0x00000bf0   Section        0  lcd.o(.text)
    delayms                                  0x00000bf1   Thumb Code    26  lcd.o(.text)
    lcd_write_cmd_u8                         0x00000c0b   Thumb Code    40  lcd.o(.text)
    lcd_write_data_u8                        0x00000c33   Thumb Code    28  lcd.o(.text)
    .text                                    0x0000106c   Section        0  io_expander.o(.text)
    .text                                    0x000011b0   Section        0  gpio_port.o(.text)
    verify_base_addr                         0x000011b1   Thumb Code    64  gpio_port.o(.text)
    .text                                    0x000014d4   Section        0  i2c.o(.text)
    .text                                    0x000016dc   Section        0  pc_buffer.o(.text)
    .text                                    0x0000175c   Section        0  timers.o(.text)
    verify_base_addr                         0x0000175d   Thumb Code    64  timers.o(.text)
    get_clock_masks                          0x0000179d   Thumb Code   106  timers.o(.text)
    .text                                    0x0000196c   Section        0  uart.o(.text)
    .text                                    0x00001bfc   Section        0  words.o(.text)
    .text                                    0x00001c54   Section      252  startup_tm4c123.o(.text)
    $v0                                      0x00001c54   Number         0  startup_tm4c123.o(.text)
    .text                                    0x00001d50   Section        0  system_tm4c123.o(.text)
    getOscClk                                0x00001d51   Thumb Code   182  system_tm4c123.o(.text)
    .text                                    0x00001f9c   Section        0  memcpya.o(.text)
    .text                                    0x00001fc0   Section       36  init.o(.text)
    i.__0printf$2                            0x00001fe4   Section        0  printf2.o(i.__0printf$2)
    i.__0sprintf$2                           0x00002004   Section        0  printf2.o(i.__0sprintf$2)
    i.__scatterload_copy                     0x0000202c   Section       14  handlers.o(i.__scatterload_copy)
    i.__scatterload_null                     0x0000203a   Section        2  handlers.o(i.__scatterload_null)
    i.__scatterload_zeroinit                 0x0000203c   Section       14  handlers.o(i.__scatterload_zeroinit)
    i._printf_core                           0x0000204a   Section        0  printf2.o(i._printf_core)
    _printf_core                             0x0000204b   Thumb Code   214  printf2.o(i._printf_core)
    i._sputc                                 0x00002120   Section        0  printf2.o(i._sputc)
    _sputc                                   0x00002121   Thumb Code    10  printf2.o(i._sputc)
    i.lcd_write_data_u16                     0x0000212c   Section        0  lcd.o(i.lcd_write_data_u16)
    i.malloc                                 0x00002168   Section        0  malloc.o(i.malloc)
    .constdata                               0x000021d4   Section      240  main.o(.constdata)
    .constdata                               0x000022c4   Section     8404  the_map.o(.constdata)
    .constdata                               0x00004398   Section      664  words.o(.constdata)
    .data                                    0x20000000   Section       28  main.o(.data)
    .data                                    0x2000001c   Section        2  serial_debug.o(.data)
    Rx_Interrupts_Enabled                    0x2000001c   Data           1  serial_debug.o(.data)
    Tx_Interrupts_Enabled                    0x2000001d   Data           1  serial_debug.o(.data)
    .data                                    0x2000001e   Section      140  words.o(.data)
    .data                                    0x200000ac   Section        4  system_tm4c123.o(.data)
    .data                                    0x200000b0   Section        4  stdout.o(.data)
    .data                                    0x200000b4   Section        4  mvars.o(.data)
    .data                                    0x200000b8   Section        4  mvars.o(.data)
    .bss                                     0x200000bc   Section       28  serial_debug.o(.bss)
    .bss                                     0x200000d8   Section       40  words.o(.bss)
    HEAP                                     0x20000100   Section        0  startup_tm4c123.o(HEAP)
    STACK                                    0x20000100   Section      512  startup_tm4c123.o(STACK)

    Global Symbols

    Symbol Name                              Value     Ov Type        Size  Object(Section)

    BuildAttributes$$THM_ISAv4$E$P$D$K$B$S$7EM$VFPi3$EXTD16$VFPS$VFMA$PE$A:L22UL41UL21$X:L11$S22US41US21$IEEE1$IW$USESV6$~STKCKD$USESV7$~SHL$OSPACE$ROPI$EBA8$MICROLIB$REQ8$PRES8$EABIv2 0x00000000   Number         0  anon$$obj.o ABSOLUTE
    __ARM_use_no_argv                        0x00000000   Number         0  main.o ABSOLUTE
    __Vectors                                0x00000000   Data           4  startup_tm4c123.o(RESET)
    _printf_a                                0x00000000   Number         0  stubs.o ABSOLUTE
    _printf_c                                0x00000000   Number         0  stubs.o ABSOLUTE
    _printf_charcount                        0x00000000   Number         0  stubs.o ABSOLUTE
    _printf_d                                0x00000000   Number         0  stubs.o ABSOLUTE
    _printf_e                                0x00000000   Number         0  stubs.o ABSOLUTE
    _printf_f                                0x00000000   Number         0  stubs.o ABSOLUTE
    _printf_flags                            0x00000000   Number         0  stubs.o ABSOLUTE
    _printf_fp_dec                           0x00000000   Number         0  stubs.o ABSOLUTE
    _printf_fp_hex                           0x00000000   Number         0  stubs.o ABSOLUTE
    _printf_g                                0x00000000   Number         0  stubs.o ABSOLUTE
    _printf_i                                0x00000000   Number         0  stubs.o ABSOLUTE
    _printf_int_dec                          0x00000000   Number         0  stubs.o ABSOLUTE
    _printf_l                                0x00000000   Number         0  stubs.o ABSOLUTE
    _printf_lc                               0x00000000   Number         0  stubs.o ABSOLUTE
    _printf_ll                               0x00000000   Number         0  stubs.o ABSOLUTE
    _printf_lld                              0x00000000   Number         0  stubs.o ABSOLUTE
    _printf_lli                              0x00000000   Number         0  stubs.o ABSOLUTE
    _printf_llo                              0x00000000   Number         0  stubs.o ABSOLUTE
    _printf_llu                              0x00000000   Number         0  stubs.o ABSOLUTE
    _printf_llx                              0x00000000   Number         0  stubs.o ABSOLUTE
    _printf_longlong_dec                     0x00000000   Number         0  stubs.o ABSOLUTE
    _printf_longlong_hex                     0x00000000   Number         0  stubs.o ABSOLUTE
    _printf_longlong_oct                     0x00000000   Number         0  stubs.o ABSOLUTE
    _printf_ls                               0x00000000   Number         0  stubs.o ABSOLUTE
    _printf_mbtowc                           0x00000000   Number         0  stubs.o ABSOLUTE
    _printf_n                                0x00000000   Number         0  stubs.o ABSOLUTE
    _printf_o                                0x00000000   Number         0  stubs.o ABSOLUTE
    _printf_p                                0x00000000   Number         0  stubs.o ABSOLUTE
    _printf_percent                          0x00000000   Number         0  stubs.o ABSOLUTE
    _printf_pre_padding                      0x00000000   Number         0  stubs.o ABSOLUTE
    _printf_return_value                     0x00000000   Number         0  stubs.o ABSOLUTE
    _printf_s                                0x00000000   Number         0  stubs.o ABSOLUTE
    _printf_sizespec                         0x00000000   Number         0  stubs.o ABSOLUTE
    _printf_str                              0x00000000   Number         0  stubs.o ABSOLUTE
    _printf_truncate_signed                  0x00000000   Number         0  stubs.o ABSOLUTE
    _printf_truncate_unsigned                0x00000000   Number         0  stubs.o ABSOLUTE
    _printf_u                                0x00000000   Number         0  stubs.o ABSOLUTE
    _printf_wc                               0x00000000   Number         0  stubs.o ABSOLUTE
    _printf_wctomb                           0x00000000   Number         0  stubs.o ABSOLUTE
    _printf_widthprec                        0x00000000   Number         0  stubs.o ABSOLUTE
    _printf_x                                0x00000000   Number         0  stubs.o ABSOLUTE
    __cpp_initialize__aeabi_                  - Undefined Weak Reference
    __cxa_finalize                            - Undefined Weak Reference
    __decompress                              - Undefined Weak Reference
    _clock_init                               - Undefined Weak Reference
    _microlib_exit                            - Undefined Weak Reference
    __Vectors_End                            0x0000026c   Data           0  startup_tm4c123.o(RESET)
    __Vectors_Size                           0x0000026c   Number         0  startup_tm4c123.o ABSOLUTE
    __main                                   0x0000026d   Thumb Code     0  entry.o(.ARM.Collect$$$$00000000)
    _main_stk                                0x0000026d   Thumb Code     0  entry2.o(.ARM.Collect$$$$00000001)
    _main_scatterload                        0x00000271   Thumb Code     0  entry5.o(.ARM.Collect$$$$00000004)
    __main_after_scatterload                 0x00000275   Thumb Code     0  entry5.o(.ARM.Collect$$$$00000004)
    _main_clock                              0x00000275   Thumb Code     0  entry7b.o(.ARM.Collect$$$$00000008)
    _main_cpp_init                           0x00000275   Thumb Code     0  entry8b.o(.ARM.Collect$$$$0000000A)
    _main_init                               0x00000275   Thumb Code     0  entry9a.o(.ARM.Collect$$$$0000000B)
    __rt_final_cpp                           0x0000027d   Thumb Code     0  entry10a.o(.ARM.Collect$$$$0000000D)
    __rt_final_exit                          0x0000027d   Thumb Code     0  entry11a.o(.ARM.Collect$$$$0000000F)
    DisableInterrupts                        0x00000281   Thumb Code     4  main.o(.text)
    EnableInterrupts                         0x00000285   Thumb Code     4  main.o(.text)
    TIMER1A_Handler                          0x00000289   Thumb Code    18  main.o(.text)
    init_gpio                                0x0000029b   Thumb Code    80  main.o(.text)
    init_i2c                                 0x000002eb   Thumb Code   142  main.o(.text)
    init_hardware                            0x00000379   Thumb Code   100  main.o(.text)
    eeprom_write_info                        0x000003dd   Thumb Code   144  main.o(.text)
    eeprom_print_info                        0x0000046d   Thumb Code   142  main.o(.text)
    GPIOF_Handler                            0x000004fb   Thumb Code    38  main.o(.text)
    LCD_draw_map                             0x00000521   Thumb Code   100  main.o(.text)
    update_score                             0x00000585   Thumb Code   470  main.o(.text)
    main                                     0x0000075b   Thumb Code   166  main.o(.text)
    init_serial_debug                        0x00000835   Thumb Code    90  serial_debug.o(.text)
    serial_debug_rx                          0x0000088f   Thumb Code    46  serial_debug.o(.text)
    serial_debug_tx                          0x000008bd   Thumb Code    84  serial_debug.o(.text)
    fputc                                    0x00000911   Thumb Code    66  serial_debug.o(.text)
    fgetc                                    0x00000953   Thumb Code    50  serial_debug.o(.text)
    UART0_Handler                            0x00000985   Thumb Code   136  serial_debug.o(.text)
    eeprom_byte_write                        0x00000a69   Thumb Code   106  eeprom.o(.text)
    eeprom_byte_read                         0x00000ad3   Thumb Code   124  eeprom.o(.text)
    eeprom_init                              0x00000b4f   Thumb Code   156  eeprom.o(.text)
    lcd_set_pos                              0x00000c4f   Thumb Code    58  lcd.o(.text)
    lcd_clear_screen                         0x00000c89   Thumb Code    52  lcd.o(.text)
    lcd_draw_image                           0x00000cbd   Thumb Code   242  lcd.o(.text)
    lcd_config_gpio                          0x00000daf   Thumb Code   128  lcd.o(.text)
    lcd_config_screen                        0x00000e2f   Thumb Code   568  lcd.o(.text)
    io_expander_write_reg                    0x0000106d   Thumb Code    70  io_expander.o(.text)
    io_expander_read_reg                     0x000010b3   Thumb Code    94  io_expander.o(.text)
    io_expander_init                         0x00001111   Thumb Code   110  io_expander.o(.text)
    light_control                            0x0000117f   Thumb Code    14  io_expander.o(.text)
    read_button                              0x0000118d   Thumb Code    14  io_expander.o(.text)
    read_interrupt                           0x0000119b   Thumb Code    14  io_expander.o(.text)
    gpio_get_irq_num                         0x000011f1   Thumb Code    74  gpio_port.o(.text)
    gpio_enable_port                         0x0000123b   Thumb Code   156  gpio_port.o(.text)
    gpio_config_digital_enable               0x000012d7   Thumb Code    34  gpio_port.o(.text)
    gpio_config_enable_output                0x000012f9   Thumb Code    34  gpio_port.o(.text)
    gpio_config_enable_input                 0x0000131b   Thumb Code    34  gpio_port.o(.text)
    gpio_config_enable_pullup                0x0000133d   Thumb Code    34  gpio_port.o(.text)
    gpio_config_enable_pulldown              0x0000135f   Thumb Code    34  gpio_port.o(.text)
    gpio_config_analog_enable                0x00001381   Thumb Code    34  gpio_port.o(.text)
    gpio_config_alternate_function           0x000013a3   Thumb Code    34  gpio_port.o(.text)
    gpio_config_port_control                 0x000013c5   Thumb Code    44  gpio_port.o(.text)
    gpio_config_open_drain                   0x000013f1   Thumb Code    34  gpio_port.o(.text)
    gpio_config_falling_edge_irq             0x00001413   Thumb Code   154  gpio_port.o(.text)
    initializeI2CMaster                      0x000014d5   Thumb Code   160  i2c.o(.text)
    i2cVerifyBaseAddr                        0x00001575   Thumb Code    36  i2c.o(.text)
    i2cSetSlaveAddr                          0x00001599   Thumb Code    30  i2c.o(.text)
    i2cStop                                  0x000015b7   Thumb Code    26  i2c.o(.text)
    I2CMasterBusy                            0x000015d1   Thumb Code    34  i2c.o(.text)
    I2CMasterAdrAck                          0x000015f3   Thumb Code    34  i2c.o(.text)
    I2CMasterDatAck                          0x00001615   Thumb Code    34  i2c.o(.text)
    i2cSendByte                              0x00001637   Thumb Code    82  i2c.o(.text)
    i2cGetByte                               0x00001689   Thumb Code    60  i2c.o(.text)
    pc_buffer_init                           0x000016dd   Thumb Code    26  pc_buffer.o(.text)
    pc_buffer_add                            0x000016f7   Thumb Code    30  pc_buffer.o(.text)
    pc_buffer_remove                         0x00001715   Thumb Code    32  pc_buffer.o(.text)
    pc_buffer_empty                          0x00001735   Thumb Code    18  pc_buffer.o(.text)
    pc_buffer_full                           0x00001747   Thumb Code    22  pc_buffer.o(.text)
    gp_timer_wait                            0x00001807   Thumb Code    64  timers.o(.text)
    gp_timer_config_32                       0x00001847   Thumb Code   116  timers.o(.text)
    timer_get_irq_num                        0x000018bb   Thumb Code    28  timers.o(.text)
    gp_timer_enable                          0x000018d7   Thumb Code   122  timers.o(.text)
    verify_uart_base                         0x0000196d   Thumb Code    54  uart.o(.text)
    uart_get_rcgc_mask                       0x000019a3   Thumb Code    68  uart.o(.text)
    uart_get_pr_mask                         0x000019e7   Thumb Code    68  uart.o(.text)
    uart_get_irq_num                         0x00001a2b   Thumb Code    68  uart.o(.text)
    uart_tx_poll                             0x00001a6f   Thumb Code    38  uart.o(.text)
    uart_tx_poll_string                      0x00001a95   Thumb Code    50  uart.o(.text)
    uart_rx_poll                             0x00001ac7   Thumb Code    70  uart.o(.text)
    uart_init                                0x00001b0d   Thumb Code   222  uart.o(.text)
    prepare_array                            0x00001bfd   Thumb Code    44  words.o(.text)
    Reset_Handler                            0x00001c55   Thumb Code     8  startup_tm4c123.o(.text)
    NMI_Handler                              0x00001c5d   Thumb Code     2  startup_tm4c123.o(.text)
    HardFault_Handler                        0x00001c5f   Thumb Code     2  startup_tm4c123.o(.text)
    MemManage_Handler                        0x00001c61   Thumb Code     2  startup_tm4c123.o(.text)
    BusFault_Handler                         0x00001c63   Thumb Code     2  startup_tm4c123.o(.text)
    UsageFault_Handler                       0x00001c65   Thumb Code     2  startup_tm4c123.o(.text)
    SVC_Handler                              0x00001c67   Thumb Code     2  startup_tm4c123.o(.text)
    DebugMon_Handler                         0x00001c69   Thumb Code     2  startup_tm4c123.o(.text)
    PendSV_Handler                           0x00001c6b   Thumb Code     2  startup_tm4c123.o(.text)
    SysTick_Handler                          0x00001c6d   Thumb Code     2  startup_tm4c123.o(.text)
    GPIOA_Handler                            0x00001c6f   Thumb Code     2  startup_tm4c123.o(.text)
    GPIOB_Handler                            0x00001c71   Thumb Code     2  startup_tm4c123.o(.text)
    GPIOC_Handler                            0x00001c73   Thumb Code     2  startup_tm4c123.o(.text)
    GPIOD_Handler                            0x00001c75   Thumb Code     2  startup_tm4c123.o(.text)
    GPIOE_Handler                            0x00001c77   Thumb Code     2  startup_tm4c123.o(.text)
    UART1_Handler                            0x00001c7b   Thumb Code     2  startup_tm4c123.o(.text)
    SSI0_Handler                             0x00001c7d   Thumb Code     2  startup_tm4c123.o(.text)
    I2C0_Handler                             0x00001c7f   Thumb Code     2  startup_tm4c123.o(.text)
    PMW0_FAULT_Handler                       0x00001c81   Thumb Code     2  startup_tm4c123.o(.text)
    PWM0_0_Handler                           0x00001c83   Thumb Code     2  startup_tm4c123.o(.text)
    PWM0_1_Handler                           0x00001c85   Thumb Code     2  startup_tm4c123.o(.text)
    PWM0_2_Handler                           0x00001c87   Thumb Code     2  startup_tm4c123.o(.text)
    QEI0_Handler                             0x00001c89   Thumb Code     2  startup_tm4c123.o(.text)
    ADC0SS0_Handler                          0x00001c8b   Thumb Code     2  startup_tm4c123.o(.text)
    ADC0SS1_Handler                          0x00001c8d   Thumb Code     2  startup_tm4c123.o(.text)
    ADC0SS2_Handler                          0x00001c8f   Thumb Code     2  startup_tm4c123.o(.text)
    ADC0SS3_Handler                          0x00001c91   Thumb Code     2  startup_tm4c123.o(.text)
    WDT0_Handler                             0x00001c93   Thumb Code     2  startup_tm4c123.o(.text)
    TIMER0A_Handler                          0x00001c95   Thumb Code     2  startup_tm4c123.o(.text)
    TIMER0B_Handler                          0x00001c97   Thumb Code     2  startup_tm4c123.o(.text)
    TIMER1B_Handler                          0x00001c9b   Thumb Code     2  startup_tm4c123.o(.text)
    TIMER2A_Handler                          0x00001c9d   Thumb Code     2  startup_tm4c123.o(.text)
    TIMER2B_Handler                          0x00001c9f   Thumb Code     2  startup_tm4c123.o(.text)
    COMP0_Handler                            0x00001ca1   Thumb Code     2  startup_tm4c123.o(.text)
    COMP1_Handler                            0x00001ca3   Thumb Code     2  startup_tm4c123.o(.text)
    COMP2_Handler                            0x00001ca5   Thumb Code     2  startup_tm4c123.o(.text)
    SYSCTL_Handler                           0x00001ca7   Thumb Code     2  startup_tm4c123.o(.text)
    FLASH_Handler                            0x00001ca9   Thumb Code     2  startup_tm4c123.o(.text)
    GPIOG_Handler                            0x00001cad   Thumb Code     2  startup_tm4c123.o(.text)
    GPIOH_Handler                            0x00001caf   Thumb Code     2  startup_tm4c123.o(.text)
    UART2_Handler                            0x00001cb1   Thumb Code     2  startup_tm4c123.o(.text)
    SSI1_Handler                             0x00001cb3   Thumb Code     2  startup_tm4c123.o(.text)
    TIMER3A_Handler                          0x00001cb5   Thumb Code     2  startup_tm4c123.o(.text)
    TIMER3B_Handler                          0x00001cb7   Thumb Code     2  startup_tm4c123.o(.text)
    I2C1_Handler                             0x00001cb9   Thumb Code     2  startup_tm4c123.o(.text)
    QEI1_Handler                             0x00001cbb   Thumb Code     2  startup_tm4c123.o(.text)
    CAN0_Handler                             0x00001cbd   Thumb Code     2  startup_tm4c123.o(.text)
    CAN1_Handler                             0x00001cbf   Thumb Code     2  startup_tm4c123.o(.text)
    CAN2_Handler                             0x00001cc1   Thumb Code     2  startup_tm4c123.o(.text)
    HIB_Handler                              0x00001cc3   Thumb Code     2  startup_tm4c123.o(.text)
    USB0_Handler                             0x00001cc5   Thumb Code     2  startup_tm4c123.o(.text)
    PWM0_3_Handler                           0x00001cc7   Thumb Code     2  startup_tm4c123.o(.text)
    UDMA_Handler                             0x00001cc9   Thumb Code     2  startup_tm4c123.o(.text)
    UDMAERR_Handler                          0x00001ccb   Thumb Code     2  startup_tm4c123.o(.text)
    ADC1SS0_Handler                          0x00001ccd   Thumb Code     2  startup_tm4c123.o(.text)
    ADC1SS1_Handler                          0x00001ccf   Thumb Code     2  startup_tm4c123.o(.text)
    ADC1SS2_Handler                          0x00001cd1   Thumb Code     2  startup_tm4c123.o(.text)
    ADC1SS3_Handler                          0x00001cd3   Thumb Code     2  startup_tm4c123.o(.text)
    GPIOJ_Handler                            0x00001cd5   Thumb Code     2  startup_tm4c123.o(.text)
    GPIOK_Handler                            0x00001cd7   Thumb Code     2  startup_tm4c123.o(.text)
    GPIOL_Handler                            0x00001cd9   Thumb Code     2  startup_tm4c123.o(.text)
    SSI2_Handler                             0x00001cdb   Thumb Code     2  startup_tm4c123.o(.text)
    SSI3_Handler                             0x00001cdd   Thumb Code     2  startup_tm4c123.o(.text)
    UART3_Handler                            0x00001cdf   Thumb Code     2  startup_tm4c123.o(.text)
    UART4_Handler                            0x00001ce1   Thumb Code     2  startup_tm4c123.o(.text)
    UART5_Handler                            0x00001ce3   Thumb Code     2  startup_tm4c123.o(.text)
    UART6_Handler                            0x00001ce5   Thumb Code     2  startup_tm4c123.o(.text)
    UART7_Handler                            0x00001ce7   Thumb Code     2  startup_tm4c123.o(.text)
    I2C2_Handler                             0x00001ce9   Thumb Code     2  startup_tm4c123.o(.text)
    I2C3_Handler                             0x00001ceb   Thumb Code     2  startup_tm4c123.o(.text)
    TIMER4A_Handler                          0x00001ced   Thumb Code     2  startup_tm4c123.o(.text)
    TIMER4B_Handler                          0x00001cef   Thumb Code     2  startup_tm4c123.o(.text)
    TIMER5A_Handler                          0x00001cf1   Thumb Code     2  startup_tm4c123.o(.text)
    TIMER5B_Handler                          0x00001cf3   Thumb Code     2  startup_tm4c123.o(.text)
    WTIMER0A_Handler                         0x00001cf5   Thumb Code     2  startup_tm4c123.o(.text)
    WTIMER0B_Handler                         0x00001cf7   Thumb Code     2  startup_tm4c123.o(.text)
    WTIMER1A_Handler                         0x00001cf9   Thumb Code     2  startup_tm4c123.o(.text)
    WTIMER1B_Handler                         0x00001cfb   Thumb Code     2  startup_tm4c123.o(.text)
    WTIMER2A_Handler                         0x00001cfd   Thumb Code     2  startup_tm4c123.o(.text)
    WTIMER2B_Handler                         0x00001cff   Thumb Code     2  startup_tm4c123.o(.text)
    WTIMER3A_Handler                         0x00001d01   Thumb Code     2  startup_tm4c123.o(.text)
    WTIMER3B_Handler                         0x00001d03   Thumb Code     2  startup_tm4c123.o(.text)
    WTIMER4A_Handler                         0x00001d05   Thumb Code     2  startup_tm4c123.o(.text)
    WTIMER4B_Handler                         0x00001d07   Thumb Code     2  startup_tm4c123.o(.text)
    WTIMER5A_Handler                         0x00001d09   Thumb Code     2  startup_tm4c123.o(.text)
    WTIMER5B_Handler                         0x00001d0b   Thumb Code     2  startup_tm4c123.o(.text)
    FPU_Handler                              0x00001d0d   Thumb Code     2  startup_tm4c123.o(.text)
    I2C4_Handler                             0x00001d0f   Thumb Code     2  startup_tm4c123.o(.text)
    I2C5_Handler                             0x00001d11   Thumb Code     2  startup_tm4c123.o(.text)
    GPIOM_Handler                            0x00001d13   Thumb Code     2  startup_tm4c123.o(.text)
    GPION_Handler                            0x00001d15   Thumb Code     2  startup_tm4c123.o(.text)
    QEI2_Handler                             0x00001d17   Thumb Code     2  startup_tm4c123.o(.text)
    GPIOP0_Handler                           0x00001d19   Thumb Code     2  startup_tm4c123.o(.text)
    GPIOP1_Handler                           0x00001d1b   Thumb Code     2  startup_tm4c123.o(.text)
    GPIOP2_Handler                           0x00001d1d   Thumb Code     2  startup_tm4c123.o(.text)
    GPIOP3_Handler                           0x00001d1f   Thumb Code     2  startup_tm4c123.o(.text)
    GPIOP4_Handler                           0x00001d21   Thumb Code     2  startup_tm4c123.o(.text)
    GPIOP5_Handler                           0x00001d23   Thumb Code     2  startup_tm4c123.o(.text)
    GPIOP6_Handler                           0x00001d25   Thumb Code     2  startup_tm4c123.o(.text)
    GPIOP7_Handler                           0x00001d27   Thumb Code     2  startup_tm4c123.o(.text)
    GPIOQ0_Handler                           0x00001d29   Thumb Code     2  startup_tm4c123.o(.text)
    GPIOQ1_Handler                           0x00001d2b   Thumb Code     2  startup_tm4c123.o(.text)
    GPIOQ2_Handler                           0x00001d2d   Thumb Code     2  startup_tm4c123.o(.text)
    GPIOQ3_Handler                           0x00001d2f   Thumb Code     2  startup_tm4c123.o(.text)
    GPIOQ4_Handler                           0x00001d31   Thumb Code     2  startup_tm4c123.o(.text)
    GPIOQ5_Handler                           0x00001d33   Thumb Code     2  startup_tm4c123.o(.text)
    GPIOQ6_Handler                           0x00001d35   Thumb Code     2  startup_tm4c123.o(.text)
    GPIOQ7_Handler                           0x00001d37   Thumb Code     2  startup_tm4c123.o(.text)
    GPIOR_Handler                            0x00001d39   Thumb Code     2  startup_tm4c123.o(.text)
    GPIOS_Handler                            0x00001d3b   Thumb Code     2  startup_tm4c123.o(.text)
    PMW1_0_Handler                           0x00001d3d   Thumb Code     2  startup_tm4c123.o(.text)
    PWM1_1_Handler                           0x00001d3f   Thumb Code     2  startup_tm4c123.o(.text)
    PWM1_2_Handler                           0x00001d41   Thumb Code     2  startup_tm4c123.o(.text)
    PWM1_3_Handler                           0x00001d43   Thumb Code     2  startup_tm4c123.o(.text)
    PWM1_FAULT_Handler                       0x00001d45   Thumb Code     2  startup_tm4c123.o(.text)
    SystemCoreClockUpdate                    0x00001e07   Thumb Code   184  system_tm4c123.o(.text)
    SystemInit                               0x00001ebf   Thumb Code   112  system_tm4c123.o(.text)
    __aeabi_memcpy                           0x00001f9d   Thumb Code    36  memcpya.o(.text)
    __aeabi_memcpy4                          0x00001f9d   Thumb Code     0  memcpya.o(.text)
    __aeabi_memcpy8                          0x00001f9d   Thumb Code     0  memcpya.o(.text)
    __scatterload                            0x00001fc1   Thumb Code    28  init.o(.text)
    __scatterload_rt2                        0x00001fc1   Thumb Code     0  init.o(.text)
    __0printf$2                              0x00001fe5   Thumb Code    22  printf2.o(i.__0printf$2)
    __1printf$2                              0x00001fe5   Thumb Code     0  printf2.o(i.__0printf$2)
    __2printf                                0x00001fe5   Thumb Code     0  printf2.o(i.__0printf$2)
    __0sprintf$2                             0x00002005   Thumb Code    34  printf2.o(i.__0sprintf$2)
    __1sprintf$2                             0x00002005   Thumb Code     0  printf2.o(i.__0sprintf$2)
    __2sprintf                               0x00002005   Thumb Code     0  printf2.o(i.__0sprintf$2)
    __scatterload_copy                       0x0000202d   Thumb Code    14  handlers.o(i.__scatterload_copy)
    __scatterload_null                       0x0000203b   Thumb Code     2  handlers.o(i.__scatterload_null)
    __scatterload_zeroinit                   0x0000203d   Thumb Code    14  handlers.o(i.__scatterload_zeroinit)
    lcd_write_data_u16                       0x0000212d   Thumb Code    48  lcd.o(i.lcd_write_data_u16)
    malloc                                   0x00002169   Thumb Code    92  malloc.o(i.malloc)
    bitmapUpBitmaps                          0x000022c4   Data        4200  the_map.o(.constdata)
    bitmapDownBitmaps                        0x0000332c   Data        4200  the_map.o(.constdata)
    bitmapUpWidthPixels                      0x00004394   Data           1  the_map.o(.constdata)
    bitmapUpHeightPixels                     0x00004395   Data           1  the_map.o(.constdata)
    bitmapDownWidthPixels                    0x00004396   Data           1  the_map.o(.constdata)
    bitmapDownHeightPixels                   0x00004397   Data           1  the_map.o(.constdata)
    scoreBitmaps                             0x00004398   Data         350  words.o(.constdata)
    scoreWidthPixels                         0x000044f6   Data           1  words.o(.constdata)
    scoreHeightPixels                        0x000044f7   Data           1  words.o(.constdata)
    start_gameBitmaps                        0x000044f8   Data         308  words.o(.constdata)
    start_gameWidthPixels                    0x0000462c   Data           1  words.o(.constdata)
    start_gameHeightPixels                   0x0000462d   Data           1  words.o(.constdata)
    numbers_WidthPixels                      0x0000462e   Data           1  words.o(.constdata)
    numbers_HeightPixels                     0x0000462f   Data           1  words.o(.constdata)
    Region$$Table$$Base                      0x00004630   Number         0  anon$$obj.o(Region$$Table)
    Region$$Table$$Limit                     0x00004650   Number         0  anon$$obj.o(Region$$Table)
    ALERT_TIMER1_LED_UPDATE                  0x20000000   Data           1  main.o(.data)
    Button_interrupted                       0x20000004   Data           4  main.o(.data)
    Button_value                             0x20000008   Data           4  main.o(.data)
    Button_old                               0x2000000c   Data           4  main.o(.data)
    Button_flag                              0x20000010   Data           4  main.o(.data)
    Button_real_flag                         0x20000014   Data           4  main.o(.data)
    value                                    0x20000018   Data           4  main.o(.data)
    _0Bitmaps                                0x2000001e   Data          14  words.o(.data)
    _1Bitmaps                                0x2000002c   Data          14  words.o(.data)
    _2Bitmaps                                0x2000003a   Data          14  words.o(.data)
    _3Bitmaps                                0x20000048   Data          14  words.o(.data)
    _4Bitmaps                                0x20000056   Data          14  words.o(.data)
    _5Bitmaps                                0x20000064   Data          14  words.o(.data)
    _6Bitmaps                                0x20000072   Data          14  words.o(.data)
    _7Bitmaps                                0x20000080   Data          14  words.o(.data)
    _8Bitmaps                                0x2000008e   Data          14  words.o(.data)
    _9Bitmaps                                0x2000009c   Data          14  words.o(.data)
    SystemCoreClock                          0x200000ac   Data           4  system_tm4c123.o(.data)
    __stdout                                 0x200000b0   Data           4  stdout.o(.data)
    __microlib_freelist                      0x200000b4   Data           4  mvars.o(.data)
    __microlib_freelist_initialised          0x200000b8   Data           4  mvars.o(.data)
    UART0_Tx_Buffer                          0x200000bc   Data          14  serial_debug.o(.bss)
    UART0_Rx_Buffer                          0x200000ca   Data          14  serial_debug.o(.bss)
    numbers                                  0x200000d8   Data          40  words.o(.bss)
    __heap_base                              0x20000100   Data           0  startup_tm4c123.o(HEAP)
    __heap_limit                             0x20000100   Data           0  startup_tm4c123.o(HEAP)
    __initial_sp                             0x20000300   Data           0  startup_tm4c123.o(STACK)



==============================================================================

Memory Map of the image

  Image Entry point : 0x00001c55

  Load Region LR_1 (Base: 0x00000000, Size: 0x0000470c, Max: 0xffffffff, ABSOLUTE)

    Execution Region ER_RO (Exec base: 0x00000000, Load base: 0x00000000, Size: 0x00004650, Max: 0xffffffff, ABSOLUTE)

    Exec Addr    Load Addr    Size         Type   Attr      Idx    E Section Name        Object

    0x00000000   0x00000000   0x0000026c   Data   RO          639    RESET               startup_tm4c123.o
    0x0000026c   0x0000026c   0x00000000   Code   RO          674  * .ARM.Collect$$$$00000000  mc_w.l(entry.o)
    0x0000026c   0x0000026c   0x00000004   Code   RO          971    .ARM.Collect$$$$00000001  mc_w.l(entry2.o)
    0x00000270   0x00000270   0x00000004   Code   RO          974    .ARM.Collect$$$$00000004  mc_w.l(entry5.o)
    0x00000274   0x00000274   0x00000000   Code   RO          976    .ARM.Collect$$$$00000008  mc_w.l(entry7b.o)
    0x00000274   0x00000274   0x00000000   Code   RO          978    .ARM.Collect$$$$0000000A  mc_w.l(entry8b.o)
    0x00000274   0x00000274   0x00000008   Code   RO          979    .ARM.Collect$$$$0000000B  mc_w.l(entry9a.o)
    0x0000027c   0x0000027c   0x00000000   Code   RO          981    .ARM.Collect$$$$0000000D  mc_w.l(entry10a.o)
    0x0000027c   0x0000027c   0x00000000   Code   RO          983    .ARM.Collect$$$$0000000F  mc_w.l(entry11a.o)
    0x0000027c   0x0000027c   0x00000004   Code   RO          972    .ARM.Collect$$$$00002712  mc_w.l(entry2.o)
    0x00000280   0x00000280   0x000005b4   Code   RO            4    .text               main.o
    0x00000834   0x00000834   0x000001f0   Code   RO          127    .text               serial_debug.o
    0x00000a24   0x00000a24   0x000001cc   Code   RO          212    .text               eeprom.o
    0x00000bf0   0x00000bf0   0x0000047c   Code   RO          290    .text               lcd.o
    0x0000106c   0x0000106c   0x00000144   Code   RO          414    .text               io_expander.o
    0x000011b0   0x000011b0   0x00000324   Code   RO          469    .text               gpio_port.o
    0x000014d4   0x000014d4   0x00000208   Code   RO          497    .text               i2c.o
    0x000016dc   0x000016dc   0x00000080   Code   RO          518    .text               pc_buffer.o
    0x0000175c   0x0000175c   0x00000210   Code   RO          560    .text               timers.o
    0x0000196c   0x0000196c   0x00000290   Code   RO          584    .text               uart.o
    0x00001bfc   0x00001bfc   0x00000058   Code   RO          617    .text               words.o
    0x00001c54   0x00001c54   0x000000fc   Code   RO          640  * .text               startup_tm4c123.o
    0x00001d50   0x00001d50   0x0000024c   Code   RO          647    .text               system_tm4c123.o
    0x00001f9c   0x00001f9c   0x00000024   Code   RO          678    .text               mc_w.l(memcpya.o)
    0x00001fc0   0x00001fc0   0x00000024   Code   RO         1002    .text               mc_w.l(init.o)
    0x00001fe4   0x00001fe4   0x00000020   Code   RO          749    i.__0printf$2       mc_w.l(printf2.o)
    0x00002004   0x00002004   0x00000028   Code   RO          751    i.__0sprintf$2      mc_w.l(printf2.o)
    0x0000202c   0x0000202c   0x0000000e   Code   RO         1014    i.__scatterload_copy  mc_w.l(handlers.o)
    0x0000203a   0x0000203a   0x00000002   Code   RO         1015    i.__scatterload_null  mc_w.l(handlers.o)
    0x0000203c   0x0000203c   0x0000000e   Code   RO         1016    i.__scatterload_zeroinit  mc_w.l(handlers.o)
    0x0000204a   0x0000204a   0x000000d6   Code   RO          756    i._printf_core      mc_w.l(printf2.o)
    0x00002120   0x00002120   0x0000000a   Code   RO          758    i._sputc            mc_w.l(printf2.o)
    0x0000212a   0x0000212a   0x00000002   PAD
    0x0000212c   0x0000212c   0x0000003c   Code   RO          308    i.lcd_write_data_u16  lcd.o
    0x00002168   0x00002168   0x0000006c   Code   RO          944    i.malloc            mc_w.l(malloc.o)
    0x000021d4   0x000021d4   0x000000f0   Data   RO            6    .constdata          main.o
    0x000022c4   0x000022c4   0x000020d4   Data   RO          605    .constdata          the_map.o
    0x00004398   0x00004398   0x00000298   Data   RO          619    .constdata          words.o
    0x00004630   0x00004630   0x00000020   Data   RO         1012    Region$$Table       anon$$obj.o


    Execution Region ER_RW (Exec base: 0x20000000, Load base: 0x00004650, Size: 0x000000bc, Max: 0xffffffff, ABSOLUTE)

    Exec Addr    Load Addr    Size         Type   Attr      Idx    E Section Name        Object

    0x20000000   0x00004650   0x0000001c   Data   RW            7    .data               main.o
    0x2000001c   0x0000466c   0x00000002   Data   RW          129    .data               serial_debug.o
    0x2000001e   0x0000466e   0x0000008c   Data   RW          620    .data               words.o
    0x200000aa   0x000046fa   0x00000002   PAD
    0x200000ac   0x000046fc   0x00000004   Data   RW          648    .data               system_tm4c123.o
    0x200000b0   0x00004700   0x00000004   Data   RW          677    .data               mc_w.l(stdout.o)
    0x200000b4   0x00004704   0x00000004   Data   RW          989    .data               mc_w.l(mvars.o)
    0x200000b8   0x00004708   0x00000004   Data   RW          990    .data               mc_w.l(mvars.o)


    Execution Region ER_ZI (Exec base: 0x200000bc, Load base: 0x0000470c, Size: 0x00000244, Max: 0xffffffff, ABSOLUTE)

    Exec Addr    Load Addr    Size         Type   Attr      Idx    E Section Name        Object

    0x200000bc        -       0x0000001c   Zero   RW          128    .bss                serial_debug.o
    0x200000d8        -       0x00000028   Zero   RW          618    .bss                words.o
    0x20000100        -       0x00000000   Zero   RW          638    HEAP                startup_tm4c123.o
    0x20000100        -       0x00000200   Zero   RW          637    STACK               startup_tm4c123.o


==============================================================================

Image component sizes


      Code (inc. data)   RO Data    RW Data    ZI Data      Debug   Object Name

       460          6          0          0          0       2153   eeprom.o
       804         40          0          0          0      35733   gpio_port.o
       520         24          0          0          0       3681   i2c.o
       324          8          0          0          0       1763   io_expander.o
      1208         36          0          0          0       3805   lcd.o
      1460        220        240         28          0      31802   main.o
       128          0          0          0          0       1935   pc_buffer.o
       496         24          0          2         28       5729   serial_debug.o
       252         10        620          0        512       5444   startup_tm4c123.o
       588        134          0          4          0       1561   system_tm4c123.o
         0          0       8404          0          0        782   the_map.o
       528         28          0          0          0       3053   timers.o
       656         50          0          0          0       3516   uart.o
        88         44        664        140         40       1882   words.o

    ----------------------------------------------------------------------
      7512        624       9960        176        580     102839   Object Totals
         0          0         32          0          0          0   (incl. Generated)
         0          0          0          2          0          0   (incl. Padding)

    ----------------------------------------------------------------------

      Code (inc. data)   RO Data    RW Data    ZI Data      Debug   Library Member Name

         0          0          0          0          0          0   entry.o
         0          0          0          0          0          0   entry10a.o
         0          0          0          0          0          0   entry11a.o
         8          4          0          0          0          0   entry2.o
         4          0          0          0          0          0   entry5.o
         0          0          0          0          0          0   entry7b.o
         0          0          0          0          0          0   entry8b.o
         8          4          0          0          0          0   entry9a.o
        30          0          0          0          0          0   handlers.o
        36          8          0          0          0         68   init.o
       108         16          0          0          0         84   malloc.o
        36          0          0          0          0         68   memcpya.o
         0          0          0          8          0          0   mvars.o
       296         16          0          0          0        328   printf2.o
         0          0          0          4          0          0   stdout.o

    ----------------------------------------------------------------------
       528         48          0         12          0        548   Library Totals
         2          0          0          0          0          0   (incl. Padding)

    ----------------------------------------------------------------------

      Code (inc. data)   RO Data    RW Data    ZI Data      Debug   Library Name

       526         48          0         12          0        548   mc_w.l

    ----------------------------------------------------------------------
       528         48          0         12          0        548   Library Totals

    ----------------------------------------------------------------------

==============================================================================


      Code (inc. data)   RO Data    RW Data    ZI Data      Debug   

      8040        672       9960        188        580     101583   Grand Totals
      8040        672       9960        188        580     101583   ELF Image Totals
      8040        672       9960        188          0          0   ROM Totals

==============================================================================

    Total RO  Size (Code + RO Data)                18000 (  17.58kB)
    Total RW  Size (RW Data + ZI Data)               768 (   0.75kB)
    Total ROM Size (Code + RO Data + RW Data)      18188 (  17.76kB)

==============================================================================

