Component: ARM Compiler 5.06 update 6 (build 750) Tool: armlink [4d35ed]

==============================================================================

Section Cross References

    main.o(.text) refers to serial_debug.o(.text) for init_serial_debug
    main.o(.text) refers to lcd.o(.text) for lcd_config_gpio
    main.o(.text) refers to io_expander.o(.text) for io_expander_init
    serial_debug.o(.text) refers to gpio_port.o(.text) for gpio_enable_port
    serial_debug.o(.text) refers to pc_buffer.o(.text) for pc_buffer_init
    serial_debug.o(.text) refers to uart.o(.text) for uart_init
    serial_debug.o(.text) refers to main.o(.text) for DisableInterrupts
    serial_debug.o(.text) refers to serial_debug.o(.data) for Rx_Interrupts_Enabled
    serial_debug.o(.text) refers to serial_debug.o(.bss) for UART0_Tx_Buffer
    serial_debug.o(.text) refers to stdout.o(.data) for __stdout
    accel.o(.text) refers to spi.o(.text) for spiTx
    accel.o(.text) refers to spi_select.o(.text) for spi_select_init
    accel.o(.text) refers to gpio_port.o(.text) for gpio_enable_port
    eeprom.o(.text) refers to i2c.o(.text) for i2cVerifyBaseAddr
    eeprom.o(.text) refers to gpio_port.o(.text) for gpio_enable_port
    ft6x06.o(.text) refers to i2c.o(.text) for I2CMasterBusy
    ft6x06.o(.text) refers to gpio_port.o(.text) for gpio_enable_port
    lcd.o(.text) refers to lcd.o(i.lcd_write_data_u16) for lcd_write_data_u16
    lcd.o(.text) refers to gpio_port.o(.text) for gpio_enable_port
    ps2.o(.text) refers to gpio_port.o(.text) for gpio_enable_port
    ps2.o(.text) refers to adc.o(.text) for initialize_adc
    spi_select.o(.text) refers to gpio_port.o(.text) for gpio_enable_port
    ws2812b_ice.o(.text) refers to ws2812b_ice.o(.data) for direction
    io_expander.o(.text) refers to i2c.o(.text) for I2CMasterBusy
    io_expander.o(.text) refers to gpio_port.o(.text) for gpio_enable_port
    pc_buffer.o(.text) refers to malloc.o(i.malloc) for malloc
    startup_tm4c123.o(RESET) refers to startup_tm4c123.o(STACK) for __initial_sp
    startup_tm4c123.o(RESET) refers to startup_tm4c123.o(.text) for Reset_Handler
    startup_tm4c123.o(RESET) refers to serial_debug.o(.text) for UART0_Handler
    startup_tm4c123.o(.text) refers to system_tm4c123.o(.text) for SystemInit
    startup_tm4c123.o(.text) refers to entry.o(.ARM.Collect$$$$00000000) for __main
    system_tm4c123.o(.text) refers to system_tm4c123.o(.data) for SystemCoreClock
    entry.o(.ARM.Collect$$$$00000000) refers (Special) to entry10a.o(.ARM.Collect$$$$0000000D) for __rt_final_cpp
    entry.o(.ARM.Collect$$$$00000000) refers (Special) to entry11a.o(.ARM.Collect$$$$0000000F) for __rt_final_exit
    entry.o(.ARM.Collect$$$$00000000) refers (Special) to entry7b.o(.ARM.Collect$$$$00000008) for _main_clock
    entry.o(.ARM.Collect$$$$00000000) refers (Special) to entry8b.o(.ARM.Collect$$$$0000000A) for _main_cpp_init
    entry.o(.ARM.Collect$$$$00000000) refers (Special) to entry9a.o(.ARM.Collect$$$$0000000B) for _main_init
    entry.o(.ARM.Collect$$$$00000000) refers (Special) to entry5.o(.ARM.Collect$$$$00000004) for _main_scatterload
    entry.o(.ARM.Collect$$$$00000000) refers (Special) to entry2.o(.ARM.Collect$$$$00000001) for _main_stk
    malloc.o(i.free) refers to mvars.o(.data) for __microlib_freelist
    malloc.o(i.malloc) refers to mvars.o(.data) for __microlib_freelist_initialised
    malloc.o(i.malloc) refers to mvars.o(.data) for __microlib_freelist
    malloc.o(i.malloc) refers to startup_tm4c123.o(HEAP) for __heap_base
    mallocr.o(i.__free$realloc) refers to mvars.o(.data) for __microlib_freelist
    mallocr.o(i.__malloc$realloc) refers to mallocr.o(i.internal_alloc) for internal_alloc
    mallocr.o(i.__malloc$realloc) refers to mvars.o(.data) for __microlib_freelist_initialised
    mallocr.o(i.__malloc$realloc) refers to startup_tm4c123.o(HEAP) for __heap_base
    mallocr.o(i.__malloc$realloc) refers to mvars.o(.data) for __microlib_freelist
    mallocr.o(i.internal_alloc) refers to memcpya.o(.text) for __aeabi_memcpy
    mallocr.o(i.internal_alloc) refers to mvars.o(.data) for __microlib_freelist
    mallocr.o(i.realloc) refers to mallocr.o(i.__free$realloc) for __free$realloc
    mallocr.o(i.realloc) refers to mallocr.o(i.internal_alloc) for internal_alloc
    mallocr.o(i.realloc) refers to mallocr.o(i.__malloc$realloc) for __malloc$realloc
    mallocr.o(i.realloc) refers to mvars.o(.data) for __microlib_freelist
    malloca.o(i.__aligned_malloc) refers to mvars.o(.data) for __microlib_freelist_initialised
    malloca.o(i.__aligned_malloc) refers to mvars.o(.data) for __microlib_freelist
    malloca.o(i.__aligned_malloc) refers to startup_tm4c123.o(HEAP) for __heap_base
    malloca.o(i.__free$memalign) refers to mvars.o(.data) for __microlib_freelist
    malloca.o(i.__malloc$memalign) refers to malloca.o(i.__aligned_malloc) for __aligned_malloc
    mallocra.o(i.__aligned_malloc$realloc) refers to mallocra.o(i.internal_alloc) for internal_alloc
    mallocra.o(i.__aligned_malloc$realloc) refers to mvars.o(.data) for __microlib_freelist_initialised
    mallocra.o(i.__aligned_malloc$realloc) refers to startup_tm4c123.o(HEAP) for __heap_base
    mallocra.o(i.__aligned_malloc$realloc) refers to mvars.o(.data) for __microlib_freelist
    mallocra.o(i.__free$realloc$memalign) refers to mvars.o(.data) for __microlib_freelist
    mallocra.o(i.__malloc$realloc$memalign) refers to mallocra.o(i.__aligned_malloc$realloc) for __aligned_malloc$realloc
    mallocra.o(i.__realloc$memalign) refers to mallocra.o(i.__free$realloc$memalign) for __free$realloc$memalign
    mallocra.o(i.__realloc$memalign) refers to mallocra.o(i.internal_alloc) for internal_alloc
    mallocra.o(i.__realloc$memalign) refers to mallocra.o(i.__malloc$realloc$memalign) for __malloc$realloc$memalign
    mallocra.o(i.__realloc$memalign) refers to mvars.o(.data) for __microlib_freelist
    mallocra.o(i.internal_alloc) refers to memcpya.o(.text) for __aeabi_memcpy
    mallocra.o(i.internal_alloc) refers to mvars.o(.data) for __microlib_freelist
    entry2.o(.ARM.Collect$$$$00000001) refers to entry2.o(.ARM.Collect$$$$00002712) for __lit__00000000
    entry2.o(.ARM.Collect$$$$00002712) refers to startup_tm4c123.o(STACK) for __initial_sp
    entry2.o(__vectab_stack_and_reset_area) refers to startup_tm4c123.o(STACK) for __initial_sp
    entry2.o(__vectab_stack_and_reset_area) refers to entry.o(.ARM.Collect$$$$00000000) for __main
    entry5.o(.ARM.Collect$$$$00000004) refers to init.o(.text) for __scatterload
    entry9a.o(.ARM.Collect$$$$0000000B) refers to main.o(.text) for main
    entry9b.o(.ARM.Collect$$$$0000000C) refers to main.o(.text) for main
    init.o(.text) refers to entry5.o(.ARM.Collect$$$$00000004) for __main_after_scatterload


==============================================================================

Removing Unused input sections from the image.

    Removing main.o(.rev16_text), (4 bytes).
    Removing main.o(.revsh_text), (4 bytes).
    Removing main.o(.rrx_text), (6 bytes).
    Removing serial_debug.o(.rev16_text), (4 bytes).
    Removing serial_debug.o(.revsh_text), (4 bytes).
    Removing serial_debug.o(.rrx_text), (6 bytes).
    Removing accel.o(.rev16_text), (4 bytes).
    Removing accel.o(.revsh_text), (4 bytes).
    Removing accel.o(.rrx_text), (6 bytes).
    Removing accel.o(.text), (424 bytes).
    Removing ece353_images.o(.constdata), (5991 bytes).
    Removing eeprom.o(.rev16_text), (4 bytes).
    Removing eeprom.o(.revsh_text), (4 bytes).
    Removing eeprom.o(.rrx_text), (6 bytes).
    Removing eeprom.o(.text), (460 bytes).
    Removing ft6x06.o(.rev16_text), (4 bytes).
    Removing ft6x06.o(.revsh_text), (4 bytes).
    Removing ft6x06.o(.rrx_text), (6 bytes).
    Removing ft6x06.o(.text), (520 bytes).
    Removing launchpad_io.o(.rev16_text), (4 bytes).
    Removing launchpad_io.o(.revsh_text), (4 bytes).
    Removing launchpad_io.o(.rrx_text), (6 bytes).
    Removing launchpad_io.o(.text), (196 bytes).
    Removing lcd.o(.rev16_text), (4 bytes).
    Removing lcd.o(.revsh_text), (4 bytes).
    Removing lcd.o(.rrx_text), (6 bytes).
    Removing lcd_images.o(.constdata), (4864 bytes).
    Removing ps2.o(.rev16_text), (4 bytes).
    Removing ps2.o(.revsh_text), (4 bytes).
    Removing ps2.o(.rrx_text), (6 bytes).
    Removing ps2.o(.text), (88 bytes).
    Removing spi_select.o(.rev16_text), (4 bytes).
    Removing spi_select.o(.revsh_text), (4 bytes).
    Removing spi_select.o(.rrx_text), (6 bytes).
    Removing spi_select.o(.text), (164 bytes).
    Removing ws2812b_ice.o(.rev16_text), (4 bytes).
    Removing ws2812b_ice.o(.revsh_text), (4 bytes).
    Removing ws2812b_ice.o(.rrx_text), (6 bytes).
    Removing ws2812b_ice.o(.text), (236 bytes).
    Removing ws2812b_ice.o(.data), (4 bytes).
    Removing io_expander.o(.rev16_text), (4 bytes).
    Removing io_expander.o(.revsh_text), (4 bytes).
    Removing io_expander.o(.rrx_text), (6 bytes).
    Removing adc.o(.rev16_text), (4 bytes).
    Removing adc.o(.revsh_text), (4 bytes).
    Removing adc.o(.rrx_text), (6 bytes).
    Removing adc.o(.text), (156 bytes).
    Removing gpio_port.o(.rev16_text), (4 bytes).
    Removing gpio_port.o(.revsh_text), (4 bytes).
    Removing gpio_port.o(.rrx_text), (6 bytes).
    Removing i2c.o(.rev16_text), (4 bytes).
    Removing i2c.o(.revsh_text), (4 bytes).
    Removing i2c.o(.rrx_text), (6 bytes).
    Removing spi.o(.rev16_text), (4 bytes).
    Removing spi.o(.revsh_text), (4 bytes).
    Removing spi.o(.rrx_text), (6 bytes).
    Removing spi.o(.text), (392 bytes).
    Removing timers.o(.rev16_text), (4 bytes).
    Removing timers.o(.revsh_text), (4 bytes).
    Removing timers.o(.rrx_text), (6 bytes).
    Removing timers.o(.text), (368 bytes).
    Removing uart.o(.rev16_text), (4 bytes).
    Removing uart.o(.revsh_text), (4 bytes).
    Removing uart.o(.rrx_text), (6 bytes).
    Removing system_tm4c123.o(.rev16_text), (4 bytes).
    Removing system_tm4c123.o(.revsh_text), (4 bytes).
    Removing system_tm4c123.o(.rrx_text), (6 bytes).

67 unused section(s) (total 14115 bytes) removed from the image.

==============================================================================

Image Symbol Table

    Local Symbols

    Symbol Name                              Value     Ov Type        Size  Object(Section)

    RESET                                    0x00000000   Section      620  startup_tm4c123.o(RESET)
    ../clib/microlib/init/entry.s            0x00000000   Number         0  entry11a.o ABSOLUTE
    ../clib/microlib/init/entry.s            0x00000000   Number         0  entry5.o ABSOLUTE
    ../clib/microlib/init/entry.s            0x00000000   Number         0  entry2.o ABSOLUTE
    ../clib/microlib/init/entry.s            0x00000000   Number         0  entry11b.o ABSOLUTE
    ../clib/microlib/init/entry.s            0x00000000   Number         0  entry10b.o ABSOLUTE
    ../clib/microlib/init/entry.s            0x00000000   Number         0  entry10a.o ABSOLUTE
    ../clib/microlib/init/entry.s            0x00000000   Number         0  entry9a.o ABSOLUTE
    ../clib/microlib/init/entry.s            0x00000000   Number         0  entry8b.o ABSOLUTE
    ../clib/microlib/init/entry.s            0x00000000   Number         0  entry8a.o ABSOLUTE
    ../clib/microlib/init/entry.s            0x00000000   Number         0  entry7b.o ABSOLUTE
    ../clib/microlib/init/entry.s            0x00000000   Number         0  entry7a.o ABSOLUTE
    ../clib/microlib/init/entry.s            0x00000000   Number         0  entry.o ABSOLUTE
    ../clib/microlib/init/entry.s            0x00000000   Number         0  entry9b.o ABSOLUTE
    ../clib/microlib/malloc/malloc.c         0x00000000   Number         0  mallocra.o ABSOLUTE
    ../clib/microlib/malloc/malloc.c         0x00000000   Number         0  malloca.o ABSOLUTE
    ../clib/microlib/malloc/malloc.c         0x00000000   Number         0  mallocr.o ABSOLUTE
    ../clib/microlib/malloc/malloc.c         0x00000000   Number         0  malloc.o ABSOLUTE
    ../clib/microlib/malloc/mvars.c          0x00000000   Number         0  mvars.o ABSOLUTE
    ../clib/microlib/stdio/streams.c         0x00000000   Number         0  stdout.o ABSOLUTE
    ../clib/microlib/string/memcpy.c         0x00000000   Number         0  memcpyb.o ABSOLUTE
    ../clib/microlib/string/memcpy.c         0x00000000   Number         0  memcpya.o ABSOLUTE
    ..\\drivers\\c\\adc.c                    0x00000000   Number         0  adc.o ABSOLUTE
    ..\\drivers\\c\\gpio_port.c              0x00000000   Number         0  gpio_port.o ABSOLUTE
    ..\\drivers\\c\\i2c.c                    0x00000000   Number         0  i2c.o ABSOLUTE
    ..\\drivers\\c\\spi.c                    0x00000000   Number         0  spi.o ABSOLUTE
    ..\\drivers\\c\\timers.c                 0x00000000   Number         0  timers.o ABSOLUTE
    ..\\drivers\\c\\uart.c                   0x00000000   Number         0  uart.o ABSOLUTE
    ..\\peripherals\\c\\accel.c              0x00000000   Number         0  accel.o ABSOLUTE
    ..\\peripherals\\c\\eeprom.c             0x00000000   Number         0  eeprom.o ABSOLUTE
    ..\\peripherals\\c\\ft6x06.c             0x00000000   Number         0  ft6x06.o ABSOLUTE
    ..\\peripherals\\c\\io_expander.c        0x00000000   Number         0  io_expander.o ABSOLUTE
    ..\\peripherals\\c\\launchpad_io.c       0x00000000   Number         0  launchpad_io.o ABSOLUTE
    ..\\peripherals\\c\\lcd.c                0x00000000   Number         0  lcd.o ABSOLUTE
    ..\\peripherals\\c\\ps2.c                0x00000000   Number         0  ps2.o ABSOLUTE
    ..\\peripherals\\c\\serial_debug.c       0x00000000   Number         0  serial_debug.o ABSOLUTE
    ..\\peripherals\\c\\spi_select.c         0x00000000   Number         0  spi_select.o ABSOLUTE
    ..\\peripherals\\c\\ws2812b_ice.c        0x00000000   Number         0  ws2812b_ice.o ABSOLUTE
    ..\drivers\c\adc.c                       0x00000000   Number         0  adc.o ABSOLUTE
    ..\drivers\c\gpio_port.c                 0x00000000   Number         0  gpio_port.o ABSOLUTE
    ..\drivers\c\i2c.c                       0x00000000   Number         0  i2c.o ABSOLUTE
    ..\drivers\c\pc_buffer.c                 0x00000000   Number         0  pc_buffer.o ABSOLUTE
    ..\drivers\c\spi.c                       0x00000000   Number         0  spi.o ABSOLUTE
    ..\drivers\c\timers.c                    0x00000000   Number         0  timers.o ABSOLUTE
    ..\drivers\c\uart.c                      0x00000000   Number         0  uart.o ABSOLUTE
    ..\peripherals\c\accel.c                 0x00000000   Number         0  accel.o ABSOLUTE
    ..\peripherals\c\ece353_images.c         0x00000000   Number         0  ece353_images.o ABSOLUTE
    ..\peripherals\c\eeprom.c                0x00000000   Number         0  eeprom.o ABSOLUTE
    ..\peripherals\c\ft6x06.c                0x00000000   Number         0  ft6x06.o ABSOLUTE
    ..\peripherals\c\io_expander.c           0x00000000   Number         0  io_expander.o ABSOLUTE
    ..\peripherals\c\launchpad_io.c          0x00000000   Number         0  launchpad_io.o ABSOLUTE
    ..\peripherals\c\lcd.c                   0x00000000   Number         0  lcd.o ABSOLUTE
    ..\peripherals\c\lcd_images.c            0x00000000   Number         0  lcd_images.o ABSOLUTE
    ..\peripherals\c\ps2.c                   0x00000000   Number         0  ps2.o ABSOLUTE
    ..\peripherals\c\serial_debug.c          0x00000000   Number         0  serial_debug.o ABSOLUTE
    ..\peripherals\c\spi_select.c            0x00000000   Number         0  spi_select.o ABSOLUTE
    ..\peripherals\c\ws2812b_ice.c           0x00000000   Number         0  ws2812b_ice.o ABSOLUTE
    RTE\Device\TM4C123GH6PM\startup_TM4C123.s 0x00000000   Number         0  startup_tm4c123.o ABSOLUTE
    RTE\Device\TM4C123GH6PM\system_TM4C123.c 0x00000000   Number         0  system_tm4c123.o ABSOLUTE
    RTE\\Device\\TM4C123GH6PM\\system_TM4C123.c 0x00000000   Number         0  system_tm4c123.o ABSOLUTE
    dc.s                                     0x00000000   Number         0  dc.o ABSOLUTE
    handlers.s                               0x00000000   Number         0  handlers.o ABSOLUTE
    init.s                                   0x00000000   Number         0  init.o ABSOLUTE
    main.c                                   0x00000000   Number         0  main.o ABSOLUTE
    main.c                                   0x00000000   Number         0  main.o ABSOLUTE
    .ARM.Collect$$$$00000000                 0x0000026c   Section        0  entry.o(.ARM.Collect$$$$00000000)
    .ARM.Collect$$$$00000001                 0x0000026c   Section        4  entry2.o(.ARM.Collect$$$$00000001)
    .ARM.Collect$$$$00000004                 0x00000270   Section        4  entry5.o(.ARM.Collect$$$$00000004)
    .ARM.Collect$$$$00000008                 0x00000274   Section        0  entry7b.o(.ARM.Collect$$$$00000008)
    .ARM.Collect$$$$0000000A                 0x00000274   Section        0  entry8b.o(.ARM.Collect$$$$0000000A)
    .ARM.Collect$$$$0000000B                 0x00000274   Section        8  entry9a.o(.ARM.Collect$$$$0000000B)
    .ARM.Collect$$$$0000000D                 0x0000027c   Section        0  entry10a.o(.ARM.Collect$$$$0000000D)
    .ARM.Collect$$$$0000000F                 0x0000027c   Section        0  entry11a.o(.ARM.Collect$$$$0000000F)
    .ARM.Collect$$$$00002712                 0x0000027c   Section        4  entry2.o(.ARM.Collect$$$$00002712)
    __lit__00000000                          0x0000027c   Data           4  entry2.o(.ARM.Collect$$$$00002712)
    .text                                    0x00000280   Section        0  main.o(.text)
    .text                                    0x000002ac   Section        0  serial_debug.o(.text)
    .text                                    0x0000049c   Section        0  lcd.o(.text)
    delayms                                  0x0000049d   Thumb Code    26  lcd.o(.text)
    lcd_write_cmd_u8                         0x000004b7   Thumb Code    40  lcd.o(.text)
    lcd_write_data_u8                        0x000004df   Thumb Code    28  lcd.o(.text)
    .text                                    0x00000930   Section        0  io_expander.o(.text)
    .text                                    0x00000a74   Section        0  gpio_port.o(.text)
    verify_base_addr                         0x00000a75   Thumb Code    64  gpio_port.o(.text)
    .text                                    0x00000cfc   Section        0  i2c.o(.text)
    .text                                    0x00000f04   Section        0  pc_buffer.o(.text)
    .text                                    0x00000f84   Section        0  uart.o(.text)
    .text                                    0x00001208   Section      252  startup_tm4c123.o(.text)
    $v0                                      0x00001208   Number         0  startup_tm4c123.o(.text)
    .text                                    0x00001304   Section        0  system_tm4c123.o(.text)
    getOscClk                                0x00001305   Thumb Code   182  system_tm4c123.o(.text)
    .text                                    0x00001550   Section       36  init.o(.text)
    i.__scatterload_copy                     0x00001574   Section       14  handlers.o(i.__scatterload_copy)
    i.__scatterload_null                     0x00001582   Section        2  handlers.o(i.__scatterload_null)
    i.__scatterload_zeroinit                 0x00001584   Section       14  handlers.o(i.__scatterload_zeroinit)
    i.lcd_write_data_u16                     0x00001594   Section        0  lcd.o(i.lcd_write_data_u16)
    i.malloc                                 0x000015d0   Section        0  malloc.o(i.malloc)
    .data                                    0x20000000   Section        2  serial_debug.o(.data)
    Rx_Interrupts_Enabled                    0x20000000   Data           1  serial_debug.o(.data)
    Tx_Interrupts_Enabled                    0x20000001   Data           1  serial_debug.o(.data)
    .data                                    0x20000004   Section        4  system_tm4c123.o(.data)
    .data                                    0x20000008   Section        4  stdout.o(.data)
    .data                                    0x2000000c   Section        4  mvars.o(.data)
    .data                                    0x20000010   Section        4  mvars.o(.data)
    .bss                                     0x20000014   Section       28  serial_debug.o(.bss)
    HEAP                                     0x20000030   Section        0  startup_tm4c123.o(HEAP)
    STACK                                    0x20000030   Section      512  startup_tm4c123.o(STACK)

    Global Symbols

    Symbol Name                              Value     Ov Type        Size  Object(Section)

    BuildAttributes$$THM_ISAv4$E$P$D$K$B$S$7EM$VFPi3$EXTD16$VFPS$VFMA$PE$A:L22UL41UL21$X:L11$S22US41US21$IEEE1$IW$USESV6$~STKCKD$USESV7$~SHL$OSPACE$EBA8$MICROLIB$REQ8$PRES8$EABIv2 0x00000000   Number         0  anon$$obj.o ABSOLUTE
    __ARM_use_no_argv                        0x00000000   Number         0  main.o ABSOLUTE
    __Vectors                                0x00000000   Data           4  startup_tm4c123.o(RESET)
    __cpp_initialize__aeabi_                  - Undefined Weak Reference
    __cxa_finalize                            - Undefined Weak Reference
    __decompress                              - Undefined Weak Reference
    _clock_init                               - Undefined Weak Reference
    _microlib_exit                            - Undefined Weak Reference
    __Vectors_End                            0x0000026c   Data           0  startup_tm4c123.o(RESET)
    __Vectors_Size                           0x0000026c   Number         0  startup_tm4c123.o ABSOLUTE
    __main                                   0x0000026d   Thumb Code     0  entry.o(.ARM.Collect$$$$00000000)
    _main_stk                                0x0000026d   Thumb Code     0  entry2.o(.ARM.Collect$$$$00000001)
    _main_scatterload                        0x00000271   Thumb Code     0  entry5.o(.ARM.Collect$$$$00000004)
    __main_after_scatterload                 0x00000275   Thumb Code     0  entry5.o(.ARM.Collect$$$$00000004)
    _main_clock                              0x00000275   Thumb Code     0  entry7b.o(.ARM.Collect$$$$00000008)
    _main_cpp_init                           0x00000275   Thumb Code     0  entry8b.o(.ARM.Collect$$$$0000000A)
    _main_init                               0x00000275   Thumb Code     0  entry9a.o(.ARM.Collect$$$$0000000B)
    __rt_final_cpp                           0x0000027d   Thumb Code     0  entry10a.o(.ARM.Collect$$$$0000000D)
    __rt_final_exit                          0x0000027d   Thumb Code     0  entry11a.o(.ARM.Collect$$$$0000000F)
    DisableInterrupts                        0x00000281   Thumb Code     4  main.o(.text)
    EnableInterrupts                         0x00000285   Thumb Code     4  main.o(.text)
    init_hardware                            0x00000289   Thumb Code    26  main.o(.text)
    main                                     0x000002a3   Thumb Code     8  main.o(.text)
    init_serial_debug                        0x000002ad   Thumb Code    90  serial_debug.o(.text)
    serial_debug_rx                          0x00000307   Thumb Code    46  serial_debug.o(.text)
    serial_debug_tx                          0x00000335   Thumb Code    84  serial_debug.o(.text)
    fputc                                    0x00000389   Thumb Code    66  serial_debug.o(.text)
    fgetc                                    0x000003cb   Thumb Code    50  serial_debug.o(.text)
    UART0_Handler                            0x000003fd   Thumb Code   136  serial_debug.o(.text)
    lcd_set_pos                              0x000004fb   Thumb Code    58  lcd.o(.text)
    lcd_clear_screen                         0x00000535   Thumb Code    52  lcd.o(.text)
    lcd_draw_image                           0x00000569   Thumb Code   242  lcd.o(.text)
    lcd_config_gpio                          0x0000065b   Thumb Code   152  lcd.o(.text)
    lcd_config_screen                        0x000006f3   Thumb Code   568  lcd.o(.text)
    io_expander_write_reg                    0x00000931   Thumb Code    70  io_expander.o(.text)
    io_expander_init                         0x00000977   Thumb Code   156  io_expander.o(.text)
    io_expander_read_reg                     0x00000a13   Thumb Code    94  io_expander.o(.text)
    gpio_get_irq_num                         0x00000ab5   Thumb Code    74  gpio_port.o(.text)
    gpio_enable_port                         0x00000aff   Thumb Code   156  gpio_port.o(.text)
    gpio_config_digital_enable               0x00000b9b   Thumb Code    34  gpio_port.o(.text)
    gpio_config_enable_output                0x00000bbd   Thumb Code    34  gpio_port.o(.text)
    gpio_config_enable_input                 0x00000bdf   Thumb Code    34  gpio_port.o(.text)
    gpio_config_enable_pullup                0x00000c01   Thumb Code    34  gpio_port.o(.text)
    gpio_config_enable_pulldown              0x00000c23   Thumb Code    34  gpio_port.o(.text)
    gpio_config_analog_enable                0x00000c45   Thumb Code    34  gpio_port.o(.text)
    gpio_config_alternate_function           0x00000c67   Thumb Code    34  gpio_port.o(.text)
    gpio_config_port_control                 0x00000c89   Thumb Code    44  gpio_port.o(.text)
    gpio_config_open_drain                   0x00000cb5   Thumb Code    34  gpio_port.o(.text)
    gpio_config_falling_edge_irq             0x00000cd7   Thumb Code     6  gpio_port.o(.text)
    initializeI2CMaster                      0x00000cfd   Thumb Code   160  i2c.o(.text)
    i2cVerifyBaseAddr                        0x00000d9d   Thumb Code    36  i2c.o(.text)
    i2cSetSlaveAddr                          0x00000dc1   Thumb Code    30  i2c.o(.text)
    i2cStop                                  0x00000ddf   Thumb Code    26  i2c.o(.text)
    I2CMasterBusy                            0x00000df9   Thumb Code    34  i2c.o(.text)
    I2CMasterAdrAck                          0x00000e1b   Thumb Code    34  i2c.o(.text)
    I2CMasterDatAck                          0x00000e3d   Thumb Code    34  i2c.o(.text)
    i2cSendByte                              0x00000e5f   Thumb Code    82  i2c.o(.text)
    i2cGetByte                               0x00000eb1   Thumb Code    60  i2c.o(.text)
    pc_buffer_init                           0x00000f05   Thumb Code    26  pc_buffer.o(.text)
    pc_buffer_add                            0x00000f1f   Thumb Code    30  pc_buffer.o(.text)
    pc_buffer_remove                         0x00000f3d   Thumb Code    32  pc_buffer.o(.text)
    pc_buffer_empty                          0x00000f5d   Thumb Code    18  pc_buffer.o(.text)
    pc_buffer_full                           0x00000f6f   Thumb Code    22  pc_buffer.o(.text)
    verify_uart_base                         0x00000f85   Thumb Code    54  uart.o(.text)
    uart_get_rcgc_mask                       0x00000fbb   Thumb Code    68  uart.o(.text)
    uart_get_pr_mask                         0x00000fff   Thumb Code    68  uart.o(.text)
    uart_get_irq_num                         0x00001043   Thumb Code    68  uart.o(.text)
    uart_tx_poll                             0x00001087   Thumb Code    38  uart.o(.text)
    uart_tx_poll_string                      0x000010ad   Thumb Code    50  uart.o(.text)
    uart_rx_poll                             0x000010df   Thumb Code    70  uart.o(.text)
    uart_init                                0x00001125   Thumb Code   210  uart.o(.text)
    Reset_Handler                            0x00001209   Thumb Code     8  startup_tm4c123.o(.text)
    NMI_Handler                              0x00001211   Thumb Code     2  startup_tm4c123.o(.text)
    HardFault_Handler                        0x00001213   Thumb Code     2  startup_tm4c123.o(.text)
    MemManage_Handler                        0x00001215   Thumb Code     2  startup_tm4c123.o(.text)
    BusFault_Handler                         0x00001217   Thumb Code     2  startup_tm4c123.o(.text)
    UsageFault_Handler                       0x00001219   Thumb Code     2  startup_tm4c123.o(.text)
    SVC_Handler                              0x0000121b   Thumb Code     2  startup_tm4c123.o(.text)
    DebugMon_Handler                         0x0000121d   Thumb Code     2  startup_tm4c123.o(.text)
    PendSV_Handler                           0x0000121f   Thumb Code     2  startup_tm4c123.o(.text)
    SysTick_Handler                          0x00001221   Thumb Code     2  startup_tm4c123.o(.text)
    GPIOA_Handler                            0x00001223   Thumb Code     2  startup_tm4c123.o(.text)
    GPIOB_Handler                            0x00001225   Thumb Code     2  startup_tm4c123.o(.text)
    GPIOC_Handler                            0x00001227   Thumb Code     2  startup_tm4c123.o(.text)
    GPIOD_Handler                            0x00001229   Thumb Code     2  startup_tm4c123.o(.text)
    GPIOE_Handler                            0x0000122b   Thumb Code     2  startup_tm4c123.o(.text)
    UART1_Handler                            0x0000122f   Thumb Code     2  startup_tm4c123.o(.text)
    SSI0_Handler                             0x00001231   Thumb Code     2  startup_tm4c123.o(.text)
    I2C0_Handler                             0x00001233   Thumb Code     2  startup_tm4c123.o(.text)
    PMW0_FAULT_Handler                       0x00001235   Thumb Code     2  startup_tm4c123.o(.text)
    PWM0_0_Handler                           0x00001237   Thumb Code     2  startup_tm4c123.o(.text)
    PWM0_1_Handler                           0x00001239   Thumb Code     2  startup_tm4c123.o(.text)
    PWM0_2_Handler                           0x0000123b   Thumb Code     2  startup_tm4c123.o(.text)
    QEI0_Handler                             0x0000123d   Thumb Code     2  startup_tm4c123.o(.text)
    ADC0SS0_Handler                          0x0000123f   Thumb Code     2  startup_tm4c123.o(.text)
    ADC0SS1_Handler                          0x00001241   Thumb Code     2  startup_tm4c123.o(.text)
    ADC0SS2_Handler                          0x00001243   Thumb Code     2  startup_tm4c123.o(.text)
    ADC0SS3_Handler                          0x00001245   Thumb Code     2  startup_tm4c123.o(.text)
    WDT0_Handler                             0x00001247   Thumb Code     2  startup_tm4c123.o(.text)
    TIMER0A_Handler                          0x00001249   Thumb Code     2  startup_tm4c123.o(.text)
    TIMER0B_Handler                          0x0000124b   Thumb Code     2  startup_tm4c123.o(.text)
    TIMER1A_Handler                          0x0000124d   Thumb Code     2  startup_tm4c123.o(.text)
    TIMER1B_Handler                          0x0000124f   Thumb Code     2  startup_tm4c123.o(.text)
    TIMER2A_Handler                          0x00001251   Thumb Code     2  startup_tm4c123.o(.text)
    TIMER2B_Handler                          0x00001253   Thumb Code     2  startup_tm4c123.o(.text)
    COMP0_Handler                            0x00001255   Thumb Code     2  startup_tm4c123.o(.text)
    COMP1_Handler                            0x00001257   Thumb Code     2  startup_tm4c123.o(.text)
    COMP2_Handler                            0x00001259   Thumb Code     2  startup_tm4c123.o(.text)
    SYSCTL_Handler                           0x0000125b   Thumb Code     2  startup_tm4c123.o(.text)
    FLASH_Handler                            0x0000125d   Thumb Code     2  startup_tm4c123.o(.text)
    GPIOF_Handler                            0x0000125f   Thumb Code     2  startup_tm4c123.o(.text)
    GPIOG_Handler                            0x00001261   Thumb Code     2  startup_tm4c123.o(.text)
    GPIOH_Handler                            0x00001263   Thumb Code     2  startup_tm4c123.o(.text)
    UART2_Handler                            0x00001265   Thumb Code     2  startup_tm4c123.o(.text)
    SSI1_Handler                             0x00001267   Thumb Code     2  startup_tm4c123.o(.text)
    TIMER3A_Handler                          0x00001269   Thumb Code     2  startup_tm4c123.o(.text)
    TIMER3B_Handler                          0x0000126b   Thumb Code     2  startup_tm4c123.o(.text)
    I2C1_Handler                             0x0000126d   Thumb Code     2  startup_tm4c123.o(.text)
    QEI1_Handler                             0x0000126f   Thumb Code     2  startup_tm4c123.o(.text)
    CAN0_Handler                             0x00001271   Thumb Code     2  startup_tm4c123.o(.text)
    CAN1_Handler                             0x00001273   Thumb Code     2  startup_tm4c123.o(.text)
    CAN2_Handler                             0x00001275   Thumb Code     2  startup_tm4c123.o(.text)
    HIB_Handler                              0x00001277   Thumb Code     2  startup_tm4c123.o(.text)
    USB0_Handler                             0x00001279   Thumb Code     2  startup_tm4c123.o(.text)
    PWM0_3_Handler                           0x0000127b   Thumb Code     2  startup_tm4c123.o(.text)
    UDMA_Handler                             0x0000127d   Thumb Code     2  startup_tm4c123.o(.text)
    UDMAERR_Handler                          0x0000127f   Thumb Code     2  startup_tm4c123.o(.text)
    ADC1SS0_Handler                          0x00001281   Thumb Code     2  startup_tm4c123.o(.text)
    ADC1SS1_Handler                          0x00001283   Thumb Code     2  startup_tm4c123.o(.text)
    ADC1SS2_Handler                          0x00001285   Thumb Code     2  startup_tm4c123.o(.text)
    ADC1SS3_Handler                          0x00001287   Thumb Code     2  startup_tm4c123.o(.text)
    GPIOJ_Handler                            0x00001289   Thumb Code     2  startup_tm4c123.o(.text)
    GPIOK_Handler                            0x0000128b   Thumb Code     2  startup_tm4c123.o(.text)
    GPIOL_Handler                            0x0000128d   Thumb Code     2  startup_tm4c123.o(.text)
    SSI2_Handler                             0x0000128f   Thumb Code     2  startup_tm4c123.o(.text)
    SSI3_Handler                             0x00001291   Thumb Code     2  startup_tm4c123.o(.text)
    UART3_Handler                            0x00001293   Thumb Code     2  startup_tm4c123.o(.text)
    UART4_Handler                            0x00001295   Thumb Code     2  startup_tm4c123.o(.text)
    UART5_Handler                            0x00001297   Thumb Code     2  startup_tm4c123.o(.text)
    UART6_Handler                            0x00001299   Thumb Code     2  startup_tm4c123.o(.text)
    UART7_Handler                            0x0000129b   Thumb Code     2  startup_tm4c123.o(.text)
    I2C2_Handler                             0x0000129d   Thumb Code     2  startup_tm4c123.o(.text)
    I2C3_Handler                             0x0000129f   Thumb Code     2  startup_tm4c123.o(.text)
    TIMER4A_Handler                          0x000012a1   Thumb Code     2  startup_tm4c123.o(.text)
    TIMER4B_Handler                          0x000012a3   Thumb Code     2  startup_tm4c123.o(.text)
    TIMER5A_Handler                          0x000012a5   Thumb Code     2  startup_tm4c123.o(.text)
    TIMER5B_Handler                          0x000012a7   Thumb Code     2  startup_tm4c123.o(.text)
    WTIMER0A_Handler                         0x000012a9   Thumb Code     2  startup_tm4c123.o(.text)
    WTIMER0B_Handler                         0x000012ab   Thumb Code     2  startup_tm4c123.o(.text)
    WTIMER1A_Handler                         0x000012ad   Thumb Code     2  startup_tm4c123.o(.text)
    WTIMER1B_Handler                         0x000012af   Thumb Code     2  startup_tm4c123.o(.text)
    WTIMER2A_Handler                         0x000012b1   Thumb Code     2  startup_tm4c123.o(.text)
    WTIMER2B_Handler                         0x000012b3   Thumb Code     2  startup_tm4c123.o(.text)
    WTIMER3A_Handler                         0x000012b5   Thumb Code     2  startup_tm4c123.o(.text)
    WTIMER3B_Handler                         0x000012b7   Thumb Code     2  startup_tm4c123.o(.text)
    WTIMER4A_Handler                         0x000012b9   Thumb Code     2  startup_tm4c123.o(.text)
    WTIMER4B_Handler                         0x000012bb   Thumb Code     2  startup_tm4c123.o(.text)
    WTIMER5A_Handler                         0x000012bd   Thumb Code     2  startup_tm4c123.o(.text)
    WTIMER5B_Handler                         0x000012bf   Thumb Code     2  startup_tm4c123.o(.text)
    FPU_Handler                              0x000012c1   Thumb Code     2  startup_tm4c123.o(.text)
    I2C4_Handler                             0x000012c3   Thumb Code     2  startup_tm4c123.o(.text)
    I2C5_Handler                             0x000012c5   Thumb Code     2  startup_tm4c123.o(.text)
    GPIOM_Handler                            0x000012c7   Thumb Code     2  startup_tm4c123.o(.text)
    GPION_Handler                            0x000012c9   Thumb Code     2  startup_tm4c123.o(.text)
    QEI2_Handler                             0x000012cb   Thumb Code     2  startup_tm4c123.o(.text)
    GPIOP0_Handler                           0x000012cd   Thumb Code     2  startup_tm4c123.o(.text)
    GPIOP1_Handler                           0x000012cf   Thumb Code     2  startup_tm4c123.o(.text)
    GPIOP2_Handler                           0x000012d1   Thumb Code     2  startup_tm4c123.o(.text)
    GPIOP3_Handler                           0x000012d3   Thumb Code     2  startup_tm4c123.o(.text)
    GPIOP4_Handler                           0x000012d5   Thumb Code     2  startup_tm4c123.o(.text)
    GPIOP5_Handler                           0x000012d7   Thumb Code     2  startup_tm4c123.o(.text)
    GPIOP6_Handler                           0x000012d9   Thumb Code     2  startup_tm4c123.o(.text)
    GPIOP7_Handler                           0x000012db   Thumb Code     2  startup_tm4c123.o(.text)
    GPIOQ0_Handler                           0x000012dd   Thumb Code     2  startup_tm4c123.o(.text)
    GPIOQ1_Handler                           0x000012df   Thumb Code     2  startup_tm4c123.o(.text)
    GPIOQ2_Handler                           0x000012e1   Thumb Code     2  startup_tm4c123.o(.text)
    GPIOQ3_Handler                           0x000012e3   Thumb Code     2  startup_tm4c123.o(.text)
    GPIOQ4_Handler                           0x000012e5   Thumb Code     2  startup_tm4c123.o(.text)
    GPIOQ5_Handler                           0x000012e7   Thumb Code     2  startup_tm4c123.o(.text)
    GPIOQ6_Handler                           0x000012e9   Thumb Code     2  startup_tm4c123.o(.text)
    GPIOQ7_Handler                           0x000012eb   Thumb Code     2  startup_tm4c123.o(.text)
    GPIOR_Handler                            0x000012ed   Thumb Code     2  startup_tm4c123.o(.text)
    GPIOS_Handler                            0x000012ef   Thumb Code     2  startup_tm4c123.o(.text)
    PMW1_0_Handler                           0x000012f1   Thumb Code     2  startup_tm4c123.o(.text)
    PWM1_1_Handler                           0x000012f3   Thumb Code     2  startup_tm4c123.o(.text)
    PWM1_2_Handler                           0x000012f5   Thumb Code     2  startup_tm4c123.o(.text)
    PWM1_3_Handler                           0x000012f7   Thumb Code     2  startup_tm4c123.o(.text)
    PWM1_FAULT_Handler                       0x000012f9   Thumb Code     2  startup_tm4c123.o(.text)
    SystemCoreClockUpdate                    0x000013bb   Thumb Code   184  system_tm4c123.o(.text)
    SystemInit                               0x00001473   Thumb Code   112  system_tm4c123.o(.text)
    __scatterload                            0x00001551   Thumb Code    28  init.o(.text)
    __scatterload_rt2                        0x00001551   Thumb Code     0  init.o(.text)
    __scatterload_copy                       0x00001575   Thumb Code    14  handlers.o(i.__scatterload_copy)
    __scatterload_null                       0x00001583   Thumb Code     2  handlers.o(i.__scatterload_null)
    __scatterload_zeroinit                   0x00001585   Thumb Code    14  handlers.o(i.__scatterload_zeroinit)
    lcd_write_data_u16                       0x00001595   Thumb Code    48  lcd.o(i.lcd_write_data_u16)
    malloc                                   0x000015d1   Thumb Code    92  malloc.o(i.malloc)
    Region$$Table$$Base                      0x0000163c   Number         0  anon$$obj.o(Region$$Table)
    Region$$Table$$Limit                     0x0000165c   Number         0  anon$$obj.o(Region$$Table)
    SystemCoreClock                          0x20000004   Data           4  system_tm4c123.o(.data)
    __stdout                                 0x20000008   Data           4  stdout.o(.data)
    __microlib_freelist                      0x2000000c   Data           4  mvars.o(.data)
    __microlib_freelist_initialised          0x20000010   Data           4  mvars.o(.data)
    UART0_Tx_Buffer                          0x20000014   Data          14  serial_debug.o(.bss)
    UART0_Rx_Buffer                          0x20000022   Data          14  serial_debug.o(.bss)
    __heap_base                              0x20000030   Data           0  startup_tm4c123.o(HEAP)
    __heap_limit                             0x20000030   Data           0  startup_tm4c123.o(HEAP)
    __initial_sp                             0x20000230   Data           0  startup_tm4c123.o(STACK)



==============================================================================

Memory Map of the image

  Image Entry point : 0x00001209

  Load Region LR_1 (Base: 0x00000000, Size: 0x00001670, Max: 0xffffffff, ABSOLUTE)

    Execution Region ER_RO (Exec base: 0x00000000, Load base: 0x00000000, Size: 0x0000165c, Max: 0xffffffff, ABSOLUTE)

    Exec Addr    Load Addr    Size         Type   Attr      Idx    E Section Name        Object

    0x00000000   0x00000000   0x0000026c   Data   RO          594    RESET               startup_tm4c123.o
    0x0000026c   0x0000026c   0x00000000   Code   RO          629  * .ARM.Collect$$$$00000000  mc_w.l(entry.o)
    0x0000026c   0x0000026c   0x00000004   Code   RO          661    .ARM.Collect$$$$00000001  mc_w.l(entry2.o)
    0x00000270   0x00000270   0x00000004   Code   RO          664    .ARM.Collect$$$$00000004  mc_w.l(entry5.o)
    0x00000274   0x00000274   0x00000000   Code   RO          666    .ARM.Collect$$$$00000008  mc_w.l(entry7b.o)
    0x00000274   0x00000274   0x00000000   Code   RO          668    .ARM.Collect$$$$0000000A  mc_w.l(entry8b.o)
    0x00000274   0x00000274   0x00000008   Code   RO          669    .ARM.Collect$$$$0000000B  mc_w.l(entry9a.o)
    0x0000027c   0x0000027c   0x00000000   Code   RO          671    .ARM.Collect$$$$0000000D  mc_w.l(entry10a.o)
    0x0000027c   0x0000027c   0x00000000   Code   RO          673    .ARM.Collect$$$$0000000F  mc_w.l(entry11a.o)
    0x0000027c   0x0000027c   0x00000004   Code   RO          662    .ARM.Collect$$$$00002712  mc_w.l(entry2.o)
    0x00000280   0x00000280   0x0000002a   Code   RO            4    .text               main.o
    0x000002aa   0x000002aa   0x00000002   PAD
    0x000002ac   0x000002ac   0x000001f0   Code   RO          111    .text               serial_debug.o
    0x0000049c   0x0000049c   0x00000494   Code   RO          274    .text               lcd.o
    0x00000930   0x00000930   0x00000144   Code   RO          398    .text               io_expander.o
    0x00000a74   0x00000a74   0x00000288   Code   RO          453    .text               gpio_port.o
    0x00000cfc   0x00000cfc   0x00000208   Code   RO          477    .text               i2c.o
    0x00000f04   0x00000f04   0x00000080   Code   RO          498    .text               pc_buffer.o
    0x00000f84   0x00000f84   0x00000284   Code   RO          567    .text               uart.o
    0x00001208   0x00001208   0x000000fc   Code   RO          595  * .text               startup_tm4c123.o
    0x00001304   0x00001304   0x0000024c   Code   RO          602    .text               system_tm4c123.o
    0x00001550   0x00001550   0x00000024   Code   RO          681    .text               mc_w.l(init.o)
    0x00001574   0x00001574   0x0000000e   Code   RO          685    i.__scatterload_copy  mc_w.l(handlers.o)
    0x00001582   0x00001582   0x00000002   Code   RO          686    i.__scatterload_null  mc_w.l(handlers.o)
    0x00001584   0x00001584   0x0000000e   Code   RO          687    i.__scatterload_zeroinit  mc_w.l(handlers.o)
    0x00001592   0x00001592   0x00000002   PAD
    0x00001594   0x00001594   0x0000003c   Code   RO          292    i.lcd_write_data_u16  lcd.o
    0x000015d0   0x000015d0   0x0000006c   Code   RO          634    i.malloc            mc_w.l(malloc.o)
    0x0000163c   0x0000163c   0x00000020   Data   RO          683    Region$$Table       anon$$obj.o


    Execution Region ER_RW (Exec base: 0x20000000, Load base: 0x0000165c, Size: 0x00000014, Max: 0xffffffff, ABSOLUTE)

    Exec Addr    Load Addr    Size         Type   Attr      Idx    E Section Name        Object

    0x20000000   0x0000165c   0x00000002   Data   RW          113    .data               serial_debug.o
    0x20000002   0x0000165e   0x00000002   PAD
    0x20000004   0x00001660   0x00000004   Data   RW          603    .data               system_tm4c123.o
    0x20000008   0x00001664   0x00000004   Data   RW          632    .data               mc_w.l(stdout.o)
    0x2000000c   0x00001668   0x00000004   Data   RW          679    .data               mc_w.l(mvars.o)
    0x20000010   0x0000166c   0x00000004   Data   RW          680    .data               mc_w.l(mvars.o)


    Execution Region ER_ZI (Exec base: 0x20000014, Load base: 0x00001670, Size: 0x0000021c, Max: 0xffffffff, ABSOLUTE)

    Exec Addr    Load Addr    Size         Type   Attr      Idx    E Section Name        Object

    0x20000014        -       0x0000001c   Zero   RW          112    .bss                serial_debug.o
    0x20000030        -       0x00000000   Zero   RW          593    HEAP                startup_tm4c123.o
    0x20000030        -       0x00000200   Zero   RW          592    STACK               startup_tm4c123.o


==============================================================================

Image component sizes


      Code (inc. data)   RO Data    RW Data    ZI Data      Debug   Object Name

       648         32          0          0          0       5086   gpio_port.o
       520         24          0          0          0       3605   i2c.o
       324          4          0          0          0       1290   io_expander.o
      1232         36          0          0          0       3709   lcd.o
        42          0          0          0          0      28588   main.o
       128          0          0          0          0       1859   pc_buffer.o
       496         24          0          2         28       5573   serial_debug.o
       252         10        620          0        512       5408   startup_tm4c123.o
       588        134          0          4          0       1485   system_tm4c123.o
       644         50          0          0          0      33583   uart.o

    ----------------------------------------------------------------------
      4876        314        652          8        540      90186   Object Totals
         0          0         32          0          0          0   (incl. Generated)
         2          0          0          2          0          0   (incl. Padding)

    ----------------------------------------------------------------------

      Code (inc. data)   RO Data    RW Data    ZI Data      Debug   Library Member Name

         0          0          0          0          0          0   entry.o
         0          0          0          0          0          0   entry10a.o
         0          0          0          0          0          0   entry11a.o
         8          4          0          0          0          0   entry2.o
         4          0          0          0          0          0   entry5.o
         0          0          0          0          0          0   entry7b.o
         0          0          0          0          0          0   entry8b.o
         8          4          0          0          0          0   entry9a.o
        30          0          0          0          0          0   handlers.o
        36          8          0          0          0         68   init.o
       108         16          0          0          0         84   malloc.o
         0          0          0          8          0          0   mvars.o
         0          0          0          4          0          0   stdout.o

    ----------------------------------------------------------------------
       196         32          0         12          0        152   Library Totals
         2          0          0          0          0          0   (incl. Padding)

    ----------------------------------------------------------------------

      Code (inc. data)   RO Data    RW Data    ZI Data      Debug   Library Name

       194         32          0         12          0        152   mc_w.l

    ----------------------------------------------------------------------
       196         32          0         12          0        152   Library Totals

    ----------------------------------------------------------------------

==============================================================================


      Code (inc. data)   RO Data    RW Data    ZI Data      Debug   

      5072        346        652         20        540      89242   Grand Totals
      5072        346        652         20        540      89242   ELF Image Totals
      5072        346        652         20          0          0   ROM Totals

==============================================================================

    Total RO  Size (Code + RO Data)                 5724 (   5.59kB)
    Total RW  Size (RW Data + ZI Data)               560 (   0.55kB)
    Total ROM Size (Code + RO Data + RW Data)       5744 (   5.61kB)

==============================================================================

